Project Information                          y:\sem4\lab2\fifolifogdf\fifo.rpt

MAX+plus II Compiler Report File
Version 9.01 07/30/98
Compiled: 02/27/22 09:32:40

Copyright (C) 1988-1998 Altera Corporation
Any megafunction design, and related net list (encrypted or decrypted),
support information, device programming or simulation file, and any other
associated documentation or information provided by Altera or a partner
under Altera's Megafunction Partnership Program may be used only to
program PLD devices (but not masked PLD devices) from Altera.  Any other
use of such megafunction design, net list, support information, device
programming or simulation file, or any other related documentation or
information is prohibited for any other purpose, including, but not
limited to modification, reverse engineering, de-compiling, or use with
any other silicon devices, unless such use is explicitly licensed under
a separate agreement with Altera or a megafunction partner.  Title to
the intellectual property, including patents, copyrights, trademarks,
trade secrets, or maskworks, embodied in any such megafunction design,
net list, support information, device programming or simulation file, or
any other related documentation or information provided by Altera or a
megafunction partner, remains with Altera, the megafunction partner, or
their respective licensors.  No other licenses, including any licenses
needed under any third party's intellectual property, are provided herein.



***** Project compilation was successful




** DEVICE SUMMARY **

Chip/                     Input Output Bidir  Memory  Memory  			 LCs
POF       Device          Pins  Pins   Pins   Bits % Utilized  LCs  % Utilized

fifo      EPF10K10LC84-3   11     10     0    0         0  %    132      22 %

User Pins:                 11     10     0  



Project Information                          y:\sem4\lab2\fifolifogdf\fifo.rpt

** FILE HIERARCHY **



|lpm_compare:12|
|lpm_compare:12|comptree:comparator|
|lpm_compare:12|comptree:comparator|cmpchain:cmp_end|
|lpm_compare:12|comptree:comparator|cmpchain:cmp_end|comptree:comp|
|lpm_compare:12|comptree:comparator|cmpchain:cmp_end|comptree:comp|cmpchain:cmp0|
|lpm_compare:12|comptree:comparator|cmpchain:cmp_end|comptree:comp|cmpchain:cmp_end|
|lpm_compare:12|comptree:comparator|cmpchain:cmp_end|comptree:comp|comptree:sub_comptree|
|lpm_compare:12|comptree:comparator|cmpchain:cmp_end|comptree:comp|comptree:sub_comptree|cmpchain:cmp_end|
|lpm_compare:12|altshift:aeb_ext_lat_ffs|
|lpm_compare:12|altshift:agb_ext_lat_ffs|
|lpm_counter:51|
|lpm_counter:51|f8count:p8c0|
|lpm_counter:13|
|lpm_counter:13|f8count:p8c0|
|rstr1:82|
|fiforeg:85|
|fiforeg:85|lpm_decode:94|
|fiforeg:85|lpm_decode:94|altshift:external_latency_ffs|
|fiforeg:85|lpm_decode:94|declut:decoder|
|fiforeg:85|lpm_mux:93|
|fiforeg:85|lpm_mux:93|bypassff:sel_latency_ff0|
|fiforeg:85|lpm_mux:93|altshift:external_latency_ffs|
|fiforeg:85|lpm_mux:93|muxlut:135|
|fiforeg:85|lpm_mux:93|muxlut:135|muxlut:43|
|fiforeg:85|lpm_mux:93|muxlut:135|muxlut:60|
|fiforeg:85|lpm_mux:93|muxlut:135|muxlut:77|
|fiforeg:85|lpm_mux:93|muxlut:156|
|fiforeg:85|lpm_mux:93|muxlut:156|muxlut:43|
|fiforeg:85|lpm_mux:93|muxlut:156|muxlut:60|
|fiforeg:85|lpm_mux:93|muxlut:156|muxlut:77|
|fiforeg:85|lpm_mux:93|muxlut:177|
|fiforeg:85|lpm_mux:93|muxlut:177|muxlut:43|
|fiforeg:85|lpm_mux:93|muxlut:177|muxlut:60|
|fiforeg:85|lpm_mux:93|muxlut:177|muxlut:77|
|fiforeg:85|lpm_mux:93|muxlut:198|
|fiforeg:85|lpm_mux:93|muxlut:198|muxlut:43|
|fiforeg:85|lpm_mux:93|muxlut:198|muxlut:60|
|fiforeg:85|lpm_mux:93|muxlut:198|muxlut:77|
|fiforeg:85|lpm_mux:93|muxlut:219|
|fiforeg:85|lpm_mux:93|muxlut:219|muxlut:43|
|fiforeg:85|lpm_mux:93|muxlut:219|muxlut:60|
|fiforeg:85|lpm_mux:93|muxlut:219|muxlut:77|
|fiforeg:85|lpm_mux:93|muxlut:240|
|fiforeg:85|lpm_mux:93|muxlut:240|muxlut:43|
|fiforeg:85|lpm_mux:93|muxlut:240|muxlut:60|
|fiforeg:85|lpm_mux:93|muxlut:240|muxlut:77|
|fiforeg:85|lpm_mux:93|muxlut:261|
|fiforeg:85|lpm_mux:93|muxlut:261|muxlut:43|
|fiforeg:85|lpm_mux:93|muxlut:261|muxlut:60|
|fiforeg:85|lpm_mux:93|muxlut:261|muxlut:77|
|fiforeg:85|lpm_mux:93|muxlut:282|
|fiforeg:85|lpm_mux:93|muxlut:282|muxlut:43|
|fiforeg:85|lpm_mux:93|muxlut:282|muxlut:60|
|fiforeg:85|lpm_mux:93|muxlut:282|muxlut:77|
|fiforeg:85|trig8:91|
|fiforeg:85|trig8:83|
|fiforeg:85|trig8:84|
|fiforeg:85|trig8:85|
|fiforeg:85|trig8:86|
|fiforeg:85|trig8:87|
|fiforeg:85|trig8:88|
|fiforeg:85|trig8:89|
|fiforeg:85|trig8:90|


Device-Specific Information:                 y:\sem4\lab2\fifolifogdf\fifo.rpt
fifo

***** Logic for device 'fifo' compiled without errors.




Device: EPF10K10LC84-3

FLEX 10K Configuration Scheme: Passive Serial

Device Options:
    User-Supplied Start-Up Clock               = OFF
    Auto-Restart Configuration on Frame Error  = OFF
    Release Clears Before Tri-States           = OFF
    Enable Chip_Wide Reset                     = OFF
    Enable Chip-Wide Output Enable             = OFF
    Enable INIT_DONE Output                    = OFF
    JTAG User Code                             = 7f

                                                                         ^     
                                                                         C     
                R  R  R  R  R  R  R     R           R     R  R  R  R     O     
                E  E  E  E  E  E  E     E           E     E  E  E  E     N     
                S  S  S  S  S  S  S  V  S           S  G  S  S  S  S     F     
                E  E  E  E  E  E  E  C  E           E  N  E  E  E  E     _  ^  
                R  R  R  R  R  R  R  C  R           R  D  R  R  R  R  #  D  n  
                V  V  V  V  V  V  V  I  V  D  D  D  V  I  V  V  V  V  T  O  C  
                E  E  E  E  E  E  E  N  E  I  I  I  E  N  E  E  E  E  C  N  E  
                D  D  D  D  D  D  D  T  D  2  7  1  D  T  D  D  D  D  K  E  O  
              -----------------------------------------------------------------_ 
            /  11 10  9  8  7  6  5  4  3  2  1 84 83 82 81 80 79 78 77 76 75   | 
    ^DATA0 | 12                                                              74 | #TDO 
     ^DCLK | 13                                                              73 | DI5 
      ^nCE | 14                                                              72 | DI3 
      #TDI | 15                                                              71 | WR 
  RESERVED | 16                                                              70 | D03 
      Full | 17                                                              69 | D05 
  RESERVED | 18                                                              68 | GNDINT 
     Empty | 19                                                              67 | DI4 
    VCCINT | 20                                                              66 | D04 
  RESERVED | 21                                                              65 | RESERVED 
  RESERVED | 22                        EPF10K10LC84-3                        64 | D00 
  RESERVED | 23                                                              63 | VCCINT 
       D01 | 24                                                              62 | DI6 
  RESERVED | 25                                                              61 | RESERVED 
    GNDINT | 26                                                              60 | D06 
  RESERVED | 27                                                              59 | RESERVED 
  RESERVED | 28                                                              58 | D07 
  RESERVED | 29                                                              57 | #TMS 
       D02 | 30                                                              56 | #nTRST 
    ^MSEL0 | 31                                                              55 | ^nSTATUS 
    ^MSEL1 | 32                                                              54 | RESERVED 
           |_  33 34 35 36 37 38 39 40 41 42 43 44 45 46 47 48 49 50 51 52 53  _| 
             ------------------------------------------------------------------ 
                V  ^  R  R  R  R  R  V  G  R  R  D  V  G  R  R  R  R  R  R  R  
                C  n  E  E  E  E  E  C  N  e  D  I  C  N  E  E  E  E  E  E  E  
                C  C  S  S  S  S  S  C  D  s     0  C  D  S  S  S  S  S  S  S  
                I  O  E  E  E  E  E  I  I  e        I  I  E  E  E  E  E  E  E  
                N  N  R  R  R  R  R  N  N  t        N  N  R  R  R  R  R  R  R  
                T  F  V  V  V  V  V  T  T           T  T  V  V  V  V  V  V  V  
                   I  E  E  E  E  E                       E  E  E  E  E  E  E  
                   G  D  D  D  D  D                       D  D  D  D  D  D  D  
                                                                               
                                                                               


N.C. = Not Connected.
VCCINT = Dedicated power pin, which MUST be connected to VCC (5.0 volts).
VCCIO = Dedicated power pin, which MUST be connected to VCC (5.0 volts).
GNDINT = Dedicated ground pin or unused dedicated input, which MUST be connected to GND.
GNDIO = Dedicated ground pin, which MUST be connected to GND.
RESERVED = Unused I/O pin, which MUST be left unconnected.

^ = Dedicated configuration pin.
+ = Reserved configuration pin, which is tri-stated during user mode.
* = Reserved configuration pin, which drives out in user mode.
PDn = Power Down pin. 
@ = Special-purpose pin. 
# = JTAG Boundary-Scan Testing/In-System Programming or Configuration Pin. The JTAG inputs (TMS, TCK, TDI) should be tied to VCC when not in use.
& = JTAG pin used for I/O. When used as user I/O, JTAG pins must be kept stable before and during configuration.  JTAG pin stability prevents accidental loading of JTAG instructions.


Device-Specific Information:                 y:\sem4\lab2\fifolifogdf\fifo.rpt
fifo

** RESOURCE USAGE **

Logic                Column       Row                                   
Array                Interconnect Interconnect         Clears/     External  
Block   Logic Cells  Driven       Driven       Clocks  Presets   Interconnect
A1       3/ 8( 37%)   3/ 8( 37%)   3/ 8( 37%)    0/2    0/2       4/22( 18%)   
A2       4/ 8( 50%)   0/ 8(  0%)   2/ 8( 25%)    0/2    0/2       8/22( 36%)   
A3       1/ 8( 12%)   1/ 8( 12%)   1/ 8( 12%)    0/2    0/2       4/22( 18%)   
A4       1/ 8( 12%)   1/ 8( 12%)   1/ 8( 12%)    0/2    0/2       4/22( 18%)   
A5       1/ 8( 12%)   1/ 8( 12%)   1/ 8( 12%)    0/2    0/2       4/22( 18%)   
A6       1/ 8( 12%)   1/ 8( 12%)   1/ 8( 12%)    0/2    0/2       4/22( 18%)   
A7       1/ 8( 12%)   1/ 8( 12%)   1/ 8( 12%)    0/2    0/2       4/22( 18%)   
A8       1/ 8( 12%)   0/ 8(  0%)   1/ 8( 12%)    0/2    0/2       2/22(  9%)   
A11      4/ 8( 50%)   0/ 8(  0%)   3/ 8( 37%)    1/2    1/2       2/22(  9%)   
A13      4/ 8( 50%)   0/ 8(  0%)   2/ 8( 25%)    1/2    0/2      10/22( 45%)   
A16      6/ 8( 75%)   0/ 8(  0%)   2/ 8( 25%)    2/2    0/2       5/22( 22%)   
A17      6/ 8( 75%)   0/ 8(  0%)   2/ 8( 25%)    2/2    0/2       6/22( 27%)   
A18      6/ 8( 75%)   0/ 8(  0%)   2/ 8( 25%)    2/2    0/2       6/22( 27%)   
A19      6/ 8( 75%)   0/ 8(  0%)   2/ 8( 25%)    2/2    0/2       5/22( 22%)   
B3       2/ 8( 25%)   0/ 8(  0%)   2/ 8( 25%)    2/2    0/2       3/22( 13%)   
B4       1/ 8( 12%)   0/ 8(  0%)   1/ 8( 12%)    1/2    0/2       2/22(  9%)   
B5       5/ 8( 62%)   0/ 8(  0%)   1/ 8( 12%)    2/2    0/2       8/22( 36%)   
B11      4/ 8( 50%)   0/ 8(  0%)   1/ 8( 12%)    2/2    0/2       9/22( 40%)   
B12      2/ 8( 25%)   0/ 8(  0%)   2/ 8( 25%)    2/2    0/2       3/22( 13%)   
B14      4/ 8( 50%)   0/ 8(  0%)   2/ 8( 25%)    1/2    0/2      10/22( 45%)   
B20      6/ 8( 75%)   0/ 8(  0%)   2/ 8( 25%)    2/2    0/2       5/22( 22%)   
B21      6/ 8( 75%)   0/ 8(  0%)   2/ 8( 25%)    2/2    0/2       6/22( 27%)   
B22      6/ 8( 75%)   0/ 8(  0%)   2/ 8( 25%)    2/2    0/2       6/22( 27%)   
B23      6/ 8( 75%)   0/ 8(  0%)   2/ 8( 25%)    2/2    0/2       5/22( 22%)   
C4       3/ 8( 37%)   0/ 8(  0%)   1/ 8( 12%)    2/2    0/2       4/22( 18%)   
C5       3/ 8( 37%)   0/ 8(  0%)   1/ 8( 12%)    2/2    0/2       4/22( 18%)   
C6       1/ 8( 12%)   0/ 8(  0%)   1/ 8( 12%)    1/2    0/2       2/22(  9%)   
C7       3/ 8( 37%)   0/ 8(  0%)   1/ 8( 12%)    2/2    0/2       5/22( 22%)   
C8       1/ 8( 12%)   1/ 8( 12%)   1/ 8( 12%)    1/2    1/2       2/22(  9%)   
C9       1/ 8( 12%)   1/ 8( 12%)   1/ 8( 12%)    1/2    1/2       0/22(  0%)   
C10      1/ 8( 12%)   1/ 8( 12%)   1/ 8( 12%)    1/2    1/2       1/22(  4%)   
C12      4/ 8( 50%)   0/ 8(  0%)   1/ 8( 12%)    2/2    0/2       9/22( 40%)   
C15      4/ 8( 50%)   0/ 8(  0%)   2/ 8( 25%)    1/2    0/2      10/22( 45%)   
C16      6/ 8( 75%)   0/ 8(  0%)   2/ 8( 25%)    2/2    0/2       6/22( 27%)   
C17      6/ 8( 75%)   0/ 8(  0%)   2/ 8( 25%)    2/2    0/2       6/22( 27%)   
C18      6/ 8( 75%)   0/ 8(  0%)   2/ 8( 25%)    2/2    0/2       5/22( 22%)   
C24      6/ 8( 75%)   0/ 8(  0%)   2/ 8( 25%)    2/2    0/2       5/22( 22%)   


Embedded             Column       Row                                   
Array     Embedded   Interconnect Interconnect         Read/      External  
Block     Cells      Driven       Driven       Clocks  Write    Interconnect


Total dedicated input pins used:                 6/6      (100%)
Total I/O pins used:                            15/53     ( 28%)
Total logic cells used:                        132/576    ( 22%)
Total embedded cells used:                       0/24     (  0%)
Total EABs used:                                 0/3      (  0%)
Average fan-in:                                 2.29/4    ( 57%)
Total fan-in:                                 303/2304    ( 13%)

Total input pins required:                      11
Total input I/O cell registers required:         0
Total output pins required:                     10
Total output I/O cell registers required:        0
Total buried I/O cell registers required:        0
Total bidirectional pins required:               0
Total reserved pins required                     0
Total logic cells required:                    132
Total flipflops required:                       78
Total packed registers required:                 0
Total logic cells in carry chains:               0
Total number of carry chains:                    0
Total logic cells in cascade chains:             0
Total number of cascade chains:                  0
Total single-pin Clock Enables required:         0
Total single-pin Output Enables required:        0

Synthesized logic cells:                        17/ 576   (  2%)

Logic Cell and Embedded Cell Counts

Column:  01  02  03  04  05  06  07  08  09  10  11  12  EA  13  14  15  16  17  18  19  20  21  22  23  24  Total(LC/EC)
 A:      3   4   1   1   1   1   1   1   0   0   4   0   0   4   0   0   6   6   6   6   0   0   0   0   0     45/0  
 B:      0   0   2   1   5   0   0   0   0   0   4   2   0   0   4   0   0   0   0   0   6   6   6   6   0     42/0  
 C:      0   0   0   3   3   1   3   1   1   1   0   4   0   0   0   4   6   6   6   0   0   0   0   0   6     45/0  

Total:   3   4   3   5   9   2   4   2   1   1   8   6   0   4   4   4  12  12  12   6   6   6   6   6   6    132/0  



Device-Specific Information:                 y:\sem4\lab2\fifolifogdf\fifo.rpt
fifo

** INPUTS **

                                                    Fan-In    Fan-Out
 Pin     LC     EC   Row  Col  Primitive    Code      INP  FBK  OUT  FBK  Name
  44      -     -    -    --      INPUT                0    0    0    8  DI0
  84      -     -    -    --      INPUT                0    0    0    8  DI1
   2      -     -    -    --      INPUT                0    0    0    8  DI2
  72      -     -    A    --      INPUT                0    0    0    8  DI3
  67      -     -    B    --      INPUT                0    0    0    8  DI4
  73      -     -    A    --      INPUT                0    0    0    8  DI5
  62      -     -    C    --      INPUT                0    0    0    8  DI6
   1      -     -    -    --      INPUT                0    0    0    8  DI7
  43      -     -    -    --      INPUT  G             0    0    0    3  RD
  42      -     -    -    --      INPUT  G             0    0    0    0  Reset
  71      -     -    A    --      INPUT                0    0    0    3  WR


Code:

s = Synthesized pin or logic cell
+ = Synchronous flipflop
/ = Slow slew-rate output
! = NOT gate push-back
r = Fitter-inserted logic cell
@ = Uses single-pin Clock Enable
& = Uses single-pin Output Enable
G = Global Source. Fan-out destinations counted here do not include destinations
that are driven using global routing resources. Refer to the Auto Global Signals,
Clock Signals, Clear Signals, Synchronous Load Signals, and Synchronous Clear Signals
Sections of this Report File for information on which signals' fan-outs are used as
Clock, Clear, Preset, Output Enable, and synchronous Load signals.


Device-Specific Information:                 y:\sem4\lab2\fifolifogdf\fifo.rpt
fifo

** OUTPUTS **

       Fed By Fed By                                Fan-In    Fan-Out
 Pin     LC     EC   Row  Col  Primitive    Code      INP  FBK  OUT  FBK  Name
  64      -     -    B    --     OUTPUT                0    1    0    0  D00
  24      -     -    B    --     OUTPUT                0    1    0    0  D01
  30      -     -    C    --     OUTPUT                0    1    0    0  D02
  70      -     -    A    --     OUTPUT                0    1    0    0  D03
  66      -     -    B    --     OUTPUT                0    1    0    0  D04
  69      -     -    A    --     OUTPUT                0    1    0    0  D05
  60      -     -    C    --     OUTPUT                0    1    0    0  D06
  58      -     -    C    --     OUTPUT                0    1    0    0  D07
  19      -     -    A    --     OUTPUT                0    1    0    0  Empty
  17      -     -    A    --     OUTPUT                0    1    0    0  Full


Code:

s = Synthesized pin or logic cell
+ = Synchronous flipflop
/ = Slow slew-rate output
! = NOT gate push-back
r = Fitter-inserted logic cell
@ = Uses single-pin Clock Enable
& = Uses single-pin Output Enable


Device-Specific Information:                 y:\sem4\lab2\fifolifogdf\fifo.rpt
fifo

** BURIED LOGIC **

                                                    Fan-In    Fan-Out
 IOC     LC     EC   Row  Col  Primitive    Code      INP  FBK  OUT  FBK  Name
   -      8     -    A    03       AND2                0    4    0    8  |fiforeg:85|LPM_DECODE:94|declut:decoder|anode0_3
   -      4     -    A    06       AND2                0    4    0    8  |fiforeg:85|LPM_DECODE:94|declut:decoder|anode1_3
   -      5     -    A    04       AND2                0    4    0    8  |fiforeg:85|LPM_DECODE:94|declut:decoder|anode2_3
   -      5     -    A    01       AND2                0    4    0    8  |fiforeg:85|LPM_DECODE:94|declut:decoder|anode3_3
   -      1     -    A    05       AND2                0    4    0    8  |fiforeg:85|LPM_DECODE:94|declut:decoder|anode4_3
   -      2     -    A    01       AND2                0    4    0    8  |fiforeg:85|LPM_DECODE:94|declut:decoder|anode5_3
   -      3     -    A    01       AND2                0    4    0    8  |fiforeg:85|LPM_DECODE:94|declut:decoder|anode6_3
   -      1     -    A    07       AND2                0    4    0    8  |fiforeg:85|LPM_DECODE:94|declut:decoder|anode7_3
   -      2     -    B    20        OR2    s           0    3    0    1  |fiforeg:85|LPM_MUX:93|muxlut:135|muxlut:43|~44~1
   -      2     -    B    23        OR2    s           0    3    0    1  |fiforeg:85|LPM_MUX:93|muxlut:135|muxlut:43|~49~1
   -      2     -    B    22        OR2                0    4    0    1  |fiforeg:85|LPM_MUX:93|muxlut:135|muxlut:60|:44
   -      2     -    B    21        OR2                0    4    0    1  |fiforeg:85|LPM_MUX:93|muxlut:135|muxlut:60|:49
   -      1     -    B    14        OR2                0    4    0    1  |fiforeg:85|LPM_MUX:93|muxlut:135|muxlut:77|:37
   -      2     -    B    05        OR2    s           0    3    0    1  |fiforeg:85|LPM_MUX:93|muxlut:156|muxlut:43|~44~1
   -      5     -    B    05        OR2    s           0    3    0    1  |fiforeg:85|LPM_MUX:93|muxlut:156|muxlut:43|~49~1
   -      3     -    B    11        OR2                0    4    0    1  |fiforeg:85|LPM_MUX:93|muxlut:156|muxlut:60|:44
   -      2     -    B    11        OR2                0    4    0    1  |fiforeg:85|LPM_MUX:93|muxlut:156|muxlut:60|:49
   -      1     -    B    05        OR2                0    4    0    1  |fiforeg:85|LPM_MUX:93|muxlut:156|muxlut:77|:37
   -      1     -    C    04        OR2    s           0    3    0    1  |fiforeg:85|LPM_MUX:93|muxlut:177|muxlut:43|~44~1
   -      1     -    C    05        OR2    s           0    3    0    1  |fiforeg:85|LPM_MUX:93|muxlut:177|muxlut:43|~49~1
   -      2     -    C    12        OR2                0    4    0    1  |fiforeg:85|LPM_MUX:93|muxlut:177|muxlut:60|:44
   -      7     -    C    07        OR2                0    4    0    1  |fiforeg:85|LPM_MUX:93|muxlut:177|muxlut:60|:49
   -      3     -    C    12        OR2                0    4    0    1  |fiforeg:85|LPM_MUX:93|muxlut:177|muxlut:77|:37
   -      2     -    A    16        OR2    s           0    3    0    1  |fiforeg:85|LPM_MUX:93|muxlut:198|muxlut:43|~44~1
   -      2     -    A    19        OR2    s           0    3    0    1  |fiforeg:85|LPM_MUX:93|muxlut:198|muxlut:43|~49~1
   -      2     -    A    18        OR2                0    4    0    1  |fiforeg:85|LPM_MUX:93|muxlut:198|muxlut:60|:44
   -      2     -    A    17        OR2                0    4    0    1  |fiforeg:85|LPM_MUX:93|muxlut:198|muxlut:60|:49
   -      1     -    A    13        OR2                0    4    0    1  |fiforeg:85|LPM_MUX:93|muxlut:198|muxlut:77|:37
   -      1     -    B    20        OR2    s           0    3    0    1  |fiforeg:85|LPM_MUX:93|muxlut:219|muxlut:43|~44~1
   -      1     -    B    23        OR2    s           0    3    0    1  |fiforeg:85|LPM_MUX:93|muxlut:219|muxlut:43|~49~1
   -      1     -    B    22        OR2                0    4    0    1  |fiforeg:85|LPM_MUX:93|muxlut:219|muxlut:60|:44
   -      1     -    B    21        OR2                0    4    0    1  |fiforeg:85|LPM_MUX:93|muxlut:219|muxlut:60|:49
   -      3     -    B    14        OR2                0    4    0    1  |fiforeg:85|LPM_MUX:93|muxlut:219|muxlut:77|:37
   -      1     -    A    16        OR2    s           0    3    0    1  |fiforeg:85|LPM_MUX:93|muxlut:240|muxlut:43|~44~1
   -      4     -    A    19        OR2    s           0    3    0    1  |fiforeg:85|LPM_MUX:93|muxlut:240|muxlut:43|~49~1
   -      1     -    A    18        OR2                0    4    0    1  |fiforeg:85|LPM_MUX:93|muxlut:240|muxlut:60|:44
   -      1     -    A    17        OR2                0    4    0    1  |fiforeg:85|LPM_MUX:93|muxlut:240|muxlut:60|:49
   -      2     -    A    13        OR2                0    4    0    1  |fiforeg:85|LPM_MUX:93|muxlut:240|muxlut:77|:37
   -      1     -    C    24        OR2    s           0    3    0    1  |fiforeg:85|LPM_MUX:93|muxlut:261|muxlut:43|~44~1
   -      4     -    C    18        OR2    s           0    3    0    1  |fiforeg:85|LPM_MUX:93|muxlut:261|muxlut:43|~49~1
   -      1     -    C    17        OR2                0    4    0    1  |fiforeg:85|LPM_MUX:93|muxlut:261|muxlut:60|:44
   -      1     -    C    16        OR2                0    4    0    1  |fiforeg:85|LPM_MUX:93|muxlut:261|muxlut:60|:49
   -      1     -    C    15        OR2                0    4    0    1  |fiforeg:85|LPM_MUX:93|muxlut:261|muxlut:77|:37
   -      2     -    C    24        OR2    s           0    3    0    1  |fiforeg:85|LPM_MUX:93|muxlut:282|muxlut:43|~44~1
   -      1     -    C    18        OR2    s           0    3    0    1  |fiforeg:85|LPM_MUX:93|muxlut:282|muxlut:43|~49~1
   -      3     -    C    17        OR2                0    4    0    1  |fiforeg:85|LPM_MUX:93|muxlut:282|muxlut:60|:44
   -      2     -    C    16        OR2                0    4    0    1  |fiforeg:85|LPM_MUX:93|muxlut:282|muxlut:60|:49
   -      2     -    C    15        OR2                0    4    0    1  |fiforeg:85|LPM_MUX:93|muxlut:282|muxlut:77|:37
   -      6     -    B    23       DFFE                1    1    0    1  |fiforeg:85|trig8:83|Q0 (|fiforeg:85|trig8:83|:12)
   -      1     -    B    03       DFFE                1    1    0    1  |fiforeg:85|trig8:83|Q1 (|fiforeg:85|trig8:83|:15)
   -      2     -    C    05       DFFE                1    1    0    1  |fiforeg:85|trig8:83|Q2 (|fiforeg:85|trig8:83|:16)
   -      3     -    A    19       DFFE                1    1    0    1  |fiforeg:85|trig8:83|Q3 (|fiforeg:85|trig8:83|:17)
   -      3     -    B    23       DFFE                1    1    0    1  |fiforeg:85|trig8:83|Q4 (|fiforeg:85|trig8:83|:18)
   -      1     -    A    19       DFFE                1    1    0    1  |fiforeg:85|trig8:83|Q5 (|fiforeg:85|trig8:83|:19)
   -      3     -    C    18       DFFE                1    1    0    1  |fiforeg:85|trig8:83|Q6 (|fiforeg:85|trig8:83|:20)
   -      2     -    C    18       DFFE                1    1    0    1  |fiforeg:85|trig8:83|Q7 (|fiforeg:85|trig8:83|:21)
   -      6     -    B    14       DFFE   +            0    4    1    0  |fiforeg:85|trig8:84|Q0 (|fiforeg:85|trig8:84|:12)
   -      6     -    B    11       DFFE   +            0    4    1    0  |fiforeg:85|trig8:84|Q1 (|fiforeg:85|trig8:84|:15)
   -      6     -    C    12       DFFE   +            0    4    1    0  |fiforeg:85|trig8:84|Q2 (|fiforeg:85|trig8:84|:16)
   -      5     -    A    13       DFFE   +            0    4    1    0  |fiforeg:85|trig8:84|Q3 (|fiforeg:85|trig8:84|:17)
   -      2     -    B    14       DFFE   +            0    4    1    0  |fiforeg:85|trig8:84|Q4 (|fiforeg:85|trig8:84|:18)
   -      8     -    A    13       DFFE   +            0    4    1    0  |fiforeg:85|trig8:84|Q5 (|fiforeg:85|trig8:84|:19)
   -      4     -    C    15       DFFE   +            0    4    1    0  |fiforeg:85|trig8:84|Q6 (|fiforeg:85|trig8:84|:20)
   -      7     -    C    15       DFFE   +            0    4    1    0  |fiforeg:85|trig8:84|Q7 (|fiforeg:85|trig8:84|:21)
   -      5     -    B    23       DFFE                1    1    0    1  |fiforeg:85|trig8:85|Q0 (|fiforeg:85|trig8:85|:12)
   -      3     -    B    05       DFFE                1    1    0    1  |fiforeg:85|trig8:85|Q1 (|fiforeg:85|trig8:85|:15)
   -      3     -    C    05       DFFE                1    1    0    1  |fiforeg:85|trig8:85|Q2 (|fiforeg:85|trig8:85|:16)
   -      6     -    A    19       DFFE                1    1    0    1  |fiforeg:85|trig8:85|Q3 (|fiforeg:85|trig8:85|:17)
   -      4     -    B    23       DFFE                1    1    0    1  |fiforeg:85|trig8:85|Q4 (|fiforeg:85|trig8:85|:18)
   -      5     -    A    19       DFFE                1    1    0    1  |fiforeg:85|trig8:85|Q5 (|fiforeg:85|trig8:85|:19)
   -      6     -    C    18       DFFE                1    1    0    1  |fiforeg:85|trig8:85|Q6 (|fiforeg:85|trig8:85|:20)
   -      5     -    C    18       DFFE                1    1    0    1  |fiforeg:85|trig8:85|Q7 (|fiforeg:85|trig8:85|:21)
   -      3     -    B    20       DFFE                1    1    0    1  |fiforeg:85|trig8:86|Q0 (|fiforeg:85|trig8:86|:12)
   -      4     -    B    05       DFFE                1    1    0    1  |fiforeg:85|trig8:86|Q1 (|fiforeg:85|trig8:86|:15)
   -      2     -    C    04       DFFE                1    1    0    1  |fiforeg:85|trig8:86|Q2 (|fiforeg:85|trig8:86|:16)
   -      3     -    A    16       DFFE                1    1    0    1  |fiforeg:85|trig8:86|Q3 (|fiforeg:85|trig8:86|:17)
   -      6     -    B    20       DFFE                1    1    0    1  |fiforeg:85|trig8:86|Q4 (|fiforeg:85|trig8:86|:18)
   -      6     -    A    16       DFFE                1    1    0    1  |fiforeg:85|trig8:86|Q5 (|fiforeg:85|trig8:86|:19)
   -      6     -    C    24       DFFE                1    1    0    1  |fiforeg:85|trig8:86|Q6 (|fiforeg:85|trig8:86|:20)
   -      5     -    C    24       DFFE                1    1    0    1  |fiforeg:85|trig8:86|Q7 (|fiforeg:85|trig8:86|:21)
   -      5     -    B    20       DFFE                1    1    0    1  |fiforeg:85|trig8:87|Q0 (|fiforeg:85|trig8:87|:12)
   -      2     -    B    12       DFFE                1    1    0    1  |fiforeg:85|trig8:87|Q1 (|fiforeg:85|trig8:87|:15)
   -      3     -    C    04       DFFE                1    1    0    1  |fiforeg:85|trig8:87|Q2 (|fiforeg:85|trig8:87|:16)
   -      5     -    A    16       DFFE                1    1    0    1  |fiforeg:85|trig8:87|Q3 (|fiforeg:85|trig8:87|:17)
   -      4     -    B    20       DFFE                1    1    0    1  |fiforeg:85|trig8:87|Q4 (|fiforeg:85|trig8:87|:18)
   -      4     -    A    16       DFFE                1    1    0    1  |fiforeg:85|trig8:87|Q5 (|fiforeg:85|trig8:87|:19)
   -      4     -    C    24       DFFE                1    1    0    1  |fiforeg:85|trig8:87|Q6 (|fiforeg:85|trig8:87|:20)
   -      3     -    C    24       DFFE                1    1    0    1  |fiforeg:85|trig8:87|Q7 (|fiforeg:85|trig8:87|:21)
   -      6     -    B    21       DFFE                1    1    0    1  |fiforeg:85|trig8:88|Q0 (|fiforeg:85|trig8:88|:12)
   -      1     -    B    12       DFFE                1    1    0    1  |fiforeg:85|trig8:88|Q1 (|fiforeg:85|trig8:88|:15)
   -      2     -    C    07       DFFE                1    1    0    1  |fiforeg:85|trig8:88|Q2 (|fiforeg:85|trig8:88|:16)
   -      6     -    A    17       DFFE                1    1    0    1  |fiforeg:85|trig8:88|Q3 (|fiforeg:85|trig8:88|:17)
   -      5     -    B    21       DFFE                1    1    0    1  |fiforeg:85|trig8:88|Q4 (|fiforeg:85|trig8:88|:18)
   -      5     -    A    17       DFFE                1    1    0    1  |fiforeg:85|trig8:88|Q5 (|fiforeg:85|trig8:88|:19)
   -      6     -    C    16       DFFE                1    1    0    1  |fiforeg:85|trig8:88|Q6 (|fiforeg:85|trig8:88|:20)
   -      5     -    C    16       DFFE                1    1    0    1  |fiforeg:85|trig8:88|Q7 (|fiforeg:85|trig8:88|:21)
   -      3     -    B    21       DFFE                1    1    0    1  |fiforeg:85|trig8:89|Q0 (|fiforeg:85|trig8:89|:12)
   -      1     -    B    11       DFFE                1    1    0    1  |fiforeg:85|trig8:89|Q1 (|fiforeg:85|trig8:89|:15)
   -      1     -    C    07       DFFE                1    1    0    1  |fiforeg:85|trig8:89|Q2 (|fiforeg:85|trig8:89|:16)
   -      3     -    A    17       DFFE                1    1    0    1  |fiforeg:85|trig8:89|Q3 (|fiforeg:85|trig8:89|:17)
   -      4     -    B    21       DFFE                1    1    0    1  |fiforeg:85|trig8:89|Q4 (|fiforeg:85|trig8:89|:18)
   -      4     -    A    17       DFFE                1    1    0    1  |fiforeg:85|trig8:89|Q5 (|fiforeg:85|trig8:89|:19)
   -      3     -    C    16       DFFE                1    1    0    1  |fiforeg:85|trig8:89|Q6 (|fiforeg:85|trig8:89|:20)
   -      4     -    C    16       DFFE                1    1    0    1  |fiforeg:85|trig8:89|Q7 (|fiforeg:85|trig8:89|:21)
   -      5     -    B    22       DFFE                1    1    0    1  |fiforeg:85|trig8:90|Q0 (|fiforeg:85|trig8:90|:12)
   -      1     -    B    04       DFFE                1    1    0    1  |fiforeg:85|trig8:90|Q1 (|fiforeg:85|trig8:90|:15)
   -      1     -    C    12       DFFE                1    1    0    1  |fiforeg:85|trig8:90|Q2 (|fiforeg:85|trig8:90|:16)
   -      3     -    A    18       DFFE                1    1    0    1  |fiforeg:85|trig8:90|Q3 (|fiforeg:85|trig8:90|:17)
   -      3     -    B    22       DFFE                1    1    0    1  |fiforeg:85|trig8:90|Q4 (|fiforeg:85|trig8:90|:18)
   -      4     -    A    18       DFFE                1    1    0    1  |fiforeg:85|trig8:90|Q5 (|fiforeg:85|trig8:90|:19)
   -      2     -    C    17       DFFE                1    1    0    1  |fiforeg:85|trig8:90|Q6 (|fiforeg:85|trig8:90|:20)
   -      4     -    C    17       DFFE                1    1    0    1  |fiforeg:85|trig8:90|Q7 (|fiforeg:85|trig8:90|:21)
   -      4     -    B    22       DFFE                1    1    0    1  |fiforeg:85|trig8:91|Q0 (|fiforeg:85|trig8:91|:12)
   -      2     -    B    03       DFFE                1    1    0    1  |fiforeg:85|trig8:91|Q1 (|fiforeg:85|trig8:91|:15)
   -      1     -    C    06       DFFE                1    1    0    1  |fiforeg:85|trig8:91|Q2 (|fiforeg:85|trig8:91|:16)
   -      5     -    A    18       DFFE                1    1    0    1  |fiforeg:85|trig8:91|Q3 (|fiforeg:85|trig8:91|:17)
   -      6     -    B    22       DFFE                1    1    0    1  |fiforeg:85|trig8:91|Q4 (|fiforeg:85|trig8:91|:18)
   -      6     -    A    18       DFFE                1    1    0    1  |fiforeg:85|trig8:91|Q5 (|fiforeg:85|trig8:91|:19)
   -      6     -    C    17       DFFE                1    1    0    1  |fiforeg:85|trig8:91|Q6 (|fiforeg:85|trig8:91|:20)
   -      5     -    C    17       DFFE                1    1    0    1  |fiforeg:85|trig8:91|Q7 (|fiforeg:85|trig8:91|:21)
   -      1     -    A    08      LCELL                2    0    0    8  |fiforeg:85|:110
   -      3     -    A    02        OR2    s           0    4    0    2  |LPM_COMPARE:12|comptree:comparator|cmpchain:cmp_end|comptree:comp|comptree:sub_comptree|cmpchain:cmp_end|~39~1
   -      2     -    A    11       DFFE                0    3    0    9  |LPM_COUNTER:13|f8count:p8c0|QC (|LPM_COUNTER:13|f8count:p8c0|:6)
   -      4     -    A    11       DFFE                0    2    0   10  |LPM_COUNTER:13|f8count:p8c0|QB (|LPM_COUNTER:13|f8count:p8c0|:7)
   -      1     -    A    11       DFFE                0    1    0   12  |LPM_COUNTER:13|f8count:p8c0|QA (|LPM_COUNTER:13|f8count:p8c0|:8)
   -      2     -    C    08       DFFE   +            0    2    0   17  |LPM_COUNTER:51|f8count:p8c0|QC (|LPM_COUNTER:51|f8count:p8c0|:6)
   -      1     -    C    10       DFFE   +            0    1    0   26  |LPM_COUNTER:51|f8count:p8c0|QB (|LPM_COUNTER:51|f8count:p8c0|:7)
   -      1     -    C    09       DFFE   +            0    0    0   36  |LPM_COUNTER:51|f8count:p8c0|QA (|LPM_COUNTER:51|f8count:p8c0|:8)
   -      1     -    A    02        OR2                2    0    0    2  |RSTR1:82|:64
   -      2     -    A    02        OR2                0    4    1    0  :8
   -      6     -    A    02        OR2                0    4    1    0  :9
   -      3     -    A    11       AND2                2    0    0    3  :79


Code:

s = Synthesized pin or logic cell
+ = Synchronous flipflop
/ = Slow slew-rate output
! = NOT gate push-back
r = Fitter-inserted logic cell
p = Packed register


Device-Specific Information:                 y:\sem4\lab2\fifolifogdf\fifo.rpt
fifo

** FASTTRACK INTERCONNECT UTILIZATION **

Row FastTrack Interconnect:

          Global         Left Half-      Right Half-
         FastTrack       FastTrack       FastTrack 
Row     Interconnect    Interconnect    Interconnect    Input Pins     Output Pins     Bidir Pins
A:      14/ 96( 14%)     6/ 48( 12%)    10/ 48( 20%)    3/16( 18%)      4/16( 25%)     0/16(  0%)
B:      12/ 96( 12%)     7/ 48( 14%)    10/ 48( 20%)    1/16(  6%)      3/16( 18%)     0/16(  0%)
C:      12/ 96( 12%)     5/ 48( 10%)    10/ 48( 20%)    1/16(  6%)      3/16( 18%)     0/16(  0%)


Column FastTrack Interconnect:

         FastTrack                                 
Column  Interconnect    Input Pins     Output Pins     Bidir Pins
01:      2/24(  8%)     0/4(  0%)      0/4(  0%)       0/4(  0%)
02:      1/24(  4%)     0/4(  0%)      0/4(  0%)       0/4(  0%)
03:      1/24(  4%)     0/4(  0%)      0/4(  0%)       0/4(  0%)
04:      1/24(  4%)     0/4(  0%)      0/4(  0%)       0/4(  0%)
05:      1/24(  4%)     0/4(  0%)      0/4(  0%)       0/4(  0%)
06:      1/24(  4%)     0/4(  0%)      0/4(  0%)       0/4(  0%)
07:      1/24(  4%)     0/4(  0%)      0/4(  0%)       0/4(  0%)
08:      1/24(  4%)     0/4(  0%)      0/4(  0%)       0/4(  0%)
09:      2/24(  8%)     0/4(  0%)      0/4(  0%)       0/4(  0%)
10:      0/24(  0%)     0/4(  0%)      0/4(  0%)       0/4(  0%)
11:      0/24(  0%)     0/4(  0%)      0/4(  0%)       0/4(  0%)
12:      0/24(  0%)     0/4(  0%)      0/4(  0%)       0/4(  0%)
13:      0/24(  0%)     0/4(  0%)      0/4(  0%)       0/4(  0%)
14:      0/24(  0%)     0/4(  0%)      0/4(  0%)       0/4(  0%)
15:      0/24(  0%)     0/4(  0%)      0/4(  0%)       0/4(  0%)
16:      0/24(  0%)     0/4(  0%)      0/4(  0%)       0/4(  0%)
17:      0/24(  0%)     0/4(  0%)      0/4(  0%)       0/4(  0%)
18:      0/24(  0%)     0/4(  0%)      0/4(  0%)       0/4(  0%)
19:      0/24(  0%)     0/4(  0%)      0/4(  0%)       0/4(  0%)
20:      0/24(  0%)     0/4(  0%)      0/4(  0%)       0/4(  0%)
21:      0/24(  0%)     0/4(  0%)      0/4(  0%)       0/4(  0%)
22:      0/24(  0%)     0/4(  0%)      0/4(  0%)       0/4(  0%)
23:      0/24(  0%)     0/4(  0%)      0/4(  0%)       0/4(  0%)
24:      0/24(  0%)     0/4(  0%)      0/4(  0%)       0/4(  0%)
EA:      0/24(  0%)     0/4(  0%)      0/4(  0%)       0/4(  0%)


Device-Specific Information:                 y:\sem4\lab2\fifolifogdf\fifo.rpt
fifo

** CLOCK SIGNALS **

Type     Fan-out       Name
INPUT       14         RD
LCELL        8         |fiforeg:85|LPM_DECODE:94|declut:decoder|anode0_3
LCELL        8         |fiforeg:85|LPM_DECODE:94|declut:decoder|anode1_3
LCELL        8         |fiforeg:85|LPM_DECODE:94|declut:decoder|anode2_3
LCELL        8         |fiforeg:85|LPM_DECODE:94|declut:decoder|anode3_3
LCELL        8         |fiforeg:85|LPM_DECODE:94|declut:decoder|anode4_3
LCELL        8         |fiforeg:85|LPM_DECODE:94|declut:decoder|anode5_3
LCELL        8         |fiforeg:85|LPM_DECODE:94|declut:decoder|anode6_3
LCELL        8         |fiforeg:85|LPM_DECODE:94|declut:decoder|anode7_3
LCELL        3         :79


Device-Specific Information:                 y:\sem4\lab2\fifolifogdf\fifo.rpt
fifo

** CLEAR SIGNALS **

Type     Fan-out       Name
INPUT        6         Reset


Device-Specific Information:                 y:\sem4\lab2\fifolifogdf\fifo.rpt
fifo

** EQUATIONS **

DI0      : INPUT;
DI1      : INPUT;
DI2      : INPUT;
DI3      : INPUT;
DI4      : INPUT;
DI5      : INPUT;
DI6      : INPUT;
DI7      : INPUT;
RD       : INPUT;
Reset    : INPUT;
WR       : INPUT;

-- Node name is 'D00' 
-- Equation name is 'D00', type is output 
D00      =  _LC6_B14;

-- Node name is 'D01' 
-- Equation name is 'D01', type is output 
D01      =  _LC6_B11;

-- Node name is 'D02' 
-- Equation name is 'D02', type is output 
D02      =  _LC6_C12;

-- Node name is 'D03' 
-- Equation name is 'D03', type is output 
D03      =  _LC5_A13;

-- Node name is 'D04' 
-- Equation name is 'D04', type is output 
D04      =  _LC2_B14;

-- Node name is 'D05' 
-- Equation name is 'D05', type is output 
D05      =  _LC8_A13;

-- Node name is 'D06' 
-- Equation name is 'D06', type is output 
D06      =  _LC4_C15;

-- Node name is 'D07' 
-- Equation name is 'D07', type is output 
D07      =  _LC7_C15;

-- Node name is 'Empty' 
-- Equation name is 'Empty', type is output 
Empty    =  _LC6_A2;

-- Node name is 'Full' 
-- Equation name is 'Full', type is output 
Full     =  _LC2_A2;

-- Node name is '|fiforeg:85|LPM_DECODE:94|declut:decoder|anode0_3' from file "declut.tdf" line 77, column 52
-- Equation name is '_LC8_A3', type is buried 
_LC8_A3  = LCELL( _EQ001);
  _EQ001 =  _LC1_A8 & !_LC1_A11 & !_LC2_A11 & !_LC4_A11;

-- Node name is '|fiforeg:85|LPM_DECODE:94|declut:decoder|anode1_3' from file "declut.tdf" line 77, column 52
-- Equation name is '_LC4_A6', type is buried 
_LC4_A6  = LCELL( _EQ002);
  _EQ002 =  _LC1_A8 &  _LC1_A11 & !_LC2_A11 & !_LC4_A11;

-- Node name is '|fiforeg:85|LPM_DECODE:94|declut:decoder|anode2_3' from file "declut.tdf" line 77, column 52
-- Equation name is '_LC5_A4', type is buried 
_LC5_A4  = LCELL( _EQ003);
  _EQ003 =  _LC1_A8 & !_LC1_A11 & !_LC2_A11 &  _LC4_A11;

-- Node name is '|fiforeg:85|LPM_DECODE:94|declut:decoder|anode3_3' from file "declut.tdf" line 77, column 52
-- Equation name is '_LC5_A1', type is buried 
_LC5_A1  = LCELL( _EQ004);
  _EQ004 =  _LC1_A8 &  _LC1_A11 & !_LC2_A11 &  _LC4_A11;

-- Node name is '|fiforeg:85|LPM_DECODE:94|declut:decoder|anode4_3' from file "declut.tdf" line 79, column 52
-- Equation name is '_LC1_A5', type is buried 
_LC1_A5  = LCELL( _EQ005);
  _EQ005 =  _LC1_A8 & !_LC1_A11 &  _LC2_A11 & !_LC4_A11;

-- Node name is '|fiforeg:85|LPM_DECODE:94|declut:decoder|anode5_3' from file "declut.tdf" line 79, column 52
-- Equation name is '_LC2_A1', type is buried 
_LC2_A1  = LCELL( _EQ006);
  _EQ006 =  _LC1_A8 &  _LC1_A11 &  _LC2_A11 & !_LC4_A11;

-- Node name is '|fiforeg:85|LPM_DECODE:94|declut:decoder|anode6_3' from file "declut.tdf" line 79, column 52
-- Equation name is '_LC3_A1', type is buried 
_LC3_A1  = LCELL( _EQ007);
  _EQ007 =  _LC1_A8 & !_LC1_A11 &  _LC2_A11 &  _LC4_A11;

-- Node name is '|fiforeg:85|LPM_DECODE:94|declut:decoder|anode7_3' from file "declut.tdf" line 79, column 52
-- Equation name is '_LC1_A7', type is buried 
_LC1_A7  = LCELL( _EQ008);
  _EQ008 =  _LC1_A8 &  _LC1_A11 &  _LC2_A11 &  _LC4_A11;

-- Node name is '|fiforeg:85|LPM_MUX:93|muxlut:135|muxlut:43|~44~1' from file "muxlut.tdf" line 171, column 56
-- Equation name is '_LC2_B20', type is buried 
-- synthesized logic cell 
_LC2_B20 = LCELL( _EQ009);
  _EQ009 =  _LC1_C9 &  _LC5_B20
         # !_LC1_C9 &  _LC3_B20;

-- Node name is '|fiforeg:85|LPM_MUX:93|muxlut:135|muxlut:43|~49~1' from file "muxlut.tdf" line 172, column 50
-- Equation name is '_LC2_B23', type is buried 
-- synthesized logic cell 
_LC2_B23 = LCELL( _EQ010);
  _EQ010 =  _LC1_C9 &  _LC5_B23
         # !_LC1_C9 &  _LC6_B23;

-- Node name is '|fiforeg:85|LPM_MUX:93|muxlut:135|muxlut:60|:44' from file "muxlut.tdf" line 171, column 56
-- Equation name is '_LC2_B22', type is buried 
_LC2_B22 = LCELL( _EQ011);
  _EQ011 =  _LC1_C9 &  _LC4_B22
         # !_LC1_C9 &  _LC5_B22
         # !_LC1_C10;

-- Node name is '|fiforeg:85|LPM_MUX:93|muxlut:135|muxlut:60|:49' from file "muxlut.tdf" line 172, column 50
-- Equation name is '_LC2_B21', type is buried 
_LC2_B21 = LCELL( _EQ012);
  _EQ012 =  _LC1_C9 &  _LC3_B21
         # !_LC1_C9 &  _LC6_B21
         #  _LC1_C10;

-- Node name is '|fiforeg:85|LPM_MUX:93|muxlut:135|muxlut:77|:37' from file "muxlut.tdf" line 128, column 30
-- Equation name is '_LC1_B14', type is buried 
_LC1_B14 = LCELL( _EQ013);
  _EQ013 =  _LC2_B20 &  _LC2_B23 & !_LC2_C8
         #  _LC1_C10 &  _LC2_B20 & !_LC2_C8
         # !_LC1_C10 &  _LC2_B23 & !_LC2_C8;

-- Node name is '|fiforeg:85|LPM_MUX:93|muxlut:156|muxlut:43|~44~1' from file "muxlut.tdf" line 171, column 56
-- Equation name is '_LC2_B5', type is buried 
-- synthesized logic cell 
_LC2_B5  = LCELL( _EQ014);
  _EQ014 =  _LC1_C9 &  _LC2_B12
         # !_LC1_C9 &  _LC4_B5;

-- Node name is '|fiforeg:85|LPM_MUX:93|muxlut:156|muxlut:43|~49~1' from file "muxlut.tdf" line 172, column 50
-- Equation name is '_LC5_B5', type is buried 
-- synthesized logic cell 
_LC5_B5  = LCELL( _EQ015);
  _EQ015 =  _LC1_C9 &  _LC3_B5
         #  _LC1_B3 & !_LC1_C9;

-- Node name is '|fiforeg:85|LPM_MUX:93|muxlut:156|muxlut:60|:44' from file "muxlut.tdf" line 171, column 56
-- Equation name is '_LC3_B11', type is buried 
_LC3_B11 = LCELL( _EQ016);
  _EQ016 =  _LC1_C9 &  _LC2_B3
         #  _LC1_B4 & !_LC1_C9
         # !_LC1_C10;

-- Node name is '|fiforeg:85|LPM_MUX:93|muxlut:156|muxlut:60|:49' from file "muxlut.tdf" line 172, column 50
-- Equation name is '_LC2_B11', type is buried 
_LC2_B11 = LCELL( _EQ017);
  _EQ017 =  _LC1_B11 &  _LC1_C9
         #  _LC1_B12 & !_LC1_C9
         #  _LC1_C10;

-- Node name is '|fiforeg:85|LPM_MUX:93|muxlut:156|muxlut:77|:37' from file "muxlut.tdf" line 128, column 30
-- Equation name is '_LC1_B5', type is buried 
_LC1_B5  = LCELL( _EQ018);
  _EQ018 =  _LC2_B5 & !_LC2_C8 &  _LC5_B5
         #  _LC1_C10 &  _LC2_B5 & !_LC2_C8
         # !_LC1_C10 & !_LC2_C8 &  _LC5_B5;

-- Node name is '|fiforeg:85|LPM_MUX:93|muxlut:177|muxlut:43|~44~1' from file "muxlut.tdf" line 171, column 56
-- Equation name is '_LC1_C4', type is buried 
-- synthesized logic cell 
_LC1_C4  = LCELL( _EQ019);
  _EQ019 =  _LC1_C9 &  _LC3_C4
         # !_LC1_C9 &  _LC2_C4;

-- Node name is '|fiforeg:85|LPM_MUX:93|muxlut:177|muxlut:43|~49~1' from file "muxlut.tdf" line 172, column 50
-- Equation name is '_LC1_C5', type is buried 
-- synthesized logic cell 
_LC1_C5  = LCELL( _EQ020);
  _EQ020 =  _LC1_C9 &  _LC3_C5
         # !_LC1_C9 &  _LC2_C5;

-- Node name is '|fiforeg:85|LPM_MUX:93|muxlut:177|muxlut:60|:44' from file "muxlut.tdf" line 171, column 56
-- Equation name is '_LC2_C12', type is buried 
_LC2_C12 = LCELL( _EQ021);
  _EQ021 =  _LC1_C6 &  _LC1_C9
         # !_LC1_C9 &  _LC1_C12
         # !_LC1_C10;

-- Node name is '|fiforeg:85|LPM_MUX:93|muxlut:177|muxlut:60|:49' from file "muxlut.tdf" line 172, column 50
-- Equation name is '_LC7_C7', type is buried 
_LC7_C7  = LCELL( _EQ022);
  _EQ022 =  _LC1_C7 &  _LC1_C9
         # !_LC1_C9 &  _LC2_C7
         #  _LC1_C10;

-- Node name is '|fiforeg:85|LPM_MUX:93|muxlut:177|muxlut:77|:37' from file "muxlut.tdf" line 128, column 30
-- Equation name is '_LC3_C12', type is buried 
_LC3_C12 = LCELL( _EQ023);
  _EQ023 =  _LC1_C4 &  _LC1_C5 & !_LC2_C8
         #  _LC1_C4 &  _LC1_C10 & !_LC2_C8
         #  _LC1_C5 & !_LC1_C10 & !_LC2_C8;

-- Node name is '|fiforeg:85|LPM_MUX:93|muxlut:198|muxlut:43|~44~1' from file "muxlut.tdf" line 171, column 56
-- Equation name is '_LC2_A16', type is buried 
-- synthesized logic cell 
_LC2_A16 = LCELL( _EQ024);
  _EQ024 =  _LC1_C9 &  _LC5_A16
         # !_LC1_C9 &  _LC3_A16;

-- Node name is '|fiforeg:85|LPM_MUX:93|muxlut:198|muxlut:43|~49~1' from file "muxlut.tdf" line 172, column 50
-- Equation name is '_LC2_A19', type is buried 
-- synthesized logic cell 
_LC2_A19 = LCELL( _EQ025);
  _EQ025 =  _LC1_C9 &  _LC6_A19
         # !_LC1_C9 &  _LC3_A19;

-- Node name is '|fiforeg:85|LPM_MUX:93|muxlut:198|muxlut:60|:44' from file "muxlut.tdf" line 171, column 56
-- Equation name is '_LC2_A18', type is buried 
_LC2_A18 = LCELL( _EQ026);
  _EQ026 =  _LC1_C9 &  _LC5_A18
         # !_LC1_C9 &  _LC3_A18
         # !_LC1_C10;

-- Node name is '|fiforeg:85|LPM_MUX:93|muxlut:198|muxlut:60|:49' from file "muxlut.tdf" line 172, column 50
-- Equation name is '_LC2_A17', type is buried 
_LC2_A17 = LCELL( _EQ027);
  _EQ027 =  _LC1_C9 &  _LC3_A17
         # !_LC1_C9 &  _LC6_A17
         #  _LC1_C10;

-- Node name is '|fiforeg:85|LPM_MUX:93|muxlut:198|muxlut:77|:37' from file "muxlut.tdf" line 128, column 30
-- Equation name is '_LC1_A13', type is buried 
_LC1_A13 = LCELL( _EQ028);
  _EQ028 =  _LC2_A16 &  _LC2_A19 & !_LC2_C8
         #  _LC1_C10 &  _LC2_A16 & !_LC2_C8
         # !_LC1_C10 &  _LC2_A19 & !_LC2_C8;

-- Node name is '|fiforeg:85|LPM_MUX:93|muxlut:219|muxlut:43|~44~1' from file "muxlut.tdf" line 171, column 56
-- Equation name is '_LC1_B20', type is buried 
-- synthesized logic cell 
_LC1_B20 = LCELL( _EQ029);
  _EQ029 =  _LC1_C9 &  _LC4_B20
         # !_LC1_C9 &  _LC6_B20;

-- Node name is '|fiforeg:85|LPM_MUX:93|muxlut:219|muxlut:43|~49~1' from file "muxlut.tdf" line 172, column 50
-- Equation name is '_LC1_B23', type is buried 
-- synthesized logic cell 
_LC1_B23 = LCELL( _EQ030);
  _EQ030 =  _LC1_C9 &  _LC4_B23
         # !_LC1_C9 &  _LC3_B23;

-- Node name is '|fiforeg:85|LPM_MUX:93|muxlut:219|muxlut:60|:44' from file "muxlut.tdf" line 171, column 56
-- Equation name is '_LC1_B22', type is buried 
_LC1_B22 = LCELL( _EQ031);
  _EQ031 =  _LC1_C9 &  _LC6_B22
         # !_LC1_C9 &  _LC3_B22
         # !_LC1_C10;

-- Node name is '|fiforeg:85|LPM_MUX:93|muxlut:219|muxlut:60|:49' from file "muxlut.tdf" line 172, column 50
-- Equation name is '_LC1_B21', type is buried 
_LC1_B21 = LCELL( _EQ032);
  _EQ032 =  _LC1_C9 &  _LC4_B21
         # !_LC1_C9 &  _LC5_B21
         #  _LC1_C10;

-- Node name is '|fiforeg:85|LPM_MUX:93|muxlut:219|muxlut:77|:37' from file "muxlut.tdf" line 128, column 30
-- Equation name is '_LC3_B14', type is buried 
_LC3_B14 = LCELL( _EQ033);
  _EQ033 =  _LC1_B20 &  _LC1_B23 & !_LC2_C8
         #  _LC1_B20 &  _LC1_C10 & !_LC2_C8
         #  _LC1_B23 & !_LC1_C10 & !_LC2_C8;

-- Node name is '|fiforeg:85|LPM_MUX:93|muxlut:240|muxlut:43|~44~1' from file "muxlut.tdf" line 171, column 56
-- Equation name is '_LC1_A16', type is buried 
-- synthesized logic cell 
_LC1_A16 = LCELL( _EQ034);
  _EQ034 =  _LC1_C9 &  _LC4_A16
         # !_LC1_C9 &  _LC6_A16;

-- Node name is '|fiforeg:85|LPM_MUX:93|muxlut:240|muxlut:43|~49~1' from file "muxlut.tdf" line 172, column 50
-- Equation name is '_LC4_A19', type is buried 
-- synthesized logic cell 
_LC4_A19 = LCELL( _EQ035);
  _EQ035 =  _LC1_C9 &  _LC5_A19
         #  _LC1_A19 & !_LC1_C9;

-- Node name is '|fiforeg:85|LPM_MUX:93|muxlut:240|muxlut:60|:44' from file "muxlut.tdf" line 171, column 56
-- Equation name is '_LC1_A18', type is buried 
_LC1_A18 = LCELL( _EQ036);
  _EQ036 =  _LC1_C9 &  _LC6_A18
         # !_LC1_C9 &  _LC4_A18
         # !_LC1_C10;

-- Node name is '|fiforeg:85|LPM_MUX:93|muxlut:240|muxlut:60|:49' from file "muxlut.tdf" line 172, column 50
-- Equation name is '_LC1_A17', type is buried 
_LC1_A17 = LCELL( _EQ037);
  _EQ037 =  _LC1_C9 &  _LC4_A17
         # !_LC1_C9 &  _LC5_A17
         #  _LC1_C10;

-- Node name is '|fiforeg:85|LPM_MUX:93|muxlut:240|muxlut:77|:37' from file "muxlut.tdf" line 128, column 30
-- Equation name is '_LC2_A13', type is buried 
_LC2_A13 = LCELL( _EQ038);
  _EQ038 =  _LC1_A16 & !_LC2_C8 &  _LC4_A19
         #  _LC1_A16 &  _LC1_C10 & !_LC2_C8
         # !_LC1_C10 & !_LC2_C8 &  _LC4_A19;

-- Node name is '|fiforeg:85|LPM_MUX:93|muxlut:261|muxlut:43|~44~1' from file "muxlut.tdf" line 171, column 56
-- Equation name is '_LC1_C24', type is buried 
-- synthesized logic cell 
_LC1_C24 = LCELL( _EQ039);
  _EQ039 =  _LC1_C9 &  _LC4_C24
         # !_LC1_C9 &  _LC6_C24;

-- Node name is '|fiforeg:85|LPM_MUX:93|muxlut:261|muxlut:43|~49~1' from file "muxlut.tdf" line 172, column 50
-- Equation name is '_LC4_C18', type is buried 
-- synthesized logic cell 
_LC4_C18 = LCELL( _EQ040);
  _EQ040 =  _LC1_C9 &  _LC6_C18
         # !_LC1_C9 &  _LC3_C18;

-- Node name is '|fiforeg:85|LPM_MUX:93|muxlut:261|muxlut:60|:44' from file "muxlut.tdf" line 171, column 56
-- Equation name is '_LC1_C17', type is buried 
_LC1_C17 = LCELL( _EQ041);
  _EQ041 =  _LC1_C9 &  _LC6_C17
         # !_LC1_C9 &  _LC2_C17
         # !_LC1_C10;

-- Node name is '|fiforeg:85|LPM_MUX:93|muxlut:261|muxlut:60|:49' from file "muxlut.tdf" line 172, column 50
-- Equation name is '_LC1_C16', type is buried 
_LC1_C16 = LCELL( _EQ042);
  _EQ042 =  _LC1_C9 &  _LC3_C16
         # !_LC1_C9 &  _LC6_C16
         #  _LC1_C10;

-- Node name is '|fiforeg:85|LPM_MUX:93|muxlut:261|muxlut:77|:37' from file "muxlut.tdf" line 128, column 30
-- Equation name is '_LC1_C15', type is buried 
_LC1_C15 = LCELL( _EQ043);
  _EQ043 =  _LC1_C24 & !_LC2_C8 &  _LC4_C18
         #  _LC1_C10 &  _LC1_C24 & !_LC2_C8
         # !_LC1_C10 & !_LC2_C8 &  _LC4_C18;

-- Node name is '|fiforeg:85|LPM_MUX:93|muxlut:282|muxlut:43|~44~1' from file "muxlut.tdf" line 171, column 56
-- Equation name is '_LC2_C24', type is buried 
-- synthesized logic cell 
_LC2_C24 = LCELL( _EQ044);
  _EQ044 =  _LC1_C9 &  _LC3_C24
         # !_LC1_C9 &  _LC5_C24;

-- Node name is '|fiforeg:85|LPM_MUX:93|muxlut:282|muxlut:43|~49~1' from file "muxlut.tdf" line 172, column 50
-- Equation name is '_LC1_C18', type is buried 
-- synthesized logic cell 
_LC1_C18 = LCELL( _EQ045);
  _EQ045 =  _LC1_C9 &  _LC5_C18
         # !_LC1_C9 &  _LC2_C18;

-- Node name is '|fiforeg:85|LPM_MUX:93|muxlut:282|muxlut:60|:44' from file "muxlut.tdf" line 171, column 56
-- Equation name is '_LC3_C17', type is buried 
_LC3_C17 = LCELL( _EQ046);
  _EQ046 =  _LC1_C9 &  _LC5_C17
         # !_LC1_C9 &  _LC4_C17
         # !_LC1_C10;

-- Node name is '|fiforeg:85|LPM_MUX:93|muxlut:282|muxlut:60|:49' from file "muxlut.tdf" line 172, column 50
-- Equation name is '_LC2_C16', type is buried 
_LC2_C16 = LCELL( _EQ047);
  _EQ047 =  _LC1_C9 &  _LC4_C16
         # !_LC1_C9 &  _LC5_C16
         #  _LC1_C10;

-- Node name is '|fiforeg:85|LPM_MUX:93|muxlut:282|muxlut:77|:37' from file "muxlut.tdf" line 128, column 30
-- Equation name is '_LC2_C15', type is buried 
_LC2_C15 = LCELL( _EQ048);
  _EQ048 =  _LC1_C18 & !_LC2_C8 &  _LC2_C24
         #  _LC1_C10 & !_LC2_C8 &  _LC2_C24
         # !_LC1_C10 &  _LC1_C18 & !_LC2_C8;

-- Node name is '|fiforeg:85|trig8:83|:12' = '|fiforeg:85|trig8:83|Q0' 
-- Equation name is '_LC6_B23', type is buried 
_LC6_B23 = DFFE( DI0,  _LC4_A6,  VCC,  VCC,  VCC);

-- Node name is '|fiforeg:85|trig8:83|:15' = '|fiforeg:85|trig8:83|Q1' 
-- Equation name is '_LC1_B3', type is buried 
_LC1_B3  = DFFE( DI1,  _LC4_A6,  VCC,  VCC,  VCC);

-- Node name is '|fiforeg:85|trig8:83|:16' = '|fiforeg:85|trig8:83|Q2' 
-- Equation name is '_LC2_C5', type is buried 
_LC2_C5  = DFFE( DI2,  _LC4_A6,  VCC,  VCC,  VCC);

-- Node name is '|fiforeg:85|trig8:83|:17' = '|fiforeg:85|trig8:83|Q3' 
-- Equation name is '_LC3_A19', type is buried 
_LC3_A19 = DFFE( DI3,  _LC4_A6,  VCC,  VCC,  VCC);

-- Node name is '|fiforeg:85|trig8:83|:18' = '|fiforeg:85|trig8:83|Q4' 
-- Equation name is '_LC3_B23', type is buried 
_LC3_B23 = DFFE( DI4,  _LC4_A6,  VCC,  VCC,  VCC);

-- Node name is '|fiforeg:85|trig8:83|:19' = '|fiforeg:85|trig8:83|Q5' 
-- Equation name is '_LC1_A19', type is buried 
_LC1_A19 = DFFE( DI5,  _LC4_A6,  VCC,  VCC,  VCC);

-- Node name is '|fiforeg:85|trig8:83|:20' = '|fiforeg:85|trig8:83|Q6' 
-- Equation name is '_LC3_C18', type is buried 
_LC3_C18 = DFFE( DI6,  _LC4_A6,  VCC,  VCC,  VCC);

-- Node name is '|fiforeg:85|trig8:83|:21' = '|fiforeg:85|trig8:83|Q7' 
-- Equation name is '_LC2_C18', type is buried 
_LC2_C18 = DFFE( DI7,  _LC4_A6,  VCC,  VCC,  VCC);

-- Node name is '|fiforeg:85|trig8:84|:12' = '|fiforeg:85|trig8:84|Q0' 
-- Equation name is '_LC6_B14', type is buried 
_LC6_B14 = DFFE( _EQ049, GLOBAL( RD),  VCC,  VCC,  VCC);
  _EQ049 =  _LC2_B21 &  _LC2_B22 &  _LC2_C8
         #  _LC1_B14;

-- Node name is '|fiforeg:85|trig8:84|:15' = '|fiforeg:85|trig8:84|Q1' 
-- Equation name is '_LC6_B11', type is buried 
_LC6_B11 = DFFE( _EQ050, GLOBAL( RD),  VCC,  VCC,  VCC);
  _EQ050 =  _LC2_B11 &  _LC2_C8 &  _LC3_B11
         #  _LC1_B5;

-- Node name is '|fiforeg:85|trig8:84|:16' = '|fiforeg:85|trig8:84|Q2' 
-- Equation name is '_LC6_C12', type is buried 
_LC6_C12 = DFFE( _EQ051, GLOBAL( RD),  VCC,  VCC,  VCC);
  _EQ051 =  _LC2_C8 &  _LC2_C12 &  _LC7_C7
         #  _LC3_C12;

-- Node name is '|fiforeg:85|trig8:84|:17' = '|fiforeg:85|trig8:84|Q3' 
-- Equation name is '_LC5_A13', type is buried 
_LC5_A13 = DFFE( _EQ052, GLOBAL( RD),  VCC,  VCC,  VCC);
  _EQ052 =  _LC2_A17 &  _LC2_A18 &  _LC2_C8
         #  _LC1_A13;

-- Node name is '|fiforeg:85|trig8:84|:18' = '|fiforeg:85|trig8:84|Q4' 
-- Equation name is '_LC2_B14', type is buried 
_LC2_B14 = DFFE( _EQ053, GLOBAL( RD),  VCC,  VCC,  VCC);
  _EQ053 =  _LC1_B21 &  _LC1_B22 &  _LC2_C8
         #  _LC3_B14;

-- Node name is '|fiforeg:85|trig8:84|:19' = '|fiforeg:85|trig8:84|Q5' 
-- Equation name is '_LC8_A13', type is buried 
_LC8_A13 = DFFE( _EQ054, GLOBAL( RD),  VCC,  VCC,  VCC);
  _EQ054 =  _LC1_A17 &  _LC1_A18 &  _LC2_C8
         #  _LC2_A13;

-- Node name is '|fiforeg:85|trig8:84|:20' = '|fiforeg:85|trig8:84|Q6' 
-- Equation name is '_LC4_C15', type is buried 
_LC4_C15 = DFFE( _EQ055, GLOBAL( RD),  VCC,  VCC,  VCC);
  _EQ055 =  _LC1_C16 &  _LC1_C17 &  _LC2_C8
         #  _LC1_C15;

-- Node name is '|fiforeg:85|trig8:84|:21' = '|fiforeg:85|trig8:84|Q7' 
-- Equation name is '_LC7_C15', type is buried 
_LC7_C15 = DFFE( _EQ056, GLOBAL( RD),  VCC,  VCC,  VCC);
  _EQ056 =  _LC2_C8 &  _LC2_C16 &  _LC3_C17
         #  _LC2_C15;

-- Node name is '|fiforeg:85|trig8:85|:12' = '|fiforeg:85|trig8:85|Q0' 
-- Equation name is '_LC5_B23', type is buried 
_LC5_B23 = DFFE( DI0,  _LC5_A4,  VCC,  VCC,  VCC);

-- Node name is '|fiforeg:85|trig8:85|:15' = '|fiforeg:85|trig8:85|Q1' 
-- Equation name is '_LC3_B5', type is buried 
_LC3_B5  = DFFE( DI1,  _LC5_A4,  VCC,  VCC,  VCC);

-- Node name is '|fiforeg:85|trig8:85|:16' = '|fiforeg:85|trig8:85|Q2' 
-- Equation name is '_LC3_C5', type is buried 
_LC3_C5  = DFFE( DI2,  _LC5_A4,  VCC,  VCC,  VCC);

-- Node name is '|fiforeg:85|trig8:85|:17' = '|fiforeg:85|trig8:85|Q3' 
-- Equation name is '_LC6_A19', type is buried 
_LC6_A19 = DFFE( DI3,  _LC5_A4,  VCC,  VCC,  VCC);

-- Node name is '|fiforeg:85|trig8:85|:18' = '|fiforeg:85|trig8:85|Q4' 
-- Equation name is '_LC4_B23', type is buried 
_LC4_B23 = DFFE( DI4,  _LC5_A4,  VCC,  VCC,  VCC);

-- Node name is '|fiforeg:85|trig8:85|:19' = '|fiforeg:85|trig8:85|Q5' 
-- Equation name is '_LC5_A19', type is buried 
_LC5_A19 = DFFE( DI5,  _LC5_A4,  VCC,  VCC,  VCC);

-- Node name is '|fiforeg:85|trig8:85|:20' = '|fiforeg:85|trig8:85|Q6' 
-- Equation name is '_LC6_C18', type is buried 
_LC6_C18 = DFFE( DI6,  _LC5_A4,  VCC,  VCC,  VCC);

-- Node name is '|fiforeg:85|trig8:85|:21' = '|fiforeg:85|trig8:85|Q7' 
-- Equation name is '_LC5_C18', type is buried 
_LC5_C18 = DFFE( DI7,  _LC5_A4,  VCC,  VCC,  VCC);

-- Node name is '|fiforeg:85|trig8:86|:12' = '|fiforeg:85|trig8:86|Q0' 
-- Equation name is '_LC3_B20', type is buried 
_LC3_B20 = DFFE( DI0,  _LC5_A1,  VCC,  VCC,  VCC);

-- Node name is '|fiforeg:85|trig8:86|:15' = '|fiforeg:85|trig8:86|Q1' 
-- Equation name is '_LC4_B5', type is buried 
_LC4_B5  = DFFE( DI1,  _LC5_A1,  VCC,  VCC,  VCC);

-- Node name is '|fiforeg:85|trig8:86|:16' = '|fiforeg:85|trig8:86|Q2' 
-- Equation name is '_LC2_C4', type is buried 
_LC2_C4  = DFFE( DI2,  _LC5_A1,  VCC,  VCC,  VCC);

-- Node name is '|fiforeg:85|trig8:86|:17' = '|fiforeg:85|trig8:86|Q3' 
-- Equation name is '_LC3_A16', type is buried 
_LC3_A16 = DFFE( DI3,  _LC5_A1,  VCC,  VCC,  VCC);

-- Node name is '|fiforeg:85|trig8:86|:18' = '|fiforeg:85|trig8:86|Q4' 
-- Equation name is '_LC6_B20', type is buried 
_LC6_B20 = DFFE( DI4,  _LC5_A1,  VCC,  VCC,  VCC);

-- Node name is '|fiforeg:85|trig8:86|:19' = '|fiforeg:85|trig8:86|Q5' 
-- Equation name is '_LC6_A16', type is buried 
_LC6_A16 = DFFE( DI5,  _LC5_A1,  VCC,  VCC,  VCC);

-- Node name is '|fiforeg:85|trig8:86|:20' = '|fiforeg:85|trig8:86|Q6' 
-- Equation name is '_LC6_C24', type is buried 
_LC6_C24 = DFFE( DI6,  _LC5_A1,  VCC,  VCC,  VCC);

-- Node name is '|fiforeg:85|trig8:86|:21' = '|fiforeg:85|trig8:86|Q7' 
-- Equation name is '_LC5_C24', type is buried 
_LC5_C24 = DFFE( DI7,  _LC5_A1,  VCC,  VCC,  VCC);

-- Node name is '|fiforeg:85|trig8:87|:12' = '|fiforeg:85|trig8:87|Q0' 
-- Equation name is '_LC5_B20', type is buried 
_LC5_B20 = DFFE( DI0,  _LC1_A5,  VCC,  VCC,  VCC);

-- Node name is '|fiforeg:85|trig8:87|:15' = '|fiforeg:85|trig8:87|Q1' 
-- Equation name is '_LC2_B12', type is buried 
_LC2_B12 = DFFE( DI1,  _LC1_A5,  VCC,  VCC,  VCC);

-- Node name is '|fiforeg:85|trig8:87|:16' = '|fiforeg:85|trig8:87|Q2' 
-- Equation name is '_LC3_C4', type is buried 
_LC3_C4  = DFFE( DI2,  _LC1_A5,  VCC,  VCC,  VCC);

-- Node name is '|fiforeg:85|trig8:87|:17' = '|fiforeg:85|trig8:87|Q3' 
-- Equation name is '_LC5_A16', type is buried 
_LC5_A16 = DFFE( DI3,  _LC1_A5,  VCC,  VCC,  VCC);

-- Node name is '|fiforeg:85|trig8:87|:18' = '|fiforeg:85|trig8:87|Q4' 
-- Equation name is '_LC4_B20', type is buried 
_LC4_B20 = DFFE( DI4,  _LC1_A5,  VCC,  VCC,  VCC);

-- Node name is '|fiforeg:85|trig8:87|:19' = '|fiforeg:85|trig8:87|Q5' 
-- Equation name is '_LC4_A16', type is buried 
_LC4_A16 = DFFE( DI5,  _LC1_A5,  VCC,  VCC,  VCC);

-- Node name is '|fiforeg:85|trig8:87|:20' = '|fiforeg:85|trig8:87|Q6' 
-- Equation name is '_LC4_C24', type is buried 
_LC4_C24 = DFFE( DI6,  _LC1_A5,  VCC,  VCC,  VCC);

-- Node name is '|fiforeg:85|trig8:87|:21' = '|fiforeg:85|trig8:87|Q7' 
-- Equation name is '_LC3_C24', type is buried 
_LC3_C24 = DFFE( DI7,  _LC1_A5,  VCC,  VCC,  VCC);

-- Node name is '|fiforeg:85|trig8:88|:12' = '|fiforeg:85|trig8:88|Q0' 
-- Equation name is '_LC6_B21', type is buried 
_LC6_B21 = DFFE( DI0,  _LC2_A1,  VCC,  VCC,  VCC);

-- Node name is '|fiforeg:85|trig8:88|:15' = '|fiforeg:85|trig8:88|Q1' 
-- Equation name is '_LC1_B12', type is buried 
_LC1_B12 = DFFE( DI1,  _LC2_A1,  VCC,  VCC,  VCC);

-- Node name is '|fiforeg:85|trig8:88|:16' = '|fiforeg:85|trig8:88|Q2' 
-- Equation name is '_LC2_C7', type is buried 
_LC2_C7  = DFFE( DI2,  _LC2_A1,  VCC,  VCC,  VCC);

-- Node name is '|fiforeg:85|trig8:88|:17' = '|fiforeg:85|trig8:88|Q3' 
-- Equation name is '_LC6_A17', type is buried 
_LC6_A17 = DFFE( DI3,  _LC2_A1,  VCC,  VCC,  VCC);

-- Node name is '|fiforeg:85|trig8:88|:18' = '|fiforeg:85|trig8:88|Q4' 
-- Equation name is '_LC5_B21', type is buried 
_LC5_B21 = DFFE( DI4,  _LC2_A1,  VCC,  VCC,  VCC);

-- Node name is '|fiforeg:85|trig8:88|:19' = '|fiforeg:85|trig8:88|Q5' 
-- Equation name is '_LC5_A17', type is buried 
_LC5_A17 = DFFE( DI5,  _LC2_A1,  VCC,  VCC,  VCC);

-- Node name is '|fiforeg:85|trig8:88|:20' = '|fiforeg:85|trig8:88|Q6' 
-- Equation name is '_LC6_C16', type is buried 
_LC6_C16 = DFFE( DI6,  _LC2_A1,  VCC,  VCC,  VCC);

-- Node name is '|fiforeg:85|trig8:88|:21' = '|fiforeg:85|trig8:88|Q7' 
-- Equation name is '_LC5_C16', type is buried 
_LC5_C16 = DFFE( DI7,  _LC2_A1,  VCC,  VCC,  VCC);

-- Node name is '|fiforeg:85|trig8:89|:12' = '|fiforeg:85|trig8:89|Q0' 
-- Equation name is '_LC3_B21', type is buried 
_LC3_B21 = DFFE( DI0,  _LC3_A1,  VCC,  VCC,  VCC);

-- Node name is '|fiforeg:85|trig8:89|:15' = '|fiforeg:85|trig8:89|Q1' 
-- Equation name is '_LC1_B11', type is buried 
_LC1_B11 = DFFE( DI1,  _LC3_A1,  VCC,  VCC,  VCC);

-- Node name is '|fiforeg:85|trig8:89|:16' = '|fiforeg:85|trig8:89|Q2' 
-- Equation name is '_LC1_C7', type is buried 
_LC1_C7  = DFFE( DI2,  _LC3_A1,  VCC,  VCC,  VCC);

-- Node name is '|fiforeg:85|trig8:89|:17' = '|fiforeg:85|trig8:89|Q3' 
-- Equation name is '_LC3_A17', type is buried 
_LC3_A17 = DFFE( DI3,  _LC3_A1,  VCC,  VCC,  VCC);

-- Node name is '|fiforeg:85|trig8:89|:18' = '|fiforeg:85|trig8:89|Q4' 
-- Equation name is '_LC4_B21', type is buried 
_LC4_B21 = DFFE( DI4,  _LC3_A1,  VCC,  VCC,  VCC);

-- Node name is '|fiforeg:85|trig8:89|:19' = '|fiforeg:85|trig8:89|Q5' 
-- Equation name is '_LC4_A17', type is buried 
_LC4_A17 = DFFE( DI5,  _LC3_A1,  VCC,  VCC,  VCC);

-- Node name is '|fiforeg:85|trig8:89|:20' = '|fiforeg:85|trig8:89|Q6' 
-- Equation name is '_LC3_C16', type is buried 
_LC3_C16 = DFFE( DI6,  _LC3_A1,  VCC,  VCC,  VCC);

-- Node name is '|fiforeg:85|trig8:89|:21' = '|fiforeg:85|trig8:89|Q7' 
-- Equation name is '_LC4_C16', type is buried 
_LC4_C16 = DFFE( DI7,  _LC3_A1,  VCC,  VCC,  VCC);

-- Node name is '|fiforeg:85|trig8:90|:12' = '|fiforeg:85|trig8:90|Q0' 
-- Equation name is '_LC5_B22', type is buried 
_LC5_B22 = DFFE( DI0,  _LC1_A7,  VCC,  VCC,  VCC);

-- Node name is '|fiforeg:85|trig8:90|:15' = '|fiforeg:85|trig8:90|Q1' 
-- Equation name is '_LC1_B4', type is buried 
_LC1_B4  = DFFE( DI1,  _LC1_A7,  VCC,  VCC,  VCC);

-- Node name is '|fiforeg:85|trig8:90|:16' = '|fiforeg:85|trig8:90|Q2' 
-- Equation name is '_LC1_C12', type is buried 
_LC1_C12 = DFFE( DI2,  _LC1_A7,  VCC,  VCC,  VCC);

-- Node name is '|fiforeg:85|trig8:90|:17' = '|fiforeg:85|trig8:90|Q3' 
-- Equation name is '_LC3_A18', type is buried 
_LC3_A18 = DFFE( DI3,  _LC1_A7,  VCC,  VCC,  VCC);

-- Node name is '|fiforeg:85|trig8:90|:18' = '|fiforeg:85|trig8:90|Q4' 
-- Equation name is '_LC3_B22', type is buried 
_LC3_B22 = DFFE( DI4,  _LC1_A7,  VCC,  VCC,  VCC);

-- Node name is '|fiforeg:85|trig8:90|:19' = '|fiforeg:85|trig8:90|Q5' 
-- Equation name is '_LC4_A18', type is buried 
_LC4_A18 = DFFE( DI5,  _LC1_A7,  VCC,  VCC,  VCC);

-- Node name is '|fiforeg:85|trig8:90|:20' = '|fiforeg:85|trig8:90|Q6' 
-- Equation name is '_LC2_C17', type is buried 
_LC2_C17 = DFFE( DI6,  _LC1_A7,  VCC,  VCC,  VCC);

-- Node name is '|fiforeg:85|trig8:90|:21' = '|fiforeg:85|trig8:90|Q7' 
-- Equation name is '_LC4_C17', type is buried 
_LC4_C17 = DFFE( DI7,  _LC1_A7,  VCC,  VCC,  VCC);

-- Node name is '|fiforeg:85|trig8:91|:12' = '|fiforeg:85|trig8:91|Q0' 
-- Equation name is '_LC4_B22', type is buried 
_LC4_B22 = DFFE( DI0,  _LC8_A3,  VCC,  VCC,  VCC);

-- Node name is '|fiforeg:85|trig8:91|:15' = '|fiforeg:85|trig8:91|Q1' 
-- Equation name is '_LC2_B3', type is buried 
_LC2_B3  = DFFE( DI1,  _LC8_A3,  VCC,  VCC,  VCC);

-- Node name is '|fiforeg:85|trig8:91|:16' = '|fiforeg:85|trig8:91|Q2' 
-- Equation name is '_LC1_C6', type is buried 
_LC1_C6  = DFFE( DI2,  _LC8_A3,  VCC,  VCC,  VCC);

-- Node name is '|fiforeg:85|trig8:91|:17' = '|fiforeg:85|trig8:91|Q3' 
-- Equation name is '_LC5_A18', type is buried 
_LC5_A18 = DFFE( DI3,  _LC8_A3,  VCC,  VCC,  VCC);

-- Node name is '|fiforeg:85|trig8:91|:18' = '|fiforeg:85|trig8:91|Q4' 
-- Equation name is '_LC6_B22', type is buried 
_LC6_B22 = DFFE( DI4,  _LC8_A3,  VCC,  VCC,  VCC);

-- Node name is '|fiforeg:85|trig8:91|:19' = '|fiforeg:85|trig8:91|Q5' 
-- Equation name is '_LC6_A18', type is buried 
_LC6_A18 = DFFE( DI5,  _LC8_A3,  VCC,  VCC,  VCC);

-- Node name is '|fiforeg:85|trig8:91|:20' = '|fiforeg:85|trig8:91|Q6' 
-- Equation name is '_LC6_C17', type is buried 
_LC6_C17 = DFFE( DI6,  _LC8_A3,  VCC,  VCC,  VCC);

-- Node name is '|fiforeg:85|trig8:91|:21' = '|fiforeg:85|trig8:91|Q7' 
-- Equation name is '_LC5_C17', type is buried 
_LC5_C17 = DFFE( DI7,  _LC8_A3,  VCC,  VCC,  VCC);

-- Node name is '|fiforeg:85|:110' 
-- Equation name is '_LC1_A8', type is buried 
_LC1_A8  = LCELL( _EQ057);
  _EQ057 = !RD &  WR;

-- Node name is '|LPM_COMPARE:12|comptree:comparator|cmpchain:cmp_end|comptree:comp|comptree:sub_comptree|cmpchain:cmp_end|~39~1' from file "cmpchain.tdf" line 470, column 33
-- Equation name is '_LC3_A2', type is buried 
-- synthesized logic cell 
_LC3_A2  = LCELL( _EQ058);
  _EQ058 =  _LC1_C10 &  _LC2_A11 &  _LC2_C8 &  _LC4_A11
         # !_LC1_C10 &  _LC2_A11 &  _LC2_C8 & !_LC4_A11
         #  _LC1_C10 & !_LC2_A11 & !_LC2_C8 &  _LC4_A11
         # !_LC1_C10 & !_LC2_A11 & !_LC2_C8 & !_LC4_A11;

-- Node name is '|LPM_COUNTER:13|f8count:p8c0|:8' = '|LPM_COUNTER:13|f8count:p8c0|QA' 
-- Equation name is '_LC1_A11', type is buried 
_LC1_A11 = DFFE(!_LC1_A11,  _LC3_A11, GLOBAL(!Reset),  VCC,  VCC);

-- Node name is '|LPM_COUNTER:13|f8count:p8c0|:7' = '|LPM_COUNTER:13|f8count:p8c0|QB' 
-- Equation name is '_LC4_A11', type is buried 
_LC4_A11 = DFFE( _EQ059,  _LC3_A11, GLOBAL(!Reset),  VCC,  VCC);
  _EQ059 =  _LC1_A11 & !_LC4_A11
         # !_LC1_A11 &  _LC4_A11;

-- Node name is '|LPM_COUNTER:13|f8count:p8c0|:6' = '|LPM_COUNTER:13|f8count:p8c0|QC' 
-- Equation name is '_LC2_A11', type is buried 
_LC2_A11 = DFFE( _EQ060,  _LC3_A11, GLOBAL(!Reset),  VCC,  VCC);
  _EQ060 = !_LC1_A11 &  _LC2_A11
         #  _LC2_A11 & !_LC4_A11
         #  _LC1_A11 & !_LC2_A11 &  _LC4_A11;

-- Node name is '|LPM_COUNTER:51|f8count:p8c0|:8' = '|LPM_COUNTER:51|f8count:p8c0|QA' 
-- Equation name is '_LC1_C9', type is buried 
_LC1_C9  = DFFE(!_LC1_C9, GLOBAL( RD), GLOBAL(!Reset),  VCC,  VCC);

-- Node name is '|LPM_COUNTER:51|f8count:p8c0|:7' = '|LPM_COUNTER:51|f8count:p8c0|QB' 
-- Equation name is '_LC1_C10', type is buried 
_LC1_C10 = DFFE( _EQ061, GLOBAL( RD), GLOBAL(!Reset),  VCC,  VCC);
  _EQ061 =  _LC1_C9 & !_LC1_C10
         # !_LC1_C9 &  _LC1_C10;

-- Node name is '|LPM_COUNTER:51|f8count:p8c0|:6' = '|LPM_COUNTER:51|f8count:p8c0|QC' 
-- Equation name is '_LC2_C8', type is buried 
_LC2_C8  = DFFE( _EQ062, GLOBAL( RD), GLOBAL(!Reset),  VCC,  VCC);
  _EQ062 = !_LC1_C9 &  _LC2_C8
         # !_LC1_C10 &  _LC2_C8
         #  _LC1_C9 &  _LC1_C10 & !_LC2_C8;

-- Node name is '|RSTR1:82|:64' 
-- Equation name is '_LC1_A2', type is buried 
_LC1_A2  = LCELL( _EQ063);
  _EQ063 = !RD &  WR
         #  _LC1_A2 &  WR
         #  _LC1_A2 & !RD;

-- Node name is ':8' 
-- Equation name is '_LC2_A2', type is buried 
_LC2_A2  = LCELL( _EQ064);
  _EQ064 =  _LC1_A2 &  _LC1_A11 &  _LC1_C9 &  _LC3_A2
         #  _LC1_A2 & !_LC1_A11 & !_LC1_C9 &  _LC3_A2;

-- Node name is ':9' 
-- Equation name is '_LC6_A2', type is buried 
_LC6_A2  = LCELL( _EQ065);
  _EQ065 = !_LC1_A2 &  _LC1_A11 &  _LC1_C9 &  _LC3_A2
         # !_LC1_A2 & !_LC1_A11 & !_LC1_C9 &  _LC3_A2;

-- Node name is ':79' 
-- Equation name is '_LC3_A11', type is buried 
_LC3_A11 = LCELL( _EQ066);
  _EQ066 = !RD &  WR;



Project Information                          y:\sem4\lab2\fifolifogdf\fifo.rpt

** COMPILATION SETTINGS & TIMES **

Processing Menu Commands
------------------------

Design Doctor                             = off

Logic Synthesis:

   Synthesis Type Used                    = Multi-Level

   Default Synthesis Style                = NORMAL

      Logic option settings in 'NORMAL' style for 'FLEX10K' family

      CARRY_CHAIN                         = ignore
      CARRY_CHAIN_LENGTH                  = 32
      CASCADE_CHAIN                       = ignore
      CASCADE_CHAIN_LENGTH                = 2
      DECOMPOSE_GATES                     = on
      DUPLICATE_LOGIC_EXTRACTION          = on
      MINIMIZATION                        = full
      MULTI_LEVEL_FACTORING               = on
      NOT_GATE_PUSH_BACK                  = on
      REDUCE_LOGIC                        = on
      REFACTORIZATION                     = on
      REGISTER_OPTIMIZATION               = on
      RESYNTHESIZE_NETWORK                = on
      SLOW_SLEW_RATE                      = off
      SUBFACTOR_EXTRACTION                = on
      IGNORE_SOFT_BUFFERS                 = on
      USE_LPM_FOR_AHDL_OPERATORS          = off

   Other logic synthesis settings:

      Automatic Global Clock              = on
      Automatic Global Clear              = on
      Automatic Global Preset             = on
      Automatic Global Output Enable      = on
      Automatic Fast I/O                  = off
      Automatic Register Packing          = off
      Automatic Open-Drain Pins           = on
      Automatic Implement in EAB          = off
      Optimize                            = 5

Default Timing Specifications: None

Cut All Bidir Feedback Timing Paths       = on
Cut All Clear & Preset Timing Paths       = on

Ignore Timing Assignments                 = off

Functional SNF Extractor                  = off

Linked SNF Extractor                      = off
Timing SNF Extractor                      = on
Optimize Timing SNF                       = off
Generate AHDL TDO File                    = off
Fitter Settings                           = NORMAL
Smart Recompile                           = off
Total Recompile                           = off

Interfaces Menu Commands
------------------------

EDIF Netlist Writer                       = off
Verilog Netlist Writer                    = off
VHDL Netlist Writer                       = off

Compilation Times
-----------------

   Compiler Netlist Extractor             00:00:00
   Database Builder                       00:00:00
   Logic Synthesizer                      00:00:00
   Partitioner                            00:00:00
   Fitter                                 00:00:01
   Timing SNF Extractor                   00:00:00
   Assembler                              00:00:00
   --------------------------             --------
   Total Time                             00:00:01


Memory Allocated
-----------------

Peak memory allocated during compilation  = 21,378K
