Project Information               c:\max2work\lab4sem1\fifolifogdf\fiforeg.rpt

MAX+plus II Compiler Report File
Version 9.01 07/30/98
Compiled: 02/20/22 02:16:07

Copyright (C) 1988-1998 Altera Corporation
Any megafunction design, and related net list (encrypted or decrypted),
support information, device programming or simulation file, and any other
associated documentation or information provided by Altera or a partner
under Altera's Megafunction Partnership Program may be used only to
program PLD devices (but not masked PLD devices) from Altera.  Any other
use of such megafunction design, net list, support information, device
programming or simulation file, or any other related documentation or
information is prohibited for any other purpose, including, but not
limited to modification, reverse engineering, de-compiling, or use with
any other silicon devices, unless such use is explicitly licensed under
a separate agreement with Altera or a megafunction partner.  Title to
the intellectual property, including patents, copyrights, trademarks,
trade secrets, or maskworks, embodied in any such megafunction design,
net list, support information, device programming or simulation file, or
any other related documentation or information provided by Altera or a
megafunction partner, remains with Altera, the megafunction partner, or
their respective licensors.  No other licenses, including any licenses
needed under any third party's intellectual property, are provided herein.



***** Project compilation was successful




** DEVICE SUMMARY **

Chip/                     Input Output Bidir  Memory  Memory  			 LCs
POF       Device          Pins  Pins   Pins   Bits % Utilized  LCs  % Utilized

fiforeg   EPF10K10LC84-3   16     8      0    0         0  %    121      21 %

User Pins:                 16     8      0  



Project Information               c:\max2work\lab4sem1\fifolifogdf\fiforeg.rpt

** FILE HIERARCHY **



|lpm_decode:94|
|lpm_decode:94|altshift:external_latency_ffs|
|lpm_decode:94|declut:decoder|
|lpm_mux:93|
|lpm_mux:93|bypassff:sel_latency_ff0|
|lpm_mux:93|altshift:external_latency_ffs|
|lpm_mux:93|muxlut:135|
|lpm_mux:93|muxlut:135|muxlut:43|
|lpm_mux:93|muxlut:135|muxlut:60|
|lpm_mux:93|muxlut:135|muxlut:77|
|lpm_mux:93|muxlut:156|
|lpm_mux:93|muxlut:156|muxlut:43|
|lpm_mux:93|muxlut:156|muxlut:60|
|lpm_mux:93|muxlut:156|muxlut:77|
|lpm_mux:93|muxlut:177|
|lpm_mux:93|muxlut:177|muxlut:43|
|lpm_mux:93|muxlut:177|muxlut:60|
|lpm_mux:93|muxlut:177|muxlut:77|
|lpm_mux:93|muxlut:198|
|lpm_mux:93|muxlut:198|muxlut:43|
|lpm_mux:93|muxlut:198|muxlut:60|
|lpm_mux:93|muxlut:198|muxlut:77|
|lpm_mux:93|muxlut:219|
|lpm_mux:93|muxlut:219|muxlut:43|
|lpm_mux:93|muxlut:219|muxlut:60|
|lpm_mux:93|muxlut:219|muxlut:77|
|lpm_mux:93|muxlut:240|
|lpm_mux:93|muxlut:240|muxlut:43|
|lpm_mux:93|muxlut:240|muxlut:60|
|lpm_mux:93|muxlut:240|muxlut:77|
|lpm_mux:93|muxlut:261|
|lpm_mux:93|muxlut:261|muxlut:43|
|lpm_mux:93|muxlut:261|muxlut:60|
|lpm_mux:93|muxlut:261|muxlut:77|
|lpm_mux:93|muxlut:282|
|lpm_mux:93|muxlut:282|muxlut:43|
|lpm_mux:93|muxlut:282|muxlut:60|
|lpm_mux:93|muxlut:282|muxlut:77|
|trig8:91|
|trig8:83|
|trig8:84|
|trig8:85|
|trig8:86|
|trig8:87|
|trig8:88|
|trig8:89|
|trig8:90|


Device-Specific Information:      c:\max2work\lab4sem1\fifolifogdf\fiforeg.rpt
fiforeg

***** Logic for device 'fiforeg' compiled without errors.




Device: EPF10K10LC84-3

FLEX 10K Configuration Scheme: Passive Serial

Device Options:
    User-Supplied Start-Up Clock               = OFF
    Auto-Restart Configuration on Frame Error  = OFF
    Release Clears Before Tri-States           = OFF
    Enable Chip_Wide Reset                     = OFF
    Enable Chip-Wide Output Enable             = OFF
    Enable INIT_DONE Output                    = OFF
    JTAG User Code                             = 7f

                                                                         ^     
                                                                         C     
                R  R  R  R  R  R  R     R           R     R  R  R  R     O     
                E  E  E  E  E  E  E     E           E     E  E  E  E     N     
                S  S  S  S  S  S  S  V  S           S  G  S  S  S  S     F     
                E  E  E  E  E  E  E  C  E           E  N  E  E  E  E     _  ^  
                R  R  R  R  R  R  R  C  R  A  A  A  R  D  R  R  R  R  #  D  n  
                V  V  V  V  V  V  V  I  V  R  W  R  V  I  V  V  V  V  T  O  C  
                E  E  E  E  E  E  E  N  E  D  R  D  E  N  E  E  E  E  C  N  E  
                D  D  D  D  D  D  D  T  D  1  1  0  D  T  D  D  D  D  K  E  O  
              -----------------------------------------------------------------_ 
            /  11 10  9  8  7  6  5  4  3  2  1 84 83 82 81 80 79 78 77 76 75   | 
    ^DATA0 | 12                                                              74 | #TDO 
     ^DCLK | 13                                                              73 | AWR2 
      ^nCE | 14                                                              72 | DI2 
      #TDI | 15                                                              71 | DI0 
  RESERVED | 16                                                              70 | WR 
  RESERVED | 17                                                              69 | DO2 
       DO0 | 18                                                              68 | GNDINT 
  RESERVED | 19                                                              67 | DI4 
    VCCINT | 20                                                              66 | DI6 
  RESERVED | 21                                                              65 | DI7 
  RESERVED | 22                        EPF10K10LC84-3                        64 | DO6 
       DO4 | 23                                                              63 | VCCINT 
  RESERVED | 24                                                              62 | DI5 
       DO7 | 25                                                              61 | DI3 
    GNDINT | 26                                                              60 | DI1 
  RESERVED | 27                                                              59 | DO3 
  RESERVED | 28                                                              58 | DO1 
       DO5 | 29                                                              57 | #TMS 
  RESERVED | 30                                                              56 | #nTRST 
    ^MSEL0 | 31                                                              55 | ^nSTATUS 
    ^MSEL1 | 32                                                              54 | RESERVED 
           |_  33 34 35 36 37 38 39 40 41 42 43 44 45 46 47 48 49 50 51 52 53  _| 
             ------------------------------------------------------------------ 
                V  ^  R  R  R  R  R  V  G  A  R  A  V  G  R  R  R  R  R  R  R  
                C  n  E  E  E  E  E  C  N  W  D  R  C  N  E  E  E  E  E  E  E  
                C  C  S  S  S  S  S  C  D  R     D  C  D  S  S  S  S  S  S  S  
                I  O  E  E  E  E  E  I  I  0     2  I  I  E  E  E  E  E  E  E  
                N  N  R  R  R  R  R  N  N           N  N  R  R  R  R  R  R  R  
                T  F  V  V  V  V  V  T  T           T  T  V  V  V  V  V  V  V  
                   I  E  E  E  E  E                       E  E  E  E  E  E  E  
                   G  D  D  D  D  D                       D  D  D  D  D  D  D  
                                                                               
                                                                               


N.C. = Not Connected.
VCCINT = Dedicated power pin, which MUST be connected to VCC (5.0 volts).
VCCIO = Dedicated power pin, which MUST be connected to VCC (5.0 volts).
GNDINT = Dedicated ground pin or unused dedicated input, which MUST be connected to GND.
GNDIO = Dedicated ground pin, which MUST be connected to GND.
RESERVED = Unused I/O pin, which MUST be left unconnected.

^ = Dedicated configuration pin.
+ = Reserved configuration pin, which is tri-stated during user mode.
* = Reserved configuration pin, which drives out in user mode.
PDn = Power Down pin. 
@ = Special-purpose pin. 
# = JTAG Boundary-Scan Testing/In-System Programming or Configuration Pin. The JTAG inputs (TMS, TCK, TDI) should be tied to VCC when not in use.
& = JTAG pin used for I/O. When used as user I/O, JTAG pins must be kept stable before and during configuration.  JTAG pin stability prevents accidental loading of JTAG instructions.


Device-Specific Information:      c:\max2work\lab4sem1\fifolifogdf\fiforeg.rpt
fiforeg

** RESOURCE USAGE **

Logic                Column       Row                                   
Array                Interconnect Interconnect         Clears/     External  
Block   Logic Cells  Driven       Driven       Clocks  Presets   Interconnect
A1       3/ 8( 37%)   3/ 8( 37%)   3/ 8( 37%)    0/2    0/2       4/22( 18%)   
A2       1/ 8( 12%)   1/ 8( 12%)   1/ 8( 12%)    0/2    0/2       4/22( 18%)   
A3       1/ 8( 12%)   1/ 8( 12%)   1/ 8( 12%)    0/2    0/2       4/22( 18%)   
A4       1/ 8( 12%)   1/ 8( 12%)   1/ 8( 12%)    0/2    0/2       4/22( 18%)   
A5       1/ 8( 12%)   1/ 8( 12%)   1/ 8( 12%)    0/2    0/2       4/22( 18%)   
A6       1/ 8( 12%)   1/ 8( 12%)   1/ 8( 12%)    0/2    0/2       4/22( 18%)   
A7       7/ 8( 87%)   0/ 8(  0%)   1/ 8( 12%)    2/2    0/2      12/22( 54%)   
A8       1/ 8( 12%)   0/ 8(  0%)   1/ 8( 12%)    0/2    0/2       2/22(  9%)   
A9       1/ 8( 12%)   0/ 8(  0%)   1/ 8( 12%)    1/2    0/2       2/22(  9%)   
A10      2/ 8( 25%)   0/ 8(  0%)   2/ 8( 25%)    2/2    0/2       3/22( 13%)   
A11      2/ 8( 25%)   0/ 8(  0%)   2/ 8( 25%)    2/2    0/2       3/22( 13%)   
A12      2/ 8( 25%)   0/ 8(  0%)   2/ 8( 25%)    2/2    0/2       3/22( 13%)   
A15      4/ 8( 50%)   0/ 8(  0%)   1/ 8( 12%)    2/2    0/2       9/22( 40%)   
A16      2/ 8( 25%)   0/ 8(  0%)   2/ 8( 25%)    2/2    0/2       3/22( 13%)   
A17      2/ 8( 25%)   0/ 8(  0%)   2/ 8( 25%)    2/2    0/2       3/22( 13%)   
A18      1/ 8( 12%)   0/ 8(  0%)   1/ 8( 12%)    1/2    0/2       2/22(  9%)   
A19      5/ 8( 62%)   0/ 8(  0%)   1/ 8( 12%)    2/2    0/2       8/22( 36%)   
B7       5/ 8( 62%)   0/ 8(  0%)   1/ 8( 12%)    2/2    0/2       8/22( 36%)   
B8       4/ 8( 50%)   0/ 8(  0%)   1/ 8( 12%)    2/2    0/2       9/22( 40%)   
B10      2/ 8( 25%)   0/ 8(  0%)   2/ 8( 25%)    2/2    0/2       3/22( 13%)   
B11      2/ 8( 25%)   0/ 8(  0%)   2/ 8( 25%)    2/2    0/2       3/22( 13%)   
B12      1/ 8( 12%)   0/ 8(  0%)   1/ 8( 12%)    1/2    0/2       2/22(  9%)   
B13      4/ 8( 50%)   0/ 8(  0%)   2/ 8( 25%)    1/2    0/2      10/22( 45%)   
B18      6/ 8( 75%)   0/ 8(  0%)   2/ 8( 25%)    2/2    0/2       5/22( 22%)   
B19      6/ 8( 75%)   0/ 8(  0%)   2/ 8( 25%)    2/2    0/2       6/22( 27%)   
B20      6/ 8( 75%)   0/ 8(  0%)   2/ 8( 25%)    2/2    0/2       6/22( 27%)   
B21      6/ 8( 75%)   0/ 8(  0%)   2/ 8( 25%)    2/2    0/2       5/22( 22%)   
C2       5/ 8( 62%)   0/ 8(  0%)   1/ 8( 12%)    2/2    0/2       8/22( 36%)   
C9       4/ 8( 50%)   0/ 8(  0%)   1/ 8( 12%)    2/2    0/2       9/22( 40%)   
C10      2/ 8( 25%)   0/ 8(  0%)   2/ 8( 25%)    2/2    0/2       3/22( 13%)   
C11      1/ 8( 12%)   0/ 8(  0%)   1/ 8( 12%)    1/2    0/2       2/22(  9%)   
C12      2/ 8( 25%)   0/ 8(  0%)   2/ 8( 25%)    2/2    0/2       3/22( 13%)   
C14      4/ 8( 50%)   0/ 8(  0%)   2/ 8( 25%)    1/2    0/2      10/22( 45%)   
C16      6/ 8( 75%)   0/ 8(  0%)   2/ 8( 25%)    2/2    0/2       5/22( 22%)   
C22      6/ 8( 75%)   0/ 8(  0%)   2/ 8( 25%)    2/2    0/2       5/22( 22%)   
C23      6/ 8( 75%)   0/ 8(  0%)   2/ 8( 25%)    2/2    0/2       6/22( 27%)   
C24      6/ 8( 75%)   0/ 8(  0%)   2/ 8( 25%)    2/2    0/2       6/22( 27%)   


Embedded             Column       Row                                   
Array     Embedded   Interconnect Interconnect         Read/      External  
Block     Cells      Driven       Driven       Clocks  Write    Interconnect


Total dedicated input pins used:                 6/6      (100%)
Total I/O pins used:                            18/53     ( 33%)
Total logic cells used:                        121/576    ( 21%)
Total embedded cells used:                       0/24     (  0%)
Total EABs used:                                 0/3      (  0%)
Average fan-in:                                 2.26/4    ( 56%)
Total fan-in:                                 274/2304    ( 11%)

Total input pins required:                      16
Total input I/O cell registers required:         0
Total output pins required:                      8
Total output I/O cell registers required:        0
Total buried I/O cell registers required:        0
Total bidirectional pins required:               0
Total reserved pins required                     0
Total logic cells required:                    121
Total flipflops required:                       72
Total packed registers required:                 0
Total logic cells in carry chains:               0
Total number of carry chains:                    0
Total logic cells in cascade chains:             0
Total number of cascade chains:                  0
Total single-pin Clock Enables required:         0
Total single-pin Output Enables required:        0

Synthesized logic cells:                        16/ 576   (  2%)

Logic Cell and Embedded Cell Counts

Column:  01  02  03  04  05  06  07  08  09  10  11  12  EA  13  14  15  16  17  18  19  20  21  22  23  24  Total(LC/EC)
 A:      3   1   1   1   1   1   7   1   1   2   2   2   0   0   0   4   2   2   1   5   0   0   0   0   0     37/0  
 B:      0   0   0   0   0   0   5   4   0   2   2   1   0   4   0   0   0   0   6   6   6   6   0   0   0     42/0  
 C:      0   5   0   0   0   0   0   0   4   2   1   2   0   0   4   0   6   0   0   0   0   0   6   6   6     42/0  

Total:   3   6   1   1   1   1  12   5   5   6   5   5   0   4   4   4   8   2   7  11   6   6   6   6   6    121/0  



Device-Specific Information:      c:\max2work\lab4sem1\fifolifogdf\fiforeg.rpt
fiforeg

** INPUTS **

                                                    Fan-In    Fan-Out
 Pin     LC     EC   Row  Col  Primitive    Code      INP  FBK  OUT  FBK  Name
  84      -     -    -    --      INPUT                0    0    0   32  ARD0
   2      -     -    -    --      INPUT                0    0    0   24  ARD1
  44      -     -    -    --      INPUT                0    0    0   16  ARD2
  42      -     -    -    --      INPUT                0    0    0    8  AWR0
   1      -     -    -    --      INPUT                0    0    0    8  AWR1
  73      -     -    A    --      INPUT                0    0    0    8  AWR2
  71      -     -    A    --      INPUT                0    0    0    8  DI0
  60      -     -    C    --      INPUT                0    0    0    8  DI1
  72      -     -    A    --      INPUT                0    0    0    8  DI2
  61      -     -    C    --      INPUT                0    0    0    8  DI3
  67      -     -    B    --      INPUT                0    0    0    8  DI4
  62      -     -    C    --      INPUT                0    0    0    8  DI5
  66      -     -    B    --      INPUT                0    0    0    8  DI6
  65      -     -    B    --      INPUT                0    0    0    8  DI7
  43      -     -    -    --      INPUT  G             0    0    0    1  RD
  70      -     -    A    --      INPUT                0    0    0    1  WR


Code:

s = Synthesized pin or logic cell
+ = Synchronous flipflop
/ = Slow slew-rate output
! = NOT gate push-back
r = Fitter-inserted logic cell
@ = Uses single-pin Clock Enable
& = Uses single-pin Output Enable
G = Global Source. Fan-out destinations counted here do not include destinations
that are driven using global routing resources. Refer to the Auto Global Signals,
Clock Signals, Clear Signals, Synchronous Load Signals, and Synchronous Clear Signals
Sections of this Report File for information on which signals' fan-outs are used as
Clock, Clear, Preset, Output Enable, and synchronous Load signals.


Device-Specific Information:      c:\max2work\lab4sem1\fifolifogdf\fiforeg.rpt
fiforeg

** OUTPUTS **

       Fed By Fed By                                Fan-In    Fan-Out
 Pin     LC     EC   Row  Col  Primitive    Code      INP  FBK  OUT  FBK  Name
  18      -     -    A    --     OUTPUT                0    1    0    0  DO0
  58      -     -    C    --     OUTPUT                0    1    0    0  DO1
  69      -     -    A    --     OUTPUT                0    1    0    0  DO2
  59      -     -    C    --     OUTPUT                0    1    0    0  DO3
  23      -     -    B    --     OUTPUT                0    1    0    0  DO4
  29      -     -    C    --     OUTPUT                0    1    0    0  DO5
  64      -     -    B    --     OUTPUT                0    1    0    0  DO6
  25      -     -    B    --     OUTPUT                0    1    0    0  DO7


Code:

s = Synthesized pin or logic cell
+ = Synchronous flipflop
/ = Slow slew-rate output
! = NOT gate push-back
r = Fitter-inserted logic cell
@ = Uses single-pin Clock Enable
& = Uses single-pin Output Enable


Device-Specific Information:      c:\max2work\lab4sem1\fifolifogdf\fiforeg.rpt
fiforeg

** BURIED LOGIC **

                                                    Fan-In    Fan-Out
 IOC     LC     EC   Row  Col  Primitive    Code      INP  FBK  OUT  FBK  Name
   -      1     -    A    02       AND2                3    1    0    8  |LPM_DECODE:94|declut:decoder|anode0_3
   -      6     -    A    01       AND2                3    1    0    8  |LPM_DECODE:94|declut:decoder|anode1_3
   -      2     -    A    01       AND2                3    1    0    8  |LPM_DECODE:94|declut:decoder|anode2_3
   -      3     -    A    01       AND2                3    1    0    8  |LPM_DECODE:94|declut:decoder|anode3_3
   -      1     -    A    06       AND2                3    1    0    8  |LPM_DECODE:94|declut:decoder|anode4_3
   -      1     -    A    05       AND2                3    1    0    8  |LPM_DECODE:94|declut:decoder|anode5_3
   -      1     -    A    04       AND2                3    1    0    8  |LPM_DECODE:94|declut:decoder|anode6_3
   -      3     -    A    03       AND2                3    1    0    8  |LPM_DECODE:94|declut:decoder|anode7_3
   -      2     -    A    07        OR2    s           1    2    0    1  |LPM_MUX:93|muxlut:135|muxlut:43|~44~1
   -      3     -    A    07        OR2    s           1    2    0    1  |LPM_MUX:93|muxlut:135|muxlut:43|~49~1
   -      4     -    A    07        OR2                2    2    0    1  |LPM_MUX:93|muxlut:135|muxlut:60|:44
   -      6     -    A    07        OR2                2    2    0    1  |LPM_MUX:93|muxlut:135|muxlut:60|:49
   -      7     -    A    07        OR2                2    2    0    1  |LPM_MUX:93|muxlut:135|muxlut:77|:37
   -      2     -    C    22        OR2    s           1    2    0    1  |LPM_MUX:93|muxlut:156|muxlut:43|~44~1
   -      1     -    C    16        OR2    s           1    2    0    1  |LPM_MUX:93|muxlut:156|muxlut:43|~49~1
   -      2     -    C    24        OR2                2    2    0    1  |LPM_MUX:93|muxlut:156|muxlut:60|:44
   -      3     -    C    23        OR2                2    2    0    1  |LPM_MUX:93|muxlut:156|muxlut:60|:49
   -      1     -    C    14        OR2                2    2    0    1  |LPM_MUX:93|muxlut:156|muxlut:77|:37
   -      2     -    A    19        OR2    s           1    2    0    1  |LPM_MUX:93|muxlut:177|muxlut:43|~44~1
   -      3     -    A    19        OR2    s           1    2    0    1  |LPM_MUX:93|muxlut:177|muxlut:43|~49~1
   -      2     -    A    15        OR2                2    2    0    1  |LPM_MUX:93|muxlut:177|muxlut:60|:44
   -      3     -    A    15        OR2                2    2    0    1  |LPM_MUX:93|muxlut:177|muxlut:60|:49
   -      1     -    A    19        OR2                2    2    0    1  |LPM_MUX:93|muxlut:177|muxlut:77|:37
   -      1     -    C    22        OR2    s           1    2    0    1  |LPM_MUX:93|muxlut:198|muxlut:43|~44~1
   -      3     -    C    16        OR2    s           1    2    0    1  |LPM_MUX:93|muxlut:198|muxlut:43|~49~1
   -      1     -    C    24        OR2                2    2    0    1  |LPM_MUX:93|muxlut:198|muxlut:60|:44
   -      1     -    C    23        OR2                2    2    0    1  |LPM_MUX:93|muxlut:198|muxlut:60|:49
   -      2     -    C    14        OR2                2    2    0    1  |LPM_MUX:93|muxlut:198|muxlut:77|:37
   -      3     -    B    07        OR2    s           1    2    0    1  |LPM_MUX:93|muxlut:219|muxlut:43|~44~1
   -      1     -    B    07        OR2    s           1    2    0    1  |LPM_MUX:93|muxlut:219|muxlut:43|~49~1
   -      2     -    B    08        OR2                2    2    0    1  |LPM_MUX:93|muxlut:219|muxlut:60|:44
   -      1     -    B    08        OR2                2    2    0    1  |LPM_MUX:93|muxlut:219|muxlut:60|:49
   -      2     -    B    07        OR2                2    2    0    1  |LPM_MUX:93|muxlut:219|muxlut:77|:37
   -      1     -    C    02        OR2    s           1    2    0    1  |LPM_MUX:93|muxlut:240|muxlut:43|~44~1
   -      3     -    C    02        OR2    s           1    2    0    1  |LPM_MUX:93|muxlut:240|muxlut:43|~49~1
   -      1     -    C    09        OR2                2    2    0    1  |LPM_MUX:93|muxlut:240|muxlut:60|:44
   -      2     -    C    09        OR2                2    2    0    1  |LPM_MUX:93|muxlut:240|muxlut:60|:49
   -      2     -    C    02        OR2                2    2    0    1  |LPM_MUX:93|muxlut:240|muxlut:77|:37
   -      2     -    B    18        OR2    s           1    2    0    1  |LPM_MUX:93|muxlut:261|muxlut:43|~44~1
   -      1     -    B    21        OR2    s           1    2    0    1  |LPM_MUX:93|muxlut:261|muxlut:43|~49~1
   -      1     -    B    20        OR2                2    2    0    1  |LPM_MUX:93|muxlut:261|muxlut:60|:44
   -      1     -    B    19        OR2                2    2    0    1  |LPM_MUX:93|muxlut:261|muxlut:60|:49
   -      2     -    B    13        OR2                2    2    0    1  |LPM_MUX:93|muxlut:261|muxlut:77|:37
   -      1     -    B    18        OR2    s           1    2    0    1  |LPM_MUX:93|muxlut:282|muxlut:43|~44~1
   -      3     -    B    21        OR2    s           1    2    0    1  |LPM_MUX:93|muxlut:282|muxlut:43|~49~1
   -      2     -    B    20        OR2                2    2    0    1  |LPM_MUX:93|muxlut:282|muxlut:60|:44
   -      2     -    B    19        OR2                2    2    0    1  |LPM_MUX:93|muxlut:282|muxlut:60|:49
   -      1     -    B    13        OR2                2    2    0    1  |LPM_MUX:93|muxlut:282|muxlut:77|:37
   -      1     -    A    10       DFFE                1    1    0    1  |trig8:83|Q0 (|trig8:83|:12)
   -      6     -    C    16       DFFE                1    1    0    1  |trig8:83|Q1 (|trig8:83|:15)
   -      1     -    A    17       DFFE                1    1    0    1  |trig8:83|Q2 (|trig8:83|:16)
   -      5     -    C    16       DFFE                1    1    0    1  |trig8:83|Q3 (|trig8:83|:17)
   -      6     -    B    11       DFFE                1    1    0    1  |trig8:83|Q4 (|trig8:83|:18)
   -      1     -    C    10       DFFE                1    1    0    1  |trig8:83|Q5 (|trig8:83|:19)
   -      6     -    B    21       DFFE                1    1    0    1  |trig8:83|Q6 (|trig8:83|:20)
   -      5     -    B    21       DFFE                1    1    0    1  |trig8:83|Q7 (|trig8:83|:21)
   -      5     -    A    07       DFFE   +            1    3    1    0  |trig8:84|Q0 (|trig8:84|:12)
   -      6     -    C    14       DFFE   +            1    3    1    0  |trig8:84|Q1 (|trig8:84|:15)
   -      8     -    A    15       DFFE   +            1    3    1    0  |trig8:84|Q2 (|trig8:84|:16)
   -      5     -    C    14       DFFE   +            1    3    1    0  |trig8:84|Q3 (|trig8:84|:17)
   -      3     -    B    08       DFFE   +            1    3    1    0  |trig8:84|Q4 (|trig8:84|:18)
   -      5     -    C    09       DFFE   +            1    3    1    0  |trig8:84|Q5 (|trig8:84|:19)
   -      7     -    B    13       DFFE   +            1    3    1    0  |trig8:84|Q6 (|trig8:84|:20)
   -      8     -    B    13       DFFE   +            1    3    1    0  |trig8:84|Q7 (|trig8:84|:21)
   -      1     -    A    11       DFFE                1    1    0    1  |trig8:85|Q0 (|trig8:85|:12)
   -      4     -    C    16       DFFE                1    1    0    1  |trig8:85|Q1 (|trig8:85|:15)
   -      5     -    A    19       DFFE                1    1    0    1  |trig8:85|Q2 (|trig8:85|:16)
   -      2     -    C    16       DFFE                1    1    0    1  |trig8:85|Q3 (|trig8:85|:17)
   -      5     -    B    07       DFFE                1    1    0    1  |trig8:85|Q4 (|trig8:85|:18)
   -      5     -    C    02       DFFE                1    1    0    1  |trig8:85|Q5 (|trig8:85|:19)
   -      4     -    B    21       DFFE                1    1    0    1  |trig8:85|Q6 (|trig8:85|:20)
   -      2     -    B    21       DFFE                1    1    0    1  |trig8:85|Q7 (|trig8:85|:21)
   -      2     -    A    09       DFFE                1    1    0    1  |trig8:86|Q0 (|trig8:86|:12)
   -      6     -    C    22       DFFE                1    1    0    1  |trig8:86|Q1 (|trig8:86|:15)
   -      4     -    A    19       DFFE                1    1    0    1  |trig8:86|Q2 (|trig8:86|:16)
   -      5     -    C    22       DFFE                1    1    0    1  |trig8:86|Q3 (|trig8:86|:17)
   -      4     -    B    07       DFFE                1    1    0    1  |trig8:86|Q4 (|trig8:86|:18)
   -      4     -    C    02       DFFE                1    1    0    1  |trig8:86|Q5 (|trig8:86|:19)
   -      6     -    B    18       DFFE                1    1    0    1  |trig8:86|Q6 (|trig8:86|:20)
   -      5     -    B    18       DFFE                1    1    0    1  |trig8:86|Q7 (|trig8:86|:21)
   -      1     -    A    12       DFFE                1    1    0    1  |trig8:87|Q0 (|trig8:87|:12)
   -      4     -    C    22       DFFE                1    1    0    1  |trig8:87|Q1 (|trig8:87|:15)
   -      1     -    A    16       DFFE                1    1    0    1  |trig8:87|Q2 (|trig8:87|:16)
   -      3     -    C    22       DFFE                1    1    0    1  |trig8:87|Q3 (|trig8:87|:17)
   -      1     -    B    10       DFFE                1    1    0    1  |trig8:87|Q4 (|trig8:87|:18)
   -      5     -    C    12       DFFE                1    1    0    1  |trig8:87|Q5 (|trig8:87|:19)
   -      3     -    B    18       DFFE                1    1    0    1  |trig8:87|Q6 (|trig8:87|:20)
   -      4     -    B    18       DFFE                1    1    0    1  |trig8:87|Q7 (|trig8:87|:21)
   -      2     -    A    12       DFFE                1    1    0    1  |trig8:88|Q0 (|trig8:88|:12)
   -      4     -    C    23       DFFE                1    1    0    1  |trig8:88|Q1 (|trig8:88|:15)
   -      2     -    A    16       DFFE                1    1    0    1  |trig8:88|Q2 (|trig8:88|:16)
   -      5     -    C    23       DFFE                1    1    0    1  |trig8:88|Q3 (|trig8:88|:17)
   -      2     -    B    10       DFFE                1    1    0    1  |trig8:88|Q4 (|trig8:88|:18)
   -      7     -    C    12       DFFE                1    1    0    1  |trig8:88|Q5 (|trig8:88|:19)
   -      3     -    B    19       DFFE                1    1    0    1  |trig8:88|Q6 (|trig8:88|:20)
   -      6     -    B    19       DFFE                1    1    0    1  |trig8:88|Q7 (|trig8:88|:21)
   -      3     -    A    11       DFFE                1    1    0    1  |trig8:89|Q0 (|trig8:89|:12)
   -      6     -    C    23       DFFE                1    1    0    1  |trig8:89|Q1 (|trig8:89|:15)
   -      1     -    A    15       DFFE                1    1    0    1  |trig8:89|Q2 (|trig8:89|:16)
   -      2     -    C    23       DFFE                1    1    0    1  |trig8:89|Q3 (|trig8:89|:17)
   -      4     -    B    08       DFFE                1    1    0    1  |trig8:89|Q4 (|trig8:89|:18)
   -      3     -    C    09       DFFE                1    1    0    1  |trig8:89|Q5 (|trig8:89|:19)
   -      4     -    B    19       DFFE                1    1    0    1  |trig8:89|Q6 (|trig8:89|:20)
   -      5     -    B    19       DFFE                1    1    0    1  |trig8:89|Q7 (|trig8:89|:21)
   -      2     -    A    10       DFFE                1    1    0    1  |trig8:90|Q0 (|trig8:90|:12)
   -      5     -    C    24       DFFE                1    1    0    1  |trig8:90|Q1 (|trig8:90|:15)
   -      1     -    A    18       DFFE                1    1    0    1  |trig8:90|Q2 (|trig8:90|:16)
   -      6     -    C    24       DFFE                1    1    0    1  |trig8:90|Q3 (|trig8:90|:17)
   -      1     -    B    12       DFFE                1    1    0    1  |trig8:90|Q4 (|trig8:90|:18)
   -      1     -    C    11       DFFE                1    1    0    1  |trig8:90|Q5 (|trig8:90|:19)
   -      5     -    B    20       DFFE                1    1    0    1  |trig8:90|Q6 (|trig8:90|:20)
   -      6     -    B    20       DFFE                1    1    0    1  |trig8:90|Q7 (|trig8:90|:21)
   -      1     -    A    07       DFFE                1    1    0    1  |trig8:91|Q0 (|trig8:91|:12)
   -      4     -    C    24       DFFE                1    1    0    1  |trig8:91|Q1 (|trig8:91|:15)
   -      2     -    A    17       DFFE                1    1    0    1  |trig8:91|Q2 (|trig8:91|:16)
   -      3     -    C    24       DFFE                1    1    0    1  |trig8:91|Q3 (|trig8:91|:17)
   -      1     -    B    11       DFFE                1    1    0    1  |trig8:91|Q4 (|trig8:91|:18)
   -      2     -    C    10       DFFE                1    1    0    1  |trig8:91|Q5 (|trig8:91|:19)
   -      3     -    B    20       DFFE                1    1    0    1  |trig8:91|Q6 (|trig8:91|:20)
   -      4     -    B    20       DFFE                1    1    0    1  |trig8:91|Q7 (|trig8:91|:21)
   -      1     -    A    08      LCELL                2    0    0    8  :110


Code:

s = Synthesized pin or logic cell
+ = Synchronous flipflop
/ = Slow slew-rate output
! = NOT gate push-back
r = Fitter-inserted logic cell
p = Packed register


Device-Specific Information:      c:\max2work\lab4sem1\fifolifogdf\fiforeg.rpt
fiforeg

** FASTTRACK INTERCONNECT UTILIZATION **

Row FastTrack Interconnect:

          Global         Left Half-      Right Half-
         FastTrack       FastTrack       FastTrack 
Row     Interconnect    Interconnect    Interconnect    Input Pins     Output Pins     Bidir Pins
A:      12/ 96( 12%)     9/ 48( 18%)     7/ 48( 14%)    4/16( 25%)      2/16( 12%)     0/16(  0%)
B:      12/ 96( 12%)     7/ 48( 14%)     9/ 48( 18%)    3/16( 18%)      3/16( 18%)     0/16(  0%)
C:      11/ 96( 11%)     7/ 48( 14%)    10/ 48( 20%)    3/16( 18%)      3/16( 18%)     0/16(  0%)


Column FastTrack Interconnect:

         FastTrack                                 
Column  Interconnect    Input Pins     Output Pins     Bidir Pins
01:      2/24(  8%)     0/4(  0%)      0/4(  0%)       0/4(  0%)
02:      2/24(  8%)     0/4(  0%)      0/4(  0%)       0/4(  0%)
03:      1/24(  4%)     0/4(  0%)      0/4(  0%)       0/4(  0%)
04:      1/24(  4%)     0/4(  0%)      0/4(  0%)       0/4(  0%)
05:      1/24(  4%)     0/4(  0%)      0/4(  0%)       0/4(  0%)
06:      1/24(  4%)     0/4(  0%)      0/4(  0%)       0/4(  0%)
07:      0/24(  0%)     0/4(  0%)      0/4(  0%)       0/4(  0%)
08:      0/24(  0%)     0/4(  0%)      0/4(  0%)       0/4(  0%)
09:      0/24(  0%)     0/4(  0%)      0/4(  0%)       0/4(  0%)
10:      0/24(  0%)     0/4(  0%)      0/4(  0%)       0/4(  0%)
11:      0/24(  0%)     0/4(  0%)      0/4(  0%)       0/4(  0%)
12:      0/24(  0%)     0/4(  0%)      0/4(  0%)       0/4(  0%)
13:      0/24(  0%)     0/4(  0%)      0/4(  0%)       0/4(  0%)
14:      0/24(  0%)     0/4(  0%)      0/4(  0%)       0/4(  0%)
15:      0/24(  0%)     0/4(  0%)      0/4(  0%)       0/4(  0%)
16:      0/24(  0%)     0/4(  0%)      0/4(  0%)       0/4(  0%)
17:      0/24(  0%)     0/4(  0%)      0/4(  0%)       0/4(  0%)
18:      0/24(  0%)     0/4(  0%)      0/4(  0%)       0/4(  0%)
19:      0/24(  0%)     0/4(  0%)      0/4(  0%)       0/4(  0%)
20:      0/24(  0%)     0/4(  0%)      0/4(  0%)       0/4(  0%)
21:      0/24(  0%)     0/4(  0%)      0/4(  0%)       0/4(  0%)
22:      0/24(  0%)     0/4(  0%)      0/4(  0%)       0/4(  0%)
23:      0/24(  0%)     0/4(  0%)      0/4(  0%)       0/4(  0%)
24:      0/24(  0%)     0/4(  0%)      0/4(  0%)       0/4(  0%)
EA:      0/24(  0%)     0/4(  0%)      0/4(  0%)       0/4(  0%)


Device-Specific Information:      c:\max2work\lab4sem1\fifolifogdf\fiforeg.rpt
fiforeg

** CLOCK SIGNALS **

Type     Fan-out       Name
INPUT        9         RD
LCELL        8         |LPM_DECODE:94|declut:decoder|anode0_3
LCELL        8         |LPM_DECODE:94|declut:decoder|anode1_3
LCELL        8         |LPM_DECODE:94|declut:decoder|anode2_3
LCELL        8         |LPM_DECODE:94|declut:decoder|anode3_3
LCELL        8         |LPM_DECODE:94|declut:decoder|anode4_3
LCELL        8         |LPM_DECODE:94|declut:decoder|anode5_3
LCELL        8         |LPM_DECODE:94|declut:decoder|anode6_3
LCELL        8         |LPM_DECODE:94|declut:decoder|anode7_3


Device-Specific Information:      c:\max2work\lab4sem1\fifolifogdf\fiforeg.rpt
fiforeg

** EQUATIONS **

ARD0     : INPUT;
ARD1     : INPUT;
ARD2     : INPUT;
AWR0     : INPUT;
AWR1     : INPUT;
AWR2     : INPUT;
DI0      : INPUT;
DI1      : INPUT;
DI2      : INPUT;
DI3      : INPUT;
DI4      : INPUT;
DI5      : INPUT;
DI6      : INPUT;
DI7      : INPUT;
RD       : INPUT;
WR       : INPUT;

-- Node name is 'DO0' 
-- Equation name is 'DO0', type is output 
DO0      =  _LC5_A7;

-- Node name is 'DO1' 
-- Equation name is 'DO1', type is output 
DO1      =  _LC6_C14;

-- Node name is 'DO2' 
-- Equation name is 'DO2', type is output 
DO2      =  _LC8_A15;

-- Node name is 'DO3' 
-- Equation name is 'DO3', type is output 
DO3      =  _LC5_C14;

-- Node name is 'DO4' 
-- Equation name is 'DO4', type is output 
DO4      =  _LC3_B8;

-- Node name is 'DO5' 
-- Equation name is 'DO5', type is output 
DO5      =  _LC5_C9;

-- Node name is 'DO6' 
-- Equation name is 'DO6', type is output 
DO6      =  _LC7_B13;

-- Node name is 'DO7' 
-- Equation name is 'DO7', type is output 
DO7      =  _LC8_B13;

-- Node name is '|LPM_DECODE:94|declut:decoder|anode0_3' from file "declut.tdf" line 77, column 52
-- Equation name is '_LC1_A2', type is buried 
_LC1_A2  = LCELL( _EQ001);
  _EQ001 = !AWR0 & !AWR1 & !AWR2 &  _LC1_A8;

-- Node name is '|LPM_DECODE:94|declut:decoder|anode1_3' from file "declut.tdf" line 77, column 52
-- Equation name is '_LC6_A1', type is buried 
_LC6_A1  = LCELL( _EQ002);
  _EQ002 =  AWR0 & !AWR1 & !AWR2 &  _LC1_A8;

-- Node name is '|LPM_DECODE:94|declut:decoder|anode2_3' from file "declut.tdf" line 77, column 52
-- Equation name is '_LC2_A1', type is buried 
_LC2_A1  = LCELL( _EQ003);
  _EQ003 = !AWR0 &  AWR1 & !AWR2 &  _LC1_A8;

-- Node name is '|LPM_DECODE:94|declut:decoder|anode3_3' from file "declut.tdf" line 77, column 52
-- Equation name is '_LC3_A1', type is buried 
_LC3_A1  = LCELL( _EQ004);
  _EQ004 =  AWR0 &  AWR1 & !AWR2 &  _LC1_A8;

-- Node name is '|LPM_DECODE:94|declut:decoder|anode4_3' from file "declut.tdf" line 79, column 52
-- Equation name is '_LC1_A6', type is buried 
_LC1_A6  = LCELL( _EQ005);
  _EQ005 = !AWR0 & !AWR1 &  AWR2 &  _LC1_A8;

-- Node name is '|LPM_DECODE:94|declut:decoder|anode5_3' from file "declut.tdf" line 79, column 52
-- Equation name is '_LC1_A5', type is buried 
_LC1_A5  = LCELL( _EQ006);
  _EQ006 =  AWR0 & !AWR1 &  AWR2 &  _LC1_A8;

-- Node name is '|LPM_DECODE:94|declut:decoder|anode6_3' from file "declut.tdf" line 79, column 52
-- Equation name is '_LC1_A4', type is buried 
_LC1_A4  = LCELL( _EQ007);
  _EQ007 = !AWR0 &  AWR1 &  AWR2 &  _LC1_A8;

-- Node name is '|LPM_DECODE:94|declut:decoder|anode7_3' from file "declut.tdf" line 79, column 52
-- Equation name is '_LC3_A3', type is buried 
_LC3_A3  = LCELL( _EQ008);
  _EQ008 =  AWR0 &  AWR1 &  AWR2 &  _LC1_A8;

-- Node name is '|LPM_MUX:93|muxlut:135|muxlut:43|~44~1' from file "muxlut.tdf" line 171, column 56
-- Equation name is '_LC2_A7', type is buried 
-- synthesized logic cell 
_LC2_A7  = LCELL( _EQ009);
  _EQ009 =  ARD0 &  _LC1_A12
         # !ARD0 &  _LC2_A9;

-- Node name is '|LPM_MUX:93|muxlut:135|muxlut:43|~49~1' from file "muxlut.tdf" line 172, column 50
-- Equation name is '_LC3_A7', type is buried 
-- synthesized logic cell 
_LC3_A7  = LCELL( _EQ010);
  _EQ010 =  ARD0 &  _LC1_A11
         # !ARD0 &  _LC1_A10;

-- Node name is '|LPM_MUX:93|muxlut:135|muxlut:60|:44' from file "muxlut.tdf" line 171, column 56
-- Equation name is '_LC4_A7', type is buried 
_LC4_A7  = LCELL( _EQ011);
  _EQ011 =  ARD0 &  _LC1_A7
         # !ARD0 &  _LC2_A10
         # !ARD1;

-- Node name is '|LPM_MUX:93|muxlut:135|muxlut:60|:49' from file "muxlut.tdf" line 172, column 50
-- Equation name is '_LC6_A7', type is buried 
_LC6_A7  = LCELL( _EQ012);
  _EQ012 =  ARD0 &  _LC3_A11
         # !ARD0 &  _LC2_A12
         #  ARD1;

-- Node name is '|LPM_MUX:93|muxlut:135|muxlut:77|:37' from file "muxlut.tdf" line 128, column 30
-- Equation name is '_LC7_A7', type is buried 
_LC7_A7  = LCELL( _EQ013);
  _EQ013 = !ARD1 & !ARD2 &  _LC3_A7
         # !ARD2 &  _LC2_A7 &  _LC3_A7
         #  ARD1 & !ARD2 &  _LC2_A7;

-- Node name is '|LPM_MUX:93|muxlut:156|muxlut:43|~44~1' from file "muxlut.tdf" line 171, column 56
-- Equation name is '_LC2_C22', type is buried 
-- synthesized logic cell 
_LC2_C22 = LCELL( _EQ014);
  _EQ014 =  ARD0 &  _LC4_C22
         # !ARD0 &  _LC6_C22;

-- Node name is '|LPM_MUX:93|muxlut:156|muxlut:43|~49~1' from file "muxlut.tdf" line 172, column 50
-- Equation name is '_LC1_C16', type is buried 
-- synthesized logic cell 
_LC1_C16 = LCELL( _EQ015);
  _EQ015 =  ARD0 &  _LC4_C16
         # !ARD0 &  _LC6_C16;

-- Node name is '|LPM_MUX:93|muxlut:156|muxlut:60|:44' from file "muxlut.tdf" line 171, column 56
-- Equation name is '_LC2_C24', type is buried 
_LC2_C24 = LCELL( _EQ016);
  _EQ016 =  ARD0 &  _LC4_C24
         # !ARD0 &  _LC5_C24
         # !ARD1;

-- Node name is '|LPM_MUX:93|muxlut:156|muxlut:60|:49' from file "muxlut.tdf" line 172, column 50
-- Equation name is '_LC3_C23', type is buried 
_LC3_C23 = LCELL( _EQ017);
  _EQ017 =  ARD0 &  _LC6_C23
         # !ARD0 &  _LC4_C23
         #  ARD1;

-- Node name is '|LPM_MUX:93|muxlut:156|muxlut:77|:37' from file "muxlut.tdf" line 128, column 30
-- Equation name is '_LC1_C14', type is buried 
_LC1_C14 = LCELL( _EQ018);
  _EQ018 = !ARD2 &  _LC1_C16 &  _LC2_C22
         #  ARD1 & !ARD2 &  _LC2_C22
         # !ARD1 & !ARD2 &  _LC1_C16;

-- Node name is '|LPM_MUX:93|muxlut:177|muxlut:43|~44~1' from file "muxlut.tdf" line 171, column 56
-- Equation name is '_LC2_A19', type is buried 
-- synthesized logic cell 
_LC2_A19 = LCELL( _EQ019);
  _EQ019 =  ARD0 &  _LC1_A16
         # !ARD0 &  _LC4_A19;

-- Node name is '|LPM_MUX:93|muxlut:177|muxlut:43|~49~1' from file "muxlut.tdf" line 172, column 50
-- Equation name is '_LC3_A19', type is buried 
-- synthesized logic cell 
_LC3_A19 = LCELL( _EQ020);
  _EQ020 =  ARD0 &  _LC5_A19
         # !ARD0 &  _LC1_A17;

-- Node name is '|LPM_MUX:93|muxlut:177|muxlut:60|:44' from file "muxlut.tdf" line 171, column 56
-- Equation name is '_LC2_A15', type is buried 
_LC2_A15 = LCELL( _EQ021);
  _EQ021 =  ARD0 &  _LC2_A17
         # !ARD0 &  _LC1_A18
         # !ARD1;

-- Node name is '|LPM_MUX:93|muxlut:177|muxlut:60|:49' from file "muxlut.tdf" line 172, column 50
-- Equation name is '_LC3_A15', type is buried 
_LC3_A15 = LCELL( _EQ022);
  _EQ022 =  ARD0 &  _LC1_A15
         # !ARD0 &  _LC2_A16
         #  ARD1;

-- Node name is '|LPM_MUX:93|muxlut:177|muxlut:77|:37' from file "muxlut.tdf" line 128, column 30
-- Equation name is '_LC1_A19', type is buried 
_LC1_A19 = LCELL( _EQ023);
  _EQ023 = !ARD2 &  _LC2_A19 &  _LC3_A19
         #  ARD1 & !ARD2 &  _LC2_A19
         # !ARD1 & !ARD2 &  _LC3_A19;

-- Node name is '|LPM_MUX:93|muxlut:198|muxlut:43|~44~1' from file "muxlut.tdf" line 171, column 56
-- Equation name is '_LC1_C22', type is buried 
-- synthesized logic cell 
_LC1_C22 = LCELL( _EQ024);
  _EQ024 =  ARD0 &  _LC3_C22
         # !ARD0 &  _LC5_C22;

-- Node name is '|LPM_MUX:93|muxlut:198|muxlut:43|~49~1' from file "muxlut.tdf" line 172, column 50
-- Equation name is '_LC3_C16', type is buried 
-- synthesized logic cell 
_LC3_C16 = LCELL( _EQ025);
  _EQ025 =  ARD0 &  _LC2_C16
         # !ARD0 &  _LC5_C16;

-- Node name is '|LPM_MUX:93|muxlut:198|muxlut:60|:44' from file "muxlut.tdf" line 171, column 56
-- Equation name is '_LC1_C24', type is buried 
_LC1_C24 = LCELL( _EQ026);
  _EQ026 =  ARD0 &  _LC3_C24
         # !ARD0 &  _LC6_C24
         # !ARD1;

-- Node name is '|LPM_MUX:93|muxlut:198|muxlut:60|:49' from file "muxlut.tdf" line 172, column 50
-- Equation name is '_LC1_C23', type is buried 
_LC1_C23 = LCELL( _EQ027);
  _EQ027 =  ARD0 &  _LC2_C23
         # !ARD0 &  _LC5_C23
         #  ARD1;

-- Node name is '|LPM_MUX:93|muxlut:198|muxlut:77|:37' from file "muxlut.tdf" line 128, column 30
-- Equation name is '_LC2_C14', type is buried 
_LC2_C14 = LCELL( _EQ028);
  _EQ028 = !ARD2 &  _LC1_C22 &  _LC3_C16
         #  ARD1 & !ARD2 &  _LC1_C22
         # !ARD1 & !ARD2 &  _LC3_C16;

-- Node name is '|LPM_MUX:93|muxlut:219|muxlut:43|~44~1' from file "muxlut.tdf" line 171, column 56
-- Equation name is '_LC3_B7', type is buried 
-- synthesized logic cell 
_LC3_B7  = LCELL( _EQ029);
  _EQ029 =  ARD0 &  _LC1_B10
         # !ARD0 &  _LC4_B7;

-- Node name is '|LPM_MUX:93|muxlut:219|muxlut:43|~49~1' from file "muxlut.tdf" line 172, column 50
-- Equation name is '_LC1_B7', type is buried 
-- synthesized logic cell 
_LC1_B7  = LCELL( _EQ030);
  _EQ030 =  ARD0 &  _LC5_B7
         # !ARD0 &  _LC6_B11;

-- Node name is '|LPM_MUX:93|muxlut:219|muxlut:60|:44' from file "muxlut.tdf" line 171, column 56
-- Equation name is '_LC2_B8', type is buried 
_LC2_B8  = LCELL( _EQ031);
  _EQ031 =  ARD0 &  _LC1_B11
         # !ARD0 &  _LC1_B12
         # !ARD1;

-- Node name is '|LPM_MUX:93|muxlut:219|muxlut:60|:49' from file "muxlut.tdf" line 172, column 50
-- Equation name is '_LC1_B8', type is buried 
_LC1_B8  = LCELL( _EQ032);
  _EQ032 =  ARD0 &  _LC4_B8
         # !ARD0 &  _LC2_B10
         #  ARD1;

-- Node name is '|LPM_MUX:93|muxlut:219|muxlut:77|:37' from file "muxlut.tdf" line 128, column 30
-- Equation name is '_LC2_B7', type is buried 
_LC2_B7  = LCELL( _EQ033);
  _EQ033 = !ARD2 &  _LC1_B7 &  _LC3_B7
         #  ARD1 & !ARD2 &  _LC3_B7
         # !ARD1 & !ARD2 &  _LC1_B7;

-- Node name is '|LPM_MUX:93|muxlut:240|muxlut:43|~44~1' from file "muxlut.tdf" line 171, column 56
-- Equation name is '_LC1_C2', type is buried 
-- synthesized logic cell 
_LC1_C2  = LCELL( _EQ034);
  _EQ034 =  ARD0 &  _LC5_C12
         # !ARD0 &  _LC4_C2;

-- Node name is '|LPM_MUX:93|muxlut:240|muxlut:43|~49~1' from file "muxlut.tdf" line 172, column 50
-- Equation name is '_LC3_C2', type is buried 
-- synthesized logic cell 
_LC3_C2  = LCELL( _EQ035);
  _EQ035 =  ARD0 &  _LC5_C2
         # !ARD0 &  _LC1_C10;

-- Node name is '|LPM_MUX:93|muxlut:240|muxlut:60|:44' from file "muxlut.tdf" line 171, column 56
-- Equation name is '_LC1_C9', type is buried 
_LC1_C9  = LCELL( _EQ036);
  _EQ036 =  ARD0 &  _LC2_C10
         # !ARD0 &  _LC1_C11
         # !ARD1;

-- Node name is '|LPM_MUX:93|muxlut:240|muxlut:60|:49' from file "muxlut.tdf" line 172, column 50
-- Equation name is '_LC2_C9', type is buried 
_LC2_C9  = LCELL( _EQ037);
  _EQ037 =  ARD0 &  _LC3_C9
         # !ARD0 &  _LC7_C12
         #  ARD1;

-- Node name is '|LPM_MUX:93|muxlut:240|muxlut:77|:37' from file "muxlut.tdf" line 128, column 30
-- Equation name is '_LC2_C2', type is buried 
_LC2_C2  = LCELL( _EQ038);
  _EQ038 = !ARD2 &  _LC1_C2 &  _LC3_C2
         #  ARD1 & !ARD2 &  _LC1_C2
         # !ARD1 & !ARD2 &  _LC3_C2;

-- Node name is '|LPM_MUX:93|muxlut:261|muxlut:43|~44~1' from file "muxlut.tdf" line 171, column 56
-- Equation name is '_LC2_B18', type is buried 
-- synthesized logic cell 
_LC2_B18 = LCELL( _EQ039);
  _EQ039 =  ARD0 &  _LC3_B18
         # !ARD0 &  _LC6_B18;

-- Node name is '|LPM_MUX:93|muxlut:261|muxlut:43|~49~1' from file "muxlut.tdf" line 172, column 50
-- Equation name is '_LC1_B21', type is buried 
-- synthesized logic cell 
_LC1_B21 = LCELL( _EQ040);
  _EQ040 =  ARD0 &  _LC4_B21
         # !ARD0 &  _LC6_B21;

-- Node name is '|LPM_MUX:93|muxlut:261|muxlut:60|:44' from file "muxlut.tdf" line 171, column 56
-- Equation name is '_LC1_B20', type is buried 
_LC1_B20 = LCELL( _EQ041);
  _EQ041 =  ARD0 &  _LC3_B20
         # !ARD0 &  _LC5_B20
         # !ARD1;

-- Node name is '|LPM_MUX:93|muxlut:261|muxlut:60|:49' from file "muxlut.tdf" line 172, column 50
-- Equation name is '_LC1_B19', type is buried 
_LC1_B19 = LCELL( _EQ042);
  _EQ042 =  ARD0 &  _LC4_B19
         # !ARD0 &  _LC3_B19
         #  ARD1;

-- Node name is '|LPM_MUX:93|muxlut:261|muxlut:77|:37' from file "muxlut.tdf" line 128, column 30
-- Equation name is '_LC2_B13', type is buried 
_LC2_B13 = LCELL( _EQ043);
  _EQ043 = !ARD2 &  _LC1_B21 &  _LC2_B18
         #  ARD1 & !ARD2 &  _LC2_B18
         # !ARD1 & !ARD2 &  _LC1_B21;

-- Node name is '|LPM_MUX:93|muxlut:282|muxlut:43|~44~1' from file "muxlut.tdf" line 171, column 56
-- Equation name is '_LC1_B18', type is buried 
-- synthesized logic cell 
_LC1_B18 = LCELL( _EQ044);
  _EQ044 =  ARD0 &  _LC4_B18
         # !ARD0 &  _LC5_B18;

-- Node name is '|LPM_MUX:93|muxlut:282|muxlut:43|~49~1' from file "muxlut.tdf" line 172, column 50
-- Equation name is '_LC3_B21', type is buried 
-- synthesized logic cell 
_LC3_B21 = LCELL( _EQ045);
  _EQ045 =  ARD0 &  _LC2_B21
         # !ARD0 &  _LC5_B21;

-- Node name is '|LPM_MUX:93|muxlut:282|muxlut:60|:44' from file "muxlut.tdf" line 171, column 56
-- Equation name is '_LC2_B20', type is buried 
_LC2_B20 = LCELL( _EQ046);
  _EQ046 =  ARD0 &  _LC4_B20
         # !ARD0 &  _LC6_B20
         # !ARD1;

-- Node name is '|LPM_MUX:93|muxlut:282|muxlut:60|:49' from file "muxlut.tdf" line 172, column 50
-- Equation name is '_LC2_B19', type is buried 
_LC2_B19 = LCELL( _EQ047);
  _EQ047 =  ARD0 &  _LC5_B19
         # !ARD0 &  _LC6_B19
         #  ARD1;

-- Node name is '|LPM_MUX:93|muxlut:282|muxlut:77|:37' from file "muxlut.tdf" line 128, column 30
-- Equation name is '_LC1_B13', type is buried 
_LC1_B13 = LCELL( _EQ048);
  _EQ048 = !ARD2 &  _LC1_B18 &  _LC3_B21
         #  ARD1 & !ARD2 &  _LC1_B18
         # !ARD1 & !ARD2 &  _LC3_B21;

-- Node name is '|trig8:83|:12' = '|trig8:83|Q0' 
-- Equation name is '_LC1_A10', type is buried 
_LC1_A10 = DFFE( DI0,  _LC6_A1,  VCC,  VCC,  VCC);

-- Node name is '|trig8:83|:15' = '|trig8:83|Q1' 
-- Equation name is '_LC6_C16', type is buried 
_LC6_C16 = DFFE( DI1,  _LC6_A1,  VCC,  VCC,  VCC);

-- Node name is '|trig8:83|:16' = '|trig8:83|Q2' 
-- Equation name is '_LC1_A17', type is buried 
_LC1_A17 = DFFE( DI2,  _LC6_A1,  VCC,  VCC,  VCC);

-- Node name is '|trig8:83|:17' = '|trig8:83|Q3' 
-- Equation name is '_LC5_C16', type is buried 
_LC5_C16 = DFFE( DI3,  _LC6_A1,  VCC,  VCC,  VCC);

-- Node name is '|trig8:83|:18' = '|trig8:83|Q4' 
-- Equation name is '_LC6_B11', type is buried 
_LC6_B11 = DFFE( DI4,  _LC6_A1,  VCC,  VCC,  VCC);

-- Node name is '|trig8:83|:19' = '|trig8:83|Q5' 
-- Equation name is '_LC1_C10', type is buried 
_LC1_C10 = DFFE( DI5,  _LC6_A1,  VCC,  VCC,  VCC);

-- Node name is '|trig8:83|:20' = '|trig8:83|Q6' 
-- Equation name is '_LC6_B21', type is buried 
_LC6_B21 = DFFE( DI6,  _LC6_A1,  VCC,  VCC,  VCC);

-- Node name is '|trig8:83|:21' = '|trig8:83|Q7' 
-- Equation name is '_LC5_B21', type is buried 
_LC5_B21 = DFFE( DI7,  _LC6_A1,  VCC,  VCC,  VCC);

-- Node name is '|trig8:84|:12' = '|trig8:84|Q0' 
-- Equation name is '_LC5_A7', type is buried 
_LC5_A7  = DFFE( _EQ049, GLOBAL( RD),  VCC,  VCC,  VCC);
  _EQ049 =  ARD2 &  _LC4_A7 &  _LC6_A7
         #  _LC7_A7;

-- Node name is '|trig8:84|:15' = '|trig8:84|Q1' 
-- Equation name is '_LC6_C14', type is buried 
_LC6_C14 = DFFE( _EQ050, GLOBAL( RD),  VCC,  VCC,  VCC);
  _EQ050 =  ARD2 &  _LC2_C24 &  _LC3_C23
         #  _LC1_C14;

-- Node name is '|trig8:84|:16' = '|trig8:84|Q2' 
-- Equation name is '_LC8_A15', type is buried 
_LC8_A15 = DFFE( _EQ051, GLOBAL( RD),  VCC,  VCC,  VCC);
  _EQ051 =  ARD2 &  _LC2_A15 &  _LC3_A15
         #  _LC1_A19;

-- Node name is '|trig8:84|:17' = '|trig8:84|Q3' 
-- Equation name is '_LC5_C14', type is buried 
_LC5_C14 = DFFE( _EQ052, GLOBAL( RD),  VCC,  VCC,  VCC);
  _EQ052 =  ARD2 &  _LC1_C23 &  _LC1_C24
         #  _LC2_C14;

-- Node name is '|trig8:84|:18' = '|trig8:84|Q4' 
-- Equation name is '_LC3_B8', type is buried 
_LC3_B8  = DFFE( _EQ053, GLOBAL( RD),  VCC,  VCC,  VCC);
  _EQ053 =  ARD2 &  _LC1_B8 &  _LC2_B8
         #  _LC2_B7;

-- Node name is '|trig8:84|:19' = '|trig8:84|Q5' 
-- Equation name is '_LC5_C9', type is buried 
_LC5_C9  = DFFE( _EQ054, GLOBAL( RD),  VCC,  VCC,  VCC);
  _EQ054 =  ARD2 &  _LC1_C9 &  _LC2_C9
         #  _LC2_C2;

-- Node name is '|trig8:84|:20' = '|trig8:84|Q6' 
-- Equation name is '_LC7_B13', type is buried 
_LC7_B13 = DFFE( _EQ055, GLOBAL( RD),  VCC,  VCC,  VCC);
  _EQ055 =  ARD2 &  _LC1_B19 &  _LC1_B20
         #  _LC2_B13;

-- Node name is '|trig8:84|:21' = '|trig8:84|Q7' 
-- Equation name is '_LC8_B13', type is buried 
_LC8_B13 = DFFE( _EQ056, GLOBAL( RD),  VCC,  VCC,  VCC);
  _EQ056 =  ARD2 &  _LC2_B19 &  _LC2_B20
         #  _LC1_B13;

-- Node name is '|trig8:85|:12' = '|trig8:85|Q0' 
-- Equation name is '_LC1_A11', type is buried 
_LC1_A11 = DFFE( DI0,  _LC2_A1,  VCC,  VCC,  VCC);

-- Node name is '|trig8:85|:15' = '|trig8:85|Q1' 
-- Equation name is '_LC4_C16', type is buried 
_LC4_C16 = DFFE( DI1,  _LC2_A1,  VCC,  VCC,  VCC);

-- Node name is '|trig8:85|:16' = '|trig8:85|Q2' 
-- Equation name is '_LC5_A19', type is buried 
_LC5_A19 = DFFE( DI2,  _LC2_A1,  VCC,  VCC,  VCC);

-- Node name is '|trig8:85|:17' = '|trig8:85|Q3' 
-- Equation name is '_LC2_C16', type is buried 
_LC2_C16 = DFFE( DI3,  _LC2_A1,  VCC,  VCC,  VCC);

-- Node name is '|trig8:85|:18' = '|trig8:85|Q4' 
-- Equation name is '_LC5_B7', type is buried 
_LC5_B7  = DFFE( DI4,  _LC2_A1,  VCC,  VCC,  VCC);

-- Node name is '|trig8:85|:19' = '|trig8:85|Q5' 
-- Equation name is '_LC5_C2', type is buried 
_LC5_C2  = DFFE( DI5,  _LC2_A1,  VCC,  VCC,  VCC);

-- Node name is '|trig8:85|:20' = '|trig8:85|Q6' 
-- Equation name is '_LC4_B21', type is buried 
_LC4_B21 = DFFE( DI6,  _LC2_A1,  VCC,  VCC,  VCC);

-- Node name is '|trig8:85|:21' = '|trig8:85|Q7' 
-- Equation name is '_LC2_B21', type is buried 
_LC2_B21 = DFFE( DI7,  _LC2_A1,  VCC,  VCC,  VCC);

-- Node name is '|trig8:86|:12' = '|trig8:86|Q0' 
-- Equation name is '_LC2_A9', type is buried 
_LC2_A9  = DFFE( DI0,  _LC3_A1,  VCC,  VCC,  VCC);

-- Node name is '|trig8:86|:15' = '|trig8:86|Q1' 
-- Equation name is '_LC6_C22', type is buried 
_LC6_C22 = DFFE( DI1,  _LC3_A1,  VCC,  VCC,  VCC);

-- Node name is '|trig8:86|:16' = '|trig8:86|Q2' 
-- Equation name is '_LC4_A19', type is buried 
_LC4_A19 = DFFE( DI2,  _LC3_A1,  VCC,  VCC,  VCC);

-- Node name is '|trig8:86|:17' = '|trig8:86|Q3' 
-- Equation name is '_LC5_C22', type is buried 
_LC5_C22 = DFFE( DI3,  _LC3_A1,  VCC,  VCC,  VCC);

-- Node name is '|trig8:86|:18' = '|trig8:86|Q4' 
-- Equation name is '_LC4_B7', type is buried 
_LC4_B7  = DFFE( DI4,  _LC3_A1,  VCC,  VCC,  VCC);

-- Node name is '|trig8:86|:19' = '|trig8:86|Q5' 
-- Equation name is '_LC4_C2', type is buried 
_LC4_C2  = DFFE( DI5,  _LC3_A1,  VCC,  VCC,  VCC);

-- Node name is '|trig8:86|:20' = '|trig8:86|Q6' 
-- Equation name is '_LC6_B18', type is buried 
_LC6_B18 = DFFE( DI6,  _LC3_A1,  VCC,  VCC,  VCC);

-- Node name is '|trig8:86|:21' = '|trig8:86|Q7' 
-- Equation name is '_LC5_B18', type is buried 
_LC5_B18 = DFFE( DI7,  _LC3_A1,  VCC,  VCC,  VCC);

-- Node name is '|trig8:87|:12' = '|trig8:87|Q0' 
-- Equation name is '_LC1_A12', type is buried 
_LC1_A12 = DFFE( DI0,  _LC1_A6,  VCC,  VCC,  VCC);

-- Node name is '|trig8:87|:15' = '|trig8:87|Q1' 
-- Equation name is '_LC4_C22', type is buried 
_LC4_C22 = DFFE( DI1,  _LC1_A6,  VCC,  VCC,  VCC);

-- Node name is '|trig8:87|:16' = '|trig8:87|Q2' 
-- Equation name is '_LC1_A16', type is buried 
_LC1_A16 = DFFE( DI2,  _LC1_A6,  VCC,  VCC,  VCC);

-- Node name is '|trig8:87|:17' = '|trig8:87|Q3' 
-- Equation name is '_LC3_C22', type is buried 
_LC3_C22 = DFFE( DI3,  _LC1_A6,  VCC,  VCC,  VCC);

-- Node name is '|trig8:87|:18' = '|trig8:87|Q4' 
-- Equation name is '_LC1_B10', type is buried 
_LC1_B10 = DFFE( DI4,  _LC1_A6,  VCC,  VCC,  VCC);

-- Node name is '|trig8:87|:19' = '|trig8:87|Q5' 
-- Equation name is '_LC5_C12', type is buried 
_LC5_C12 = DFFE( DI5,  _LC1_A6,  VCC,  VCC,  VCC);

-- Node name is '|trig8:87|:20' = '|trig8:87|Q6' 
-- Equation name is '_LC3_B18', type is buried 
_LC3_B18 = DFFE( DI6,  _LC1_A6,  VCC,  VCC,  VCC);

-- Node name is '|trig8:87|:21' = '|trig8:87|Q7' 
-- Equation name is '_LC4_B18', type is buried 
_LC4_B18 = DFFE( DI7,  _LC1_A6,  VCC,  VCC,  VCC);

-- Node name is '|trig8:88|:12' = '|trig8:88|Q0' 
-- Equation name is '_LC2_A12', type is buried 
_LC2_A12 = DFFE( DI0,  _LC1_A5,  VCC,  VCC,  VCC);

-- Node name is '|trig8:88|:15' = '|trig8:88|Q1' 
-- Equation name is '_LC4_C23', type is buried 
_LC4_C23 = DFFE( DI1,  _LC1_A5,  VCC,  VCC,  VCC);

-- Node name is '|trig8:88|:16' = '|trig8:88|Q2' 
-- Equation name is '_LC2_A16', type is buried 
_LC2_A16 = DFFE( DI2,  _LC1_A5,  VCC,  VCC,  VCC);

-- Node name is '|trig8:88|:17' = '|trig8:88|Q3' 
-- Equation name is '_LC5_C23', type is buried 
_LC5_C23 = DFFE( DI3,  _LC1_A5,  VCC,  VCC,  VCC);

-- Node name is '|trig8:88|:18' = '|trig8:88|Q4' 
-- Equation name is '_LC2_B10', type is buried 
_LC2_B10 = DFFE( DI4,  _LC1_A5,  VCC,  VCC,  VCC);

-- Node name is '|trig8:88|:19' = '|trig8:88|Q5' 
-- Equation name is '_LC7_C12', type is buried 
_LC7_C12 = DFFE( DI5,  _LC1_A5,  VCC,  VCC,  VCC);

-- Node name is '|trig8:88|:20' = '|trig8:88|Q6' 
-- Equation name is '_LC3_B19', type is buried 
_LC3_B19 = DFFE( DI6,  _LC1_A5,  VCC,  VCC,  VCC);

-- Node name is '|trig8:88|:21' = '|trig8:88|Q7' 
-- Equation name is '_LC6_B19', type is buried 
_LC6_B19 = DFFE( DI7,  _LC1_A5,  VCC,  VCC,  VCC);

-- Node name is '|trig8:89|:12' = '|trig8:89|Q0' 
-- Equation name is '_LC3_A11', type is buried 
_LC3_A11 = DFFE( DI0,  _LC1_A4,  VCC,  VCC,  VCC);

-- Node name is '|trig8:89|:15' = '|trig8:89|Q1' 
-- Equation name is '_LC6_C23', type is buried 
_LC6_C23 = DFFE( DI1,  _LC1_A4,  VCC,  VCC,  VCC);

-- Node name is '|trig8:89|:16' = '|trig8:89|Q2' 
-- Equation name is '_LC1_A15', type is buried 
_LC1_A15 = DFFE( DI2,  _LC1_A4,  VCC,  VCC,  VCC);

-- Node name is '|trig8:89|:17' = '|trig8:89|Q3' 
-- Equation name is '_LC2_C23', type is buried 
_LC2_C23 = DFFE( DI3,  _LC1_A4,  VCC,  VCC,  VCC);

-- Node name is '|trig8:89|:18' = '|trig8:89|Q4' 
-- Equation name is '_LC4_B8', type is buried 
_LC4_B8  = DFFE( DI4,  _LC1_A4,  VCC,  VCC,  VCC);

-- Node name is '|trig8:89|:19' = '|trig8:89|Q5' 
-- Equation name is '_LC3_C9', type is buried 
_LC3_C9  = DFFE( DI5,  _LC1_A4,  VCC,  VCC,  VCC);

-- Node name is '|trig8:89|:20' = '|trig8:89|Q6' 
-- Equation name is '_LC4_B19', type is buried 
_LC4_B19 = DFFE( DI6,  _LC1_A4,  VCC,  VCC,  VCC);

-- Node name is '|trig8:89|:21' = '|trig8:89|Q7' 
-- Equation name is '_LC5_B19', type is buried 
_LC5_B19 = DFFE( DI7,  _LC1_A4,  VCC,  VCC,  VCC);

-- Node name is '|trig8:90|:12' = '|trig8:90|Q0' 
-- Equation name is '_LC2_A10', type is buried 
_LC2_A10 = DFFE( DI0,  _LC3_A3,  VCC,  VCC,  VCC);

-- Node name is '|trig8:90|:15' = '|trig8:90|Q1' 
-- Equation name is '_LC5_C24', type is buried 
_LC5_C24 = DFFE( DI1,  _LC3_A3,  VCC,  VCC,  VCC);

-- Node name is '|trig8:90|:16' = '|trig8:90|Q2' 
-- Equation name is '_LC1_A18', type is buried 
_LC1_A18 = DFFE( DI2,  _LC3_A3,  VCC,  VCC,  VCC);

-- Node name is '|trig8:90|:17' = '|trig8:90|Q3' 
-- Equation name is '_LC6_C24', type is buried 
_LC6_C24 = DFFE( DI3,  _LC3_A3,  VCC,  VCC,  VCC);

-- Node name is '|trig8:90|:18' = '|trig8:90|Q4' 
-- Equation name is '_LC1_B12', type is buried 
_LC1_B12 = DFFE( DI4,  _LC3_A3,  VCC,  VCC,  VCC);

-- Node name is '|trig8:90|:19' = '|trig8:90|Q5' 
-- Equation name is '_LC1_C11', type is buried 
_LC1_C11 = DFFE( DI5,  _LC3_A3,  VCC,  VCC,  VCC);

-- Node name is '|trig8:90|:20' = '|trig8:90|Q6' 
-- Equation name is '_LC5_B20', type is buried 
_LC5_B20 = DFFE( DI6,  _LC3_A3,  VCC,  VCC,  VCC);

-- Node name is '|trig8:90|:21' = '|trig8:90|Q7' 
-- Equation name is '_LC6_B20', type is buried 
_LC6_B20 = DFFE( DI7,  _LC3_A3,  VCC,  VCC,  VCC);

-- Node name is '|trig8:91|:12' = '|trig8:91|Q0' 
-- Equation name is '_LC1_A7', type is buried 
_LC1_A7  = DFFE( DI0,  _LC1_A2,  VCC,  VCC,  VCC);

-- Node name is '|trig8:91|:15' = '|trig8:91|Q1' 
-- Equation name is '_LC4_C24', type is buried 
_LC4_C24 = DFFE( DI1,  _LC1_A2,  VCC,  VCC,  VCC);

-- Node name is '|trig8:91|:16' = '|trig8:91|Q2' 
-- Equation name is '_LC2_A17', type is buried 
_LC2_A17 = DFFE( DI2,  _LC1_A2,  VCC,  VCC,  VCC);

-- Node name is '|trig8:91|:17' = '|trig8:91|Q3' 
-- Equation name is '_LC3_C24', type is buried 
_LC3_C24 = DFFE( DI3,  _LC1_A2,  VCC,  VCC,  VCC);

-- Node name is '|trig8:91|:18' = '|trig8:91|Q4' 
-- Equation name is '_LC1_B11', type is buried 
_LC1_B11 = DFFE( DI4,  _LC1_A2,  VCC,  VCC,  VCC);

-- Node name is '|trig8:91|:19' = '|trig8:91|Q5' 
-- Equation name is '_LC2_C10', type is buried 
_LC2_C10 = DFFE( DI5,  _LC1_A2,  VCC,  VCC,  VCC);

-- Node name is '|trig8:91|:20' = '|trig8:91|Q6' 
-- Equation name is '_LC3_B20', type is buried 
_LC3_B20 = DFFE( DI6,  _LC1_A2,  VCC,  VCC,  VCC);

-- Node name is '|trig8:91|:21' = '|trig8:91|Q7' 
-- Equation name is '_LC4_B20', type is buried 
_LC4_B20 = DFFE( DI7,  _LC1_A2,  VCC,  VCC,  VCC);

-- Node name is ':110' 
-- Equation name is '_LC1_A8', type is buried 
_LC1_A8  = LCELL( _EQ057);
  _EQ057 = !RD &  WR;



Project Information               c:\max2work\lab4sem1\fifolifogdf\fiforeg.rpt

** COMPILATION SETTINGS & TIMES **

Processing Menu Commands
------------------------

Design Doctor                             = off

Logic Synthesis:

   Synthesis Type Used                    = Multi-Level

   Default Synthesis Style                = NORMAL

      Logic option settings in 'NORMAL' style for 'FLEX10K' family

      CARRY_CHAIN                         = ignore
      CARRY_CHAIN_LENGTH                  = 32
      CASCADE_CHAIN                       = ignore
      CASCADE_CHAIN_LENGTH                = 2
      DECOMPOSE_GATES                     = on
      DUPLICATE_LOGIC_EXTRACTION          = on
      MINIMIZATION                        = full
      MULTI_LEVEL_FACTORING               = on
      NOT_GATE_PUSH_BACK                  = on
      REDUCE_LOGIC                        = on
      REFACTORIZATION                     = on
      REGISTER_OPTIMIZATION               = on
      RESYNTHESIZE_NETWORK                = on
      SLOW_SLEW_RATE                      = off
      SUBFACTOR_EXTRACTION                = on
      IGNORE_SOFT_BUFFERS                 = on
      USE_LPM_FOR_AHDL_OPERATORS          = off

   Other logic synthesis settings:

      Automatic Global Clock              = on
      Automatic Global Clear              = on
      Automatic Global Preset             = on
      Automatic Global Output Enable      = on
      Automatic Fast I/O                  = off
      Automatic Register Packing          = off
      Automatic Open-Drain Pins           = on
      Automatic Implement in EAB          = off
      Optimize                            = 5

Default Timing Specifications: None

Cut All Bidir Feedback Timing Paths       = on
Cut All Clear & Preset Timing Paths       = on

Ignore Timing Assignments                 = off

Functional SNF Extractor                  = off

Linked SNF Extractor                      = off
Timing SNF Extractor                      = on
Optimize Timing SNF                       = off
Generate AHDL TDO File                    = off
Fitter Settings                           = NORMAL
Smart Recompile                           = off
Total Recompile                           = off

Interfaces Menu Commands
------------------------

EDIF Netlist Writer                       = off
Verilog Netlist Writer                    = off
VHDL Netlist Writer                       = off

Compilation Times
-----------------

   Compiler Netlist Extractor             00:00:00
   Database Builder                       00:00:00
   Logic Synthesizer                      00:00:00
   Partitioner                            00:00:00
   Fitter                                 00:00:00
   Timing SNF Extractor                   00:00:00
   Assembler                              00:00:00
   --------------------------             --------
   Total Time                             00:00:00


Memory Allocated
-----------------

Peak memory allocated during compilation  = 12,476K
