Project Information                          y:\sem4\lab2\fifolifogdf\lifo.rpt

MAX+plus II Compiler Report File
Version 9.01 07/30/98
Compiled: 02/27/22 09:31:15

Copyright (C) 1988-1998 Altera Corporation
Any megafunction design, and related net list (encrypted or decrypted),
support information, device programming or simulation file, and any other
associated documentation or information provided by Altera or a partner
under Altera's Megafunction Partnership Program may be used only to
program PLD devices (but not masked PLD devices) from Altera.  Any other
use of such megafunction design, net list, support information, device
programming or simulation file, or any other related documentation or
information is prohibited for any other purpose, including, but not
limited to modification, reverse engineering, de-compiling, or use with
any other silicon devices, unless such use is explicitly licensed under
a separate agreement with Altera or a megafunction partner.  Title to
the intellectual property, including patents, copyrights, trademarks,
trade secrets, or maskworks, embodied in any such megafunction design,
net list, support information, device programming or simulation file, or
any other related documentation or information provided by Altera or a
megafunction partner, remains with Altera, the megafunction partner, or
their respective licensors.  No other licenses, including any licenses
needed under any third party's intellectual property, are provided herein.



***** Project compilation was successful




** DEVICE SUMMARY **

Chip/                     Input Output Bidir  Memory  Memory  			 LCs
POF       Device          Pins  Pins   Pins   Bits % Utilized  LCs  % Utilized

lifo      EPF10K10LC84-3   11     10     0    0         0  %    131      22 %

User Pins:                 11     10     0  



Project Information                          y:\sem4\lab2\fifolifogdf\lifo.rpt

** FILE HIERARCHY **



|lpm_counter:62|
|lpm_counter:62|f8count:p8c0|
|delay:71|
|liforeg:74|
|liforeg:74|lpm_decode:13|
|liforeg:74|lpm_decode:13|altshift:external_latency_ffs|
|liforeg:74|lpm_decode:13|declut:decoder|
|liforeg:74|lpm_mux:12|
|liforeg:74|lpm_mux:12|bypassff:sel_latency_ff0|
|liforeg:74|lpm_mux:12|altshift:external_latency_ffs|
|liforeg:74|lpm_mux:12|muxlut:135|
|liforeg:74|lpm_mux:12|muxlut:135|muxlut:43|
|liforeg:74|lpm_mux:12|muxlut:135|muxlut:60|
|liforeg:74|lpm_mux:12|muxlut:135|muxlut:77|
|liforeg:74|lpm_mux:12|muxlut:156|
|liforeg:74|lpm_mux:12|muxlut:156|muxlut:43|
|liforeg:74|lpm_mux:12|muxlut:156|muxlut:60|
|liforeg:74|lpm_mux:12|muxlut:156|muxlut:77|
|liforeg:74|lpm_mux:12|muxlut:177|
|liforeg:74|lpm_mux:12|muxlut:177|muxlut:43|
|liforeg:74|lpm_mux:12|muxlut:177|muxlut:60|
|liforeg:74|lpm_mux:12|muxlut:177|muxlut:77|
|liforeg:74|lpm_mux:12|muxlut:198|
|liforeg:74|lpm_mux:12|muxlut:198|muxlut:43|
|liforeg:74|lpm_mux:12|muxlut:198|muxlut:60|
|liforeg:74|lpm_mux:12|muxlut:198|muxlut:77|
|liforeg:74|lpm_mux:12|muxlut:219|
|liforeg:74|lpm_mux:12|muxlut:219|muxlut:43|
|liforeg:74|lpm_mux:12|muxlut:219|muxlut:60|
|liforeg:74|lpm_mux:12|muxlut:219|muxlut:77|
|liforeg:74|lpm_mux:12|muxlut:240|
|liforeg:74|lpm_mux:12|muxlut:240|muxlut:43|
|liforeg:74|lpm_mux:12|muxlut:240|muxlut:60|
|liforeg:74|lpm_mux:12|muxlut:240|muxlut:77|
|liforeg:74|lpm_mux:12|muxlut:261|
|liforeg:74|lpm_mux:12|muxlut:261|muxlut:43|
|liforeg:74|lpm_mux:12|muxlut:261|muxlut:60|
|liforeg:74|lpm_mux:12|muxlut:261|muxlut:77|
|liforeg:74|lpm_mux:12|muxlut:282|
|liforeg:74|lpm_mux:12|muxlut:282|muxlut:43|
|liforeg:74|lpm_mux:12|muxlut:282|muxlut:60|
|liforeg:74|lpm_mux:12|muxlut:282|muxlut:77|
|liforeg:74|trig8:2|
|liforeg:74|trig8:3|
|liforeg:74|trig8:4|
|liforeg:74|trig8:5|
|liforeg:74|trig8:6|
|liforeg:74|trig8:7|
|liforeg:74|trig8:8|
|liforeg:74|trig8:9|
|liforeg:74|trig8:10|


Device-Specific Information:                 y:\sem4\lab2\fifolifogdf\lifo.rpt
lifo

***** Logic for device 'lifo' compiled without errors.




Device: EPF10K10LC84-3

FLEX 10K Configuration Scheme: Passive Serial

Device Options:
    User-Supplied Start-Up Clock               = OFF
    Auto-Restart Configuration on Frame Error  = OFF
    Release Clears Before Tri-States           = OFF
    Enable Chip_Wide Reset                     = OFF
    Enable Chip-Wide Output Enable             = OFF
    Enable INIT_DONE Output                    = OFF
    JTAG User Code                             = 7f

                                                                         ^     
                                                                         C     
                R  R  R  R  R  R  R     R           R     R  R  R  R     O     
                E  E  E  E  E  E  E     E           E     E  E  E  E     N     
                S  S  S  S  S  S  S  V  S           S  G  S  S  S  S     F     
                E  E  E  E  E  E  E  C  E           E  N  E  E  E  E     _  ^  
                R  R  R  R  R  R  R  C  R           R  D  R  R  R  R  #  D  n  
                V  V  V  V  V  V  V  I  V  D  D  D  V  I  V  V  V  V  T  O  C  
                E  E  E  E  E  E  E  N  E  I  I  I  E  N  E  E  E  E  C  N  E  
                D  D  D  D  D  D  D  T  D  2  1  4  D  T  D  D  D  D  K  E  O  
              -----------------------------------------------------------------_ 
            /  11 10  9  8  7  6  5  4  3  2  1 84 83 82 81 80 79 78 77 76 75   | 
    ^DATA0 | 12                                                              74 | #TDO 
     ^DCLK | 13                                                              73 | DI6 
      ^nCE | 14                                                              72 | WR 
      #TDI | 15                                                              71 | D06 
  RESERVED | 16                                                              70 | RESERVED 
  RESERVED | 17                                                              69 | D04 
      Full | 18                                                              68 | GNDINT 
     Empty | 19                                                              67 | DI3 
    VCCINT | 20                                                              66 | DI5 
  RESERVED | 21                                                              65 | RESERVED 
  RESERVED | 22                        EPF10K10LC84-3                        64 | D02 
       D05 | 23                                                              63 | VCCINT 
  RESERVED | 24                                                              62 | DI0 
       D03 | 25                                                              61 | RESERVED 
    GNDINT | 26                                                              60 | D01 
  RESERVED | 27                                                              59 | RESERVED 
  RESERVED | 28                                                              58 | D00 
  RESERVED | 29                                                              57 | #TMS 
       D07 | 30                                                              56 | #nTRST 
    ^MSEL0 | 31                                                              55 | ^nSTATUS 
    ^MSEL1 | 32                                                              54 | RESERVED 
           |_  33 34 35 36 37 38 39 40 41 42 43 44 45 46 47 48 49 50 51 52 53  _| 
             ------------------------------------------------------------------ 
                V  ^  R  R  R  R  R  V  G  R  R  D  V  G  R  R  R  R  R  R  R  
                C  n  E  E  E  E  E  C  N  e  D  I  C  N  E  E  E  E  E  E  E  
                C  C  S  S  S  S  S  C  D  s     7  C  D  S  S  S  S  S  S  S  
                I  O  E  E  E  E  E  I  I  e        I  I  E  E  E  E  E  E  E  
                N  N  R  R  R  R  R  N  N  t        N  N  R  R  R  R  R  R  R  
                T  F  V  V  V  V  V  T  T           T  T  V  V  V  V  V  V  V  
                   I  E  E  E  E  E                       E  E  E  E  E  E  E  
                   G  D  D  D  D  D                       D  D  D  D  D  D  D  
                                                                               
                                                                               


N.C. = Not Connected.
VCCINT = Dedicated power pin, which MUST be connected to VCC (5.0 volts).
VCCIO = Dedicated power pin, which MUST be connected to VCC (5.0 volts).
GNDINT = Dedicated ground pin or unused dedicated input, which MUST be connected to GND.
GNDIO = Dedicated ground pin, which MUST be connected to GND.
RESERVED = Unused I/O pin, which MUST be left unconnected.

^ = Dedicated configuration pin.
+ = Reserved configuration pin, which is tri-stated during user mode.
* = Reserved configuration pin, which drives out in user mode.
PDn = Power Down pin. 
@ = Special-purpose pin. 
# = JTAG Boundary-Scan Testing/In-System Programming or Configuration Pin. The JTAG inputs (TMS, TCK, TDI) should be tied to VCC when not in use.
& = JTAG pin used for I/O. When used as user I/O, JTAG pins must be kept stable before and during configuration.  JTAG pin stability prevents accidental loading of JTAG instructions.


Device-Specific Information:                 y:\sem4\lab2\fifolifogdf\lifo.rpt
lifo

** RESOURCE USAGE **

Logic                Column       Row                                   
Array                Interconnect Interconnect         Clears/     External  
Block   Logic Cells  Driven       Driven       Clocks  Presets   Interconnect
A1       3/ 8( 37%)   3/ 8( 37%)   3/ 8( 37%)    0/2    0/2       4/22( 18%)   
A2       2/ 8( 25%)   2/ 8( 25%)   2/ 8( 25%)    0/2    0/2       4/22( 18%)   
A3       2/ 8( 25%)   2/ 8( 25%)   2/ 8( 25%)    0/2    0/2       4/22( 18%)   
A4       2/ 8( 25%)   0/ 8(  0%)   1/ 8( 12%)    0/2    0/2       1/22(  4%)   
A5       1/ 8( 12%)   1/ 8( 12%)   1/ 8( 12%)    0/2    0/2       4/22( 18%)   
A6       1/ 8( 12%)   1/ 8( 12%)   1/ 8( 12%)    0/2    0/2       1/22(  4%)   
A7       1/ 8( 12%)   1/ 8( 12%)   1/ 8( 12%)    0/2    0/2       4/22( 18%)   
A8       1/ 8( 12%)   1/ 8( 12%)   1/ 8( 12%)    0/2    0/2       4/22( 18%)   
A9       1/ 8( 12%)   0/ 8(  0%)   1/ 8( 12%)    0/2    0/2       3/22( 13%)   
A10      1/ 8( 12%)   0/ 8(  0%)   1/ 8( 12%)    0/2    0/2       3/22( 13%)   
A11      3/ 8( 37%)   0/ 8(  0%)   1/ 8( 12%)    2/2    0/2       5/22( 22%)   
A12      4/ 8( 50%)   0/ 8(  0%)   3/ 8( 37%)    1/2    1/2       2/22(  9%)   
A13      4/ 8( 50%)   0/ 8(  0%)   2/ 8( 25%)    1/2    0/2      10/22( 45%)   
A17      6/ 8( 75%)   0/ 8(  0%)   2/ 8( 25%)    2/2    0/2       5/22( 22%)   
A18      6/ 8( 75%)   0/ 8(  0%)   2/ 8( 25%)    2/2    0/2       6/22( 27%)   
A19      6/ 8( 75%)   0/ 8(  0%)   2/ 8( 25%)    2/2    0/2       5/22( 22%)   
B4       4/ 8( 50%)   0/ 8(  0%)   2/ 8( 25%)    1/2    0/2      10/22( 45%)   
B6       3/ 8( 37%)   0/ 8(  0%)   1/ 8( 12%)    2/2    0/2       4/22( 18%)   
B9       6/ 8( 75%)   0/ 8(  0%)   2/ 8( 25%)    2/2    0/2       5/22( 22%)   
B10      6/ 8( 75%)   0/ 8(  0%)   2/ 8( 25%)    2/2    0/2       6/22( 27%)   
B12      6/ 8( 75%)   0/ 8(  0%)   2/ 8( 25%)    2/2    0/2       6/22( 27%)   
B15      5/ 8( 62%)   0/ 8(  0%)   1/ 8( 12%)    2/2    0/2      10/22( 45%)   
B16      6/ 8( 75%)   1/ 8( 12%)   1/ 8( 12%)    2/2    0/2       6/22( 27%)   
B18      1/ 8( 12%)   0/ 8(  0%)   1/ 8( 12%)    1/2    0/2       2/22(  9%)   
B20      2/ 8( 25%)   0/ 8(  0%)   2/ 8( 25%)    2/2    0/2       3/22( 13%)   
B21      6/ 8( 75%)   0/ 8(  0%)   2/ 8( 25%)    2/2    0/2       5/22( 22%)   
C5       2/ 8( 25%)   0/ 8(  0%)   2/ 8( 25%)    2/2    0/2       3/22( 13%)   
C7       1/ 8( 12%)   0/ 8(  0%)   1/ 8( 12%)    1/2    0/2       2/22(  9%)   
C8       5/ 8( 62%)   0/ 8(  0%)   1/ 8( 12%)    2/2    0/2       8/22( 36%)   
C11      4/ 8( 50%)   0/ 8(  0%)   1/ 8( 12%)    2/2    0/2       9/22( 40%)   
C12      2/ 8( 25%)   0/ 8(  0%)   2/ 8( 25%)    2/2    0/2       3/22( 13%)   
C14      4/ 8( 50%)   0/ 8(  0%)   2/ 8( 25%)    1/2    0/2      10/22( 45%)   
C17      6/ 8( 75%)   0/ 8(  0%)   2/ 8( 25%)    2/2    0/2       5/22( 22%)   
C22      6/ 8( 75%)   0/ 8(  0%)   2/ 8( 25%)    2/2    0/2       5/22( 22%)   
C23      6/ 8( 75%)   0/ 8(  0%)   2/ 8( 25%)    2/2    0/2       6/22( 27%)   
C24      6/ 8( 75%)   0/ 8(  0%)   2/ 8( 25%)    2/2    0/2       6/22( 27%)   


Embedded             Column       Row                                   
Array     Embedded   Interconnect Interconnect         Read/      External  
Block     Cells      Driven       Driven       Clocks  Write    Interconnect


Total dedicated input pins used:                 6/6      (100%)
Total I/O pins used:                            15/53     ( 28%)
Total logic cells used:                        131/576    ( 22%)
Total embedded cells used:                       0/24     (  0%)
Total EABs used:                                 0/3      (  0%)
Average fan-in:                                 2.23/4    ( 55%)
Total fan-in:                                 293/2304    ( 12%)

Total input pins required:                      11
Total input I/O cell registers required:         0
Total output pins required:                     10
Total output I/O cell registers required:        0
Total buried I/O cell registers required:        0
Total bidirectional pins required:               0
Total reserved pins required                     0
Total logic cells required:                    131
Total flipflops required:                       75
Total packed registers required:                 0
Total logic cells in carry chains:               0
Total number of carry chains:                    0
Total logic cells in cascade chains:             0
Total number of cascade chains:                  0
Total single-pin Clock Enables required:         0
Total single-pin Output Enables required:        0

Synthesized logic cells:                        16/ 576   (  2%)

Logic Cell and Embedded Cell Counts

Column:  01  02  03  04  05  06  07  08  09  10  11  12  EA  13  14  15  16  17  18  19  20  21  22  23  24  Total(LC/EC)
 A:      3   2   2   2   1   1   1   1   1   1   3   4   0   4   0   0   0   6   6   6   0   0   0   0   0     44/0  
 B:      0   0   0   4   0   3   0   0   6   6   0   6   0   0   0   5   6   0   1   0   2   6   0   0   0     45/0  
 C:      0   0   0   0   2   0   1   5   0   0   4   2   0   0   4   0   0   6   0   0   0   0   6   6   6     42/0  

Total:   3   2   2   6   3   4   2   6   7   7   7  12   0   4   4   5   6  12   7   6   2   6   6   6   6    131/0  



Device-Specific Information:                 y:\sem4\lab2\fifolifogdf\lifo.rpt
lifo

** INPUTS **

                                                    Fan-In    Fan-Out
 Pin     LC     EC   Row  Col  Primitive    Code      INP  FBK  OUT  FBK  Name
  62      -     -    C    --      INPUT                0    0    0    8  DI0
   1      -     -    -    --      INPUT                0    0    0    8  DI1
   2      -     -    -    --      INPUT                0    0    0    8  DI2
  67      -     -    B    --      INPUT                0    0    0    8  DI3
  84      -     -    -    --      INPUT                0    0    0    8  DI4
  66      -     -    B    --      INPUT                0    0    0    8  DI5
  73      -     -    A    --      INPUT                0    0    0    8  DI6
  44      -     -    -    --      INPUT                0    0    0    8  DI7
  43      -     -    -    --      INPUT  G             0    0    0    1  RD
  42      -     -    -    --      INPUT  G             0    0    0    0  Reset
  72      -     -    A    --      INPUT                0    0    0    4  WR


Code:

s = Synthesized pin or logic cell
+ = Synchronous flipflop
/ = Slow slew-rate output
! = NOT gate push-back
r = Fitter-inserted logic cell
@ = Uses single-pin Clock Enable
& = Uses single-pin Output Enable
G = Global Source. Fan-out destinations counted here do not include destinations
that are driven using global routing resources. Refer to the Auto Global Signals,
Clock Signals, Clear Signals, Synchronous Load Signals, and Synchronous Clear Signals
Sections of this Report File for information on which signals' fan-outs are used as
Clock, Clear, Preset, Output Enable, and synchronous Load signals.


Device-Specific Information:                 y:\sem4\lab2\fifolifogdf\lifo.rpt
lifo

** OUTPUTS **

       Fed By Fed By                                Fan-In    Fan-Out
 Pin     LC     EC   Row  Col  Primitive    Code      INP  FBK  OUT  FBK  Name
  58      -     -    C    --     OUTPUT                0    1    0    0  D00
  60      -     -    C    --     OUTPUT                0    1    0    0  D01
  64      -     -    B    --     OUTPUT                0    1    0    0  D02
  25      -     -    B    --     OUTPUT                0    1    0    0  D03
  69      -     -    A    --     OUTPUT                0    1    0    0  D04
  23      -     -    B    --     OUTPUT                0    1    0    0  D05
  71      -     -    A    --     OUTPUT                0    1    0    0  D06
  30      -     -    C    --     OUTPUT                0    1    0    0  D07
  19      -     -    A    --     OUTPUT                0    1    0    0  Empty
  18      -     -    A    --     OUTPUT                0    1    0    0  Full


Code:

s = Synthesized pin or logic cell
+ = Synchronous flipflop
/ = Slow slew-rate output
! = NOT gate push-back
r = Fitter-inserted logic cell
@ = Uses single-pin Clock Enable
& = Uses single-pin Output Enable


Device-Specific Information:                 y:\sem4\lab2\fifolifogdf\lifo.rpt
lifo

** BURIED LOGIC **

                                                    Fan-In    Fan-Out
 IOC     LC     EC   Row  Col  Primitive    Code      INP  FBK  OUT  FBK  Name
   -      1     -    A    03      LCELL                0    1    0   24  |delay:71|out1 (|delay:71|:36)
   -      1     -    A    06      LCELL                0    1    0   32  |delay:71|out0 (|delay:71|:37)
   -      1     -    A    02      LCELL                0    1    0   16  |delay:71|out2 (|delay:71|:42)
   -      1     -    A    05       AND2                0    4    0    8  |liforeg:74|LPM_DECODE:13|declut:decoder|anode0_3
   -      2     -    A    01       AND2                0    4    0    8  |liforeg:74|LPM_DECODE:13|declut:decoder|anode1_3
   -      3     -    A    01       AND2                0    4    0    8  |liforeg:74|LPM_DECODE:13|declut:decoder|anode2_3
   -      5     -    A    01       AND2                0    4    0    8  |liforeg:74|LPM_DECODE:13|declut:decoder|anode3_3
   -      2     -    A    03       AND2                0    4    0    8  |liforeg:74|LPM_DECODE:13|declut:decoder|anode4_3
   -      5     -    A    02       AND2                0    4    0    8  |liforeg:74|LPM_DECODE:13|declut:decoder|anode5_3
   -      3     -    A    08       AND2                0    4    0    8  |liforeg:74|LPM_DECODE:13|declut:decoder|anode6_3
   -      1     -    A    07       AND2                0    4    0    8  |liforeg:74|LPM_DECODE:13|declut:decoder|anode7_3
   -      2     -    C    22        OR2    s           0    3    0    1  |liforeg:74|LPM_MUX:12|muxlut:135|muxlut:43|~44~1
   -      3     -    C    17        OR2    s           0    3    0    1  |liforeg:74|LPM_MUX:12|muxlut:135|muxlut:43|~49~1
   -      3     -    C    24        OR2                0    4    0    1  |liforeg:74|LPM_MUX:12|muxlut:135|muxlut:60|:44
   -      3     -    C    23        OR2                0    4    0    1  |liforeg:74|LPM_MUX:12|muxlut:135|muxlut:60|:49
   -      2     -    C    14        OR2                0    4    0    1  |liforeg:74|LPM_MUX:12|muxlut:135|muxlut:77|:37
   -      1     -    C    22        OR2    s           0    3    0    1  |liforeg:74|LPM_MUX:12|muxlut:156|muxlut:43|~44~1
   -      1     -    C    17        OR2    s           0    3    0    1  |liforeg:74|LPM_MUX:12|muxlut:156|muxlut:43|~49~1
   -      1     -    C    24        OR2                0    4    0    1  |liforeg:74|LPM_MUX:12|muxlut:156|muxlut:60|:44
   -      2     -    C    23        OR2                0    4    0    1  |liforeg:74|LPM_MUX:12|muxlut:156|muxlut:60|:49
   -      1     -    C    14        OR2                0    4    0    1  |liforeg:74|LPM_MUX:12|muxlut:156|muxlut:77|:37
   -      2     -    B    15        OR2    s           0    3    0    1  |liforeg:74|LPM_MUX:12|muxlut:177|muxlut:43|~44~1
   -      1     -    B    21        OR2    s           0    3    0    1  |liforeg:74|LPM_MUX:12|muxlut:177|muxlut:43|~49~1
   -      3     -    B    15        OR2                0    4    0    1  |liforeg:74|LPM_MUX:12|muxlut:177|muxlut:60|:44
   -      2     -    B    16        OR2                0    4    0    1  |liforeg:74|LPM_MUX:12|muxlut:177|muxlut:60|:49
   -      4     -    B    15        OR2                0    4    0    1  |liforeg:74|LPM_MUX:12|muxlut:177|muxlut:77|:37
   -      2     -    B    09        OR2    s           0    3    0    1  |liforeg:74|LPM_MUX:12|muxlut:198|muxlut:43|~44~1
   -      4     -    B    21        OR2    s           0    3    0    1  |liforeg:74|LPM_MUX:12|muxlut:198|muxlut:43|~49~1
   -      2     -    B    10        OR2                0    4    0    1  |liforeg:74|LPM_MUX:12|muxlut:198|muxlut:60|:44
   -      2     -    B    12        OR2                0    4    0    1  |liforeg:74|LPM_MUX:12|muxlut:198|muxlut:60|:49
   -      1     -    B    04        OR2                0    4    0    1  |liforeg:74|LPM_MUX:12|muxlut:198|muxlut:77|:37
   -      3     -    A    17        OR2    s           0    3    0    1  |liforeg:74|LPM_MUX:12|muxlut:219|muxlut:43|~44~1
   -      2     -    A    19        OR2    s           0    3    0    1  |liforeg:74|LPM_MUX:12|muxlut:219|muxlut:43|~49~1
   -      1     -    A    18        OR2                0    4    0    1  |liforeg:74|LPM_MUX:12|muxlut:219|muxlut:60|:44
   -      1     -    B    16        OR2                0    4    0    1  |liforeg:74|LPM_MUX:12|muxlut:219|muxlut:60|:49
   -      1     -    A    13        OR2                0    4    0    1  |liforeg:74|LPM_MUX:12|muxlut:219|muxlut:77|:37
   -      1     -    B    09        OR2    s           0    3    0    1  |liforeg:74|LPM_MUX:12|muxlut:240|muxlut:43|~44~1
   -      1     -    B    06        OR2    s           0    3    0    1  |liforeg:74|LPM_MUX:12|muxlut:240|muxlut:43|~49~1
   -      1     -    B    10        OR2                0    4    0    1  |liforeg:74|LPM_MUX:12|muxlut:240|muxlut:60|:44
   -      1     -    B    12        OR2                0    4    0    1  |liforeg:74|LPM_MUX:12|muxlut:240|muxlut:60|:49
   -      2     -    B    04        OR2                0    4    0    1  |liforeg:74|LPM_MUX:12|muxlut:240|muxlut:77|:37
   -      1     -    A    17        OR2    s           0    3    0    1  |liforeg:74|LPM_MUX:12|muxlut:261|muxlut:43|~44~1
   -      1     -    A    19        OR2    s           0    3    0    1  |liforeg:74|LPM_MUX:12|muxlut:261|muxlut:43|~49~1
   -      2     -    A    18        OR2                0    4    0    1  |liforeg:74|LPM_MUX:12|muxlut:261|muxlut:60|:44
   -      6     -    A    11        OR2                0    4    0    1  |liforeg:74|LPM_MUX:12|muxlut:261|muxlut:60|:49
   -      2     -    A    13        OR2                0    4    0    1  |liforeg:74|LPM_MUX:12|muxlut:261|muxlut:77|:37
   -      1     -    C    08        OR2    s           0    3    0    1  |liforeg:74|LPM_MUX:12|muxlut:282|muxlut:43|~44~1
   -      2     -    C    08        OR2    s           0    3    0    1  |liforeg:74|LPM_MUX:12|muxlut:282|muxlut:43|~49~1
   -      2     -    C    11        OR2                0    4    0    1  |liforeg:74|LPM_MUX:12|muxlut:282|muxlut:60|:44
   -      3     -    C    11        OR2                0    4    0    1  |liforeg:74|LPM_MUX:12|muxlut:282|muxlut:60|:49
   -      5     -    C    08        OR2                0    4    0    1  |liforeg:74|LPM_MUX:12|muxlut:282|muxlut:77|:37
   -      2     -    C    17       DFFE                1    1    0    1  |liforeg:74|trig8:2|Q0 (|liforeg:74|trig8:2|:12)
   -      4     -    C    17       DFFE                1    1    0    1  |liforeg:74|trig8:2|Q1 (|liforeg:74|trig8:2|:15)
   -      2     -    B    21       DFFE                1    1    0    1  |liforeg:74|trig8:2|Q2 (|liforeg:74|trig8:2|:16)
   -      3     -    B    21       DFFE                1    1    0    1  |liforeg:74|trig8:2|Q3 (|liforeg:74|trig8:2|:17)
   -      5     -    A    19       DFFE                1    1    0    1  |liforeg:74|trig8:2|Q4 (|liforeg:74|trig8:2|:18)
   -      3     -    B    06       DFFE                1    1    0    1  |liforeg:74|trig8:2|Q5 (|liforeg:74|trig8:2|:19)
   -      6     -    A    19       DFFE                1    1    0    1  |liforeg:74|trig8:2|Q6 (|liforeg:74|trig8:2|:20)
   -      1     -    C    05       DFFE                1    1    0    1  |liforeg:74|trig8:2|Q7 (|liforeg:74|trig8:2|:21)
   -      6     -    C    14       DFFE   +            0    4    1    0  |liforeg:74|trig8:3|Q0 (|liforeg:74|trig8:3|:12)
   -      3     -    C    14       DFFE   +            0    4    1    0  |liforeg:74|trig8:3|Q1 (|liforeg:74|trig8:3|:15)
   -      7     -    B    15       DFFE   +            0    4    1    0  |liforeg:74|trig8:3|Q2 (|liforeg:74|trig8:3|:16)
   -      7     -    B    04       DFFE   +            0    4    1    0  |liforeg:74|trig8:3|Q3 (|liforeg:74|trig8:3|:17)
   -      8     -    A    13       DFFE   +            0    4    1    0  |liforeg:74|trig8:3|Q4 (|liforeg:74|trig8:3|:18)
   -      3     -    B    04       DFFE   +            0    4    1    0  |liforeg:74|trig8:3|Q5 (|liforeg:74|trig8:3|:19)
   -      4     -    A    13       DFFE   +            0    4    1    0  |liforeg:74|trig8:3|Q6 (|liforeg:74|trig8:3|:20)
   -      7     -    C    11       DFFE   +            0    4    1    0  |liforeg:74|trig8:3|Q7 (|liforeg:74|trig8:3|:21)
   -      5     -    C    17       DFFE                1    1    0    1  |liforeg:74|trig8:4|Q0 (|liforeg:74|trig8:4|:12)
   -      6     -    C    17       DFFE                1    1    0    1  |liforeg:74|trig8:4|Q1 (|liforeg:74|trig8:4|:15)
   -      5     -    B    21       DFFE                1    1    0    1  |liforeg:74|trig8:4|Q2 (|liforeg:74|trig8:4|:16)
   -      6     -    B    21       DFFE                1    1    0    1  |liforeg:74|trig8:4|Q3 (|liforeg:74|trig8:4|:17)
   -      4     -    A    19       DFFE                1    1    0    1  |liforeg:74|trig8:4|Q4 (|liforeg:74|trig8:4|:18)
   -      2     -    B    06       DFFE                1    1    0    1  |liforeg:74|trig8:4|Q5 (|liforeg:74|trig8:4|:19)
   -      3     -    A    19       DFFE                1    1    0    1  |liforeg:74|trig8:4|Q6 (|liforeg:74|trig8:4|:20)
   -      3     -    C    08       DFFE                1    1    0    1  |liforeg:74|trig8:4|Q7 (|liforeg:74|trig8:4|:21)
   -      4     -    C    22       DFFE                1    1    0    1  |liforeg:74|trig8:5|Q0 (|liforeg:74|trig8:5|:12)
   -      5     -    C    22       DFFE                1    1    0    1  |liforeg:74|trig8:5|Q1 (|liforeg:74|trig8:5|:15)
   -      1     -    B    20       DFFE                1    1    0    1  |liforeg:74|trig8:5|Q2 (|liforeg:74|trig8:5|:16)
   -      5     -    B    09       DFFE                1    1    0    1  |liforeg:74|trig8:5|Q3 (|liforeg:74|trig8:5|:17)
   -      5     -    A    17       DFFE                1    1    0    1  |liforeg:74|trig8:5|Q4 (|liforeg:74|trig8:5|:18)
   -      6     -    B    09       DFFE                1    1    0    1  |liforeg:74|trig8:5|Q5 (|liforeg:74|trig8:5|:19)
   -      6     -    A    17       DFFE                1    1    0    1  |liforeg:74|trig8:5|Q6 (|liforeg:74|trig8:5|:20)
   -      4     -    C    08       DFFE                1    1    0    1  |liforeg:74|trig8:5|Q7 (|liforeg:74|trig8:5|:21)
   -      6     -    C    22       DFFE                1    1    0    1  |liforeg:74|trig8:6|Q0 (|liforeg:74|trig8:6|:12)
   -      3     -    C    22       DFFE                1    1    0    1  |liforeg:74|trig8:6|Q1 (|liforeg:74|trig8:6|:15)
   -      1     -    B    15       DFFE                1    1    0    1  |liforeg:74|trig8:6|Q2 (|liforeg:74|trig8:6|:16)
   -      4     -    B    09       DFFE                1    1    0    1  |liforeg:74|trig8:6|Q3 (|liforeg:74|trig8:6|:17)
   -      4     -    A    17       DFFE                1    1    0    1  |liforeg:74|trig8:6|Q4 (|liforeg:74|trig8:6|:18)
   -      3     -    B    09       DFFE                1    1    0    1  |liforeg:74|trig8:6|Q5 (|liforeg:74|trig8:6|:19)
   -      2     -    A    17       DFFE                1    1    0    1  |liforeg:74|trig8:6|Q6 (|liforeg:74|trig8:6|:20)
   -      2     -    C    12       DFFE                1    1    0    1  |liforeg:74|trig8:6|Q7 (|liforeg:74|trig8:6|:21)
   -      4     -    C    23       DFFE                1    1    0    1  |liforeg:74|trig8:7|Q0 (|liforeg:74|trig8:7|:12)
   -      1     -    C    23       DFFE                1    1    0    1  |liforeg:74|trig8:7|Q1 (|liforeg:74|trig8:7|:15)
   -      5     -    B    16       DFFE                1    1    0    1  |liforeg:74|trig8:7|Q2 (|liforeg:74|trig8:7|:16)
   -      5     -    B    12       DFFE                1    1    0    1  |liforeg:74|trig8:7|Q3 (|liforeg:74|trig8:7|:17)
   -      4     -    B    16       DFFE                1    1    0    1  |liforeg:74|trig8:7|Q4 (|liforeg:74|trig8:7|:18)
   -      4     -    B    12       DFFE                1    1    0    1  |liforeg:74|trig8:7|Q5 (|liforeg:74|trig8:7|:19)
   -      2     -    A    11       DFFE                1    1    0    1  |liforeg:74|trig8:7|Q6 (|liforeg:74|trig8:7|:20)
   -      1     -    C    12       DFFE                1    1    0    1  |liforeg:74|trig8:7|Q7 (|liforeg:74|trig8:7|:21)
   -      5     -    C    23       DFFE                1    1    0    1  |liforeg:74|trig8:8|Q0 (|liforeg:74|trig8:8|:12)
   -      6     -    C    23       DFFE                1    1    0    1  |liforeg:74|trig8:8|Q1 (|liforeg:74|trig8:8|:15)
   -      6     -    B    16       DFFE                1    1    0    1  |liforeg:74|trig8:8|Q2 (|liforeg:74|trig8:8|:16)
   -      6     -    B    12       DFFE                1    1    0    1  |liforeg:74|trig8:8|Q3 (|liforeg:74|trig8:8|:17)
   -      3     -    B    16       DFFE                1    1    0    1  |liforeg:74|trig8:8|Q4 (|liforeg:74|trig8:8|:18)
   -      3     -    B    12       DFFE                1    1    0    1  |liforeg:74|trig8:8|Q5 (|liforeg:74|trig8:8|:19)
   -      1     -    A    11       DFFE                1    1    0    1  |liforeg:74|trig8:8|Q6 (|liforeg:74|trig8:8|:20)
   -      1     -    C    11       DFFE                1    1    0    1  |liforeg:74|trig8:8|Q7 (|liforeg:74|trig8:8|:21)
   -      2     -    C    24       DFFE                1    1    0    1  |liforeg:74|trig8:9|Q0 (|liforeg:74|trig8:9|:12)
   -      4     -    C    24       DFFE                1    1    0    1  |liforeg:74|trig8:9|Q1 (|liforeg:74|trig8:9|:15)
   -      1     -    B    18       DFFE                1    1    0    1  |liforeg:74|trig8:9|Q2 (|liforeg:74|trig8:9|:16)
   -      4     -    B    10       DFFE                1    1    0    1  |liforeg:74|trig8:9|Q3 (|liforeg:74|trig8:9|:17)
   -      4     -    A    18       DFFE                1    1    0    1  |liforeg:74|trig8:9|Q4 (|liforeg:74|trig8:9|:18)
   -      5     -    B    10       DFFE                1    1    0    1  |liforeg:74|trig8:9|Q5 (|liforeg:74|trig8:9|:19)
   -      5     -    A    18       DFFE                1    1    0    1  |liforeg:74|trig8:9|Q6 (|liforeg:74|trig8:9|:20)
   -      1     -    C    07       DFFE                1    1    0    1  |liforeg:74|trig8:9|Q7 (|liforeg:74|trig8:9|:21)
   -      6     -    C    24       DFFE                1    1    0    1  |liforeg:74|trig8:10|Q0 (|liforeg:74|trig8:10|:12)
   -      5     -    C    24       DFFE                1    1    0    1  |liforeg:74|trig8:10|Q1 (|liforeg:74|trig8:10|:15)
   -      2     -    B    20       DFFE                1    1    0    1  |liforeg:74|trig8:10|Q2 (|liforeg:74|trig8:10|:16)
   -      6     -    B    10       DFFE                1    1    0    1  |liforeg:74|trig8:10|Q3 (|liforeg:74|trig8:10|:17)
   -      6     -    A    18       DFFE                1    1    0    1  |liforeg:74|trig8:10|Q4 (|liforeg:74|trig8:10|:18)
   -      3     -    B    10       DFFE                1    1    0    1  |liforeg:74|trig8:10|Q5 (|liforeg:74|trig8:10|:19)
   -      3     -    A    18       DFFE                1    1    0    1  |liforeg:74|trig8:10|Q6 (|liforeg:74|trig8:10|:20)
   -      2     -    C    05       DFFE                1    1    0    1  |liforeg:74|trig8:10|Q7 (|liforeg:74|trig8:10|:21)
   -      2     -    A    04      LCELL                0    1    0    8  |liforeg:74|:19
   -      1     -    A    12       DFFE                1    3    0   11  |LPM_COUNTER:62|f8count:p8c0|QC (|LPM_COUNTER:62|f8count:p8c0|:6)
   -      3     -    A    12       DFFE                1    2    0   12  |LPM_COUNTER:62|f8count:p8c0|QB (|LPM_COUNTER:62|f8count:p8c0|:7)
   -      2     -    A    12       DFFE                0    1    0   13  |LPM_COUNTER:62|f8count:p8c0|QA (|LPM_COUNTER:62|f8count:p8c0|:8)
   -      5     -    A    10       AND2                0    3    1    0  :65
   -      7     -    A    09       AND2                0    3    1    0  :66
   -      1     -    A    04      LCELL                1    0    0    1  :69
   -      4     -    A    12        OR2                2    0    0    3  :75


Code:

s = Synthesized pin or logic cell
+ = Synchronous flipflop
/ = Slow slew-rate output
! = NOT gate push-back
r = Fitter-inserted logic cell
p = Packed register


Device-Specific Information:                 y:\sem4\lab2\fifolifogdf\lifo.rpt
lifo

** FASTTRACK INTERCONNECT UTILIZATION **

Row FastTrack Interconnect:

          Global         Left Half-      Right Half-
         FastTrack       FastTrack       FastTrack 
Row     Interconnect    Interconnect    Interconnect    Input Pins     Output Pins     Bidir Pins
A:      12/ 96( 12%)     8/ 48( 16%)     9/ 48( 18%)    2/16( 12%)      4/16( 25%)     0/16(  0%)
B:      14/ 96( 14%)     9/ 48( 18%)     6/ 48( 12%)    2/16( 12%)      3/16( 18%)     0/16(  0%)
C:      12/ 96( 12%)     7/ 48( 14%)    10/ 48( 20%)    1/16(  6%)      3/16( 18%)     0/16(  0%)


Column FastTrack Interconnect:

         FastTrack                                 
Column  Interconnect    Input Pins     Output Pins     Bidir Pins
01:      2/24(  8%)     0/4(  0%)      0/4(  0%)       0/4(  0%)
02:      3/24( 12%)     0/4(  0%)      0/4(  0%)       0/4(  0%)
03:      2/24(  8%)     0/4(  0%)      0/4(  0%)       0/4(  0%)
04:      0/24(  0%)     0/4(  0%)      0/4(  0%)       0/4(  0%)
05:      1/24(  4%)     0/4(  0%)      0/4(  0%)       0/4(  0%)
06:      1/24(  4%)     0/4(  0%)      0/4(  0%)       0/4(  0%)
07:      1/24(  4%)     0/4(  0%)      0/4(  0%)       0/4(  0%)
08:      1/24(  4%)     0/4(  0%)      0/4(  0%)       0/4(  0%)
09:      0/24(  0%)     0/4(  0%)      0/4(  0%)       0/4(  0%)
10:      0/24(  0%)     0/4(  0%)      0/4(  0%)       0/4(  0%)
11:      0/24(  0%)     0/4(  0%)      0/4(  0%)       0/4(  0%)
12:      0/24(  0%)     0/4(  0%)      0/4(  0%)       0/4(  0%)
13:      0/24(  0%)     0/4(  0%)      0/4(  0%)       0/4(  0%)
14:      0/24(  0%)     0/4(  0%)      0/4(  0%)       0/4(  0%)
15:      0/24(  0%)     0/4(  0%)      0/4(  0%)       0/4(  0%)
16:      1/24(  4%)     0/4(  0%)      0/4(  0%)       0/4(  0%)
17:      0/24(  0%)     0/4(  0%)      0/4(  0%)       0/4(  0%)
18:      0/24(  0%)     0/4(  0%)      0/4(  0%)       0/4(  0%)
19:      0/24(  0%)     0/4(  0%)      0/4(  0%)       0/4(  0%)
20:      0/24(  0%)     0/4(  0%)      0/4(  0%)       0/4(  0%)
21:      0/24(  0%)     0/4(  0%)      0/4(  0%)       0/4(  0%)
22:      0/24(  0%)     0/4(  0%)      0/4(  0%)       0/4(  0%)
23:      0/24(  0%)     0/4(  0%)      0/4(  0%)       0/4(  0%)
24:      0/24(  0%)     0/4(  0%)      0/4(  0%)       0/4(  0%)
EA:      0/24(  0%)     0/4(  0%)      0/4(  0%)       0/4(  0%)


Device-Specific Information:                 y:\sem4\lab2\fifolifogdf\lifo.rpt
lifo

** CLOCK SIGNALS **

Type     Fan-out       Name
INPUT        9         RD
LCELL        8         |liforeg:74|LPM_DECODE:13|declut:decoder|anode0_3
LCELL        8         |liforeg:74|LPM_DECODE:13|declut:decoder|anode1_3
LCELL        8         |liforeg:74|LPM_DECODE:13|declut:decoder|anode2_3
LCELL        8         |liforeg:74|LPM_DECODE:13|declut:decoder|anode3_3
LCELL        8         |liforeg:74|LPM_DECODE:13|declut:decoder|anode4_3
LCELL        8         |liforeg:74|LPM_DECODE:13|declut:decoder|anode5_3
LCELL        8         |liforeg:74|LPM_DECODE:13|declut:decoder|anode6_3
LCELL        8         |liforeg:74|LPM_DECODE:13|declut:decoder|anode7_3
LCELL        3         :75


Device-Specific Information:                 y:\sem4\lab2\fifolifogdf\lifo.rpt
lifo

** CLEAR SIGNALS **

Type     Fan-out       Name
INPUT        3         Reset


Device-Specific Information:                 y:\sem4\lab2\fifolifogdf\lifo.rpt
lifo

** EQUATIONS **

DI0      : INPUT;
DI1      : INPUT;
DI2      : INPUT;
DI3      : INPUT;
DI4      : INPUT;
DI5      : INPUT;
DI6      : INPUT;
DI7      : INPUT;
RD       : INPUT;
Reset    : INPUT;
WR       : INPUT;

-- Node name is 'D00' 
-- Equation name is 'D00', type is output 
D00      =  _LC6_C14;

-- Node name is 'D01' 
-- Equation name is 'D01', type is output 
D01      =  _LC3_C14;

-- Node name is 'D02' 
-- Equation name is 'D02', type is output 
D02      =  _LC7_B15;

-- Node name is 'D03' 
-- Equation name is 'D03', type is output 
D03      =  _LC7_B4;

-- Node name is 'D04' 
-- Equation name is 'D04', type is output 
D04      =  _LC8_A13;

-- Node name is 'D05' 
-- Equation name is 'D05', type is output 
D05      =  _LC3_B4;

-- Node name is 'D06' 
-- Equation name is 'D06', type is output 
D06      =  _LC4_A13;

-- Node name is 'D07' 
-- Equation name is 'D07', type is output 
D07      =  _LC7_C11;

-- Node name is 'Empty' 
-- Equation name is 'Empty', type is output 
Empty    =  _LC7_A9;

-- Node name is 'Full' 
-- Equation name is 'Full', type is output 
Full     =  _LC5_A10;

-- Node name is '|delay:71|:37' = '|delay:71|out0' 
-- Equation name is '_LC1_A6', type is buried 
_LC1_A6  = LCELL( _LC2_A12);

-- Node name is '|delay:71|:36' = '|delay:71|out1' 
-- Equation name is '_LC1_A3', type is buried 
_LC1_A3  = LCELL( _LC3_A12);

-- Node name is '|delay:71|:42' = '|delay:71|out2' 
-- Equation name is '_LC1_A2', type is buried 
_LC1_A2  = LCELL( _LC1_A12);

-- Node name is '|liforeg:74|LPM_DECODE:13|declut:decoder|anode0_3' from file "declut.tdf" line 77, column 52
-- Equation name is '_LC1_A5', type is buried 
_LC1_A5  = LCELL( _EQ001);
  _EQ001 = !_LC1_A12 &  _LC2_A4 & !_LC2_A12 & !_LC3_A12;

-- Node name is '|liforeg:74|LPM_DECODE:13|declut:decoder|anode1_3' from file "declut.tdf" line 77, column 52
-- Equation name is '_LC2_A1', type is buried 
_LC2_A1  = LCELL( _EQ002);
  _EQ002 = !_LC1_A12 &  _LC2_A4 &  _LC2_A12 & !_LC3_A12;

-- Node name is '|liforeg:74|LPM_DECODE:13|declut:decoder|anode2_3' from file "declut.tdf" line 77, column 52
-- Equation name is '_LC3_A1', type is buried 
_LC3_A1  = LCELL( _EQ003);
  _EQ003 = !_LC1_A12 &  _LC2_A4 & !_LC2_A12 &  _LC3_A12;

-- Node name is '|liforeg:74|LPM_DECODE:13|declut:decoder|anode3_3' from file "declut.tdf" line 77, column 52
-- Equation name is '_LC5_A1', type is buried 
_LC5_A1  = LCELL( _EQ004);
  _EQ004 = !_LC1_A12 &  _LC2_A4 &  _LC2_A12 &  _LC3_A12;

-- Node name is '|liforeg:74|LPM_DECODE:13|declut:decoder|anode4_3' from file "declut.tdf" line 79, column 52
-- Equation name is '_LC2_A3', type is buried 
_LC2_A3  = LCELL( _EQ005);
  _EQ005 =  _LC1_A12 &  _LC2_A4 & !_LC2_A12 & !_LC3_A12;

-- Node name is '|liforeg:74|LPM_DECODE:13|declut:decoder|anode5_3' from file "declut.tdf" line 79, column 52
-- Equation name is '_LC5_A2', type is buried 
_LC5_A2  = LCELL( _EQ006);
  _EQ006 =  _LC1_A12 &  _LC2_A4 &  _LC2_A12 & !_LC3_A12;

-- Node name is '|liforeg:74|LPM_DECODE:13|declut:decoder|anode6_3' from file "declut.tdf" line 79, column 52
-- Equation name is '_LC3_A8', type is buried 
_LC3_A8  = LCELL( _EQ007);
  _EQ007 =  _LC1_A12 &  _LC2_A4 & !_LC2_A12 &  _LC3_A12;

-- Node name is '|liforeg:74|LPM_DECODE:13|declut:decoder|anode7_3' from file "declut.tdf" line 79, column 52
-- Equation name is '_LC1_A7', type is buried 
_LC1_A7  = LCELL( _EQ008);
  _EQ008 =  _LC1_A12 &  _LC2_A4 &  _LC2_A12 &  _LC3_A12;

-- Node name is '|liforeg:74|LPM_MUX:12|muxlut:135|muxlut:43|~44~1' from file "muxlut.tdf" line 171, column 56
-- Equation name is '_LC2_C22', type is buried 
-- synthesized logic cell 
_LC2_C22 = LCELL( _EQ009);
  _EQ009 =  _LC1_A6 &  _LC6_C22
         # !_LC1_A6 &  _LC4_C22;

-- Node name is '|liforeg:74|LPM_MUX:12|muxlut:135|muxlut:43|~49~1' from file "muxlut.tdf" line 172, column 50
-- Equation name is '_LC3_C17', type is buried 
-- synthesized logic cell 
_LC3_C17 = LCELL( _EQ010);
  _EQ010 =  _LC1_A6 &  _LC5_C17
         # !_LC1_A6 &  _LC2_C17;

-- Node name is '|liforeg:74|LPM_MUX:12|muxlut:135|muxlut:60|:44' from file "muxlut.tdf" line 171, column 56
-- Equation name is '_LC3_C24', type is buried 
_LC3_C24 = LCELL( _EQ011);
  _EQ011 =  _LC1_A6 &  _LC6_C24
         # !_LC1_A6 &  _LC2_C24
         # !_LC1_A3;

-- Node name is '|liforeg:74|LPM_MUX:12|muxlut:135|muxlut:60|:49' from file "muxlut.tdf" line 172, column 50
-- Equation name is '_LC3_C23', type is buried 
_LC3_C23 = LCELL( _EQ012);
  _EQ012 =  _LC1_A6 &  _LC5_C23
         # !_LC1_A6 &  _LC4_C23
         #  _LC1_A3;

-- Node name is '|liforeg:74|LPM_MUX:12|muxlut:135|muxlut:77|:37' from file "muxlut.tdf" line 128, column 30
-- Equation name is '_LC2_C14', type is buried 
_LC2_C14 = LCELL( _EQ013);
  _EQ013 = !_LC1_A2 & !_LC1_A3 &  _LC3_C17
         # !_LC1_A2 &  _LC2_C22 &  _LC3_C17
         # !_LC1_A2 &  _LC1_A3 &  _LC2_C22;

-- Node name is '|liforeg:74|LPM_MUX:12|muxlut:156|muxlut:43|~44~1' from file "muxlut.tdf" line 171, column 56
-- Equation name is '_LC1_C22', type is buried 
-- synthesized logic cell 
_LC1_C22 = LCELL( _EQ014);
  _EQ014 =  _LC1_A6 &  _LC3_C22
         # !_LC1_A6 &  _LC5_C22;

-- Node name is '|liforeg:74|LPM_MUX:12|muxlut:156|muxlut:43|~49~1' from file "muxlut.tdf" line 172, column 50
-- Equation name is '_LC1_C17', type is buried 
-- synthesized logic cell 
_LC1_C17 = LCELL( _EQ015);
  _EQ015 =  _LC1_A6 &  _LC6_C17
         # !_LC1_A6 &  _LC4_C17;

-- Node name is '|liforeg:74|LPM_MUX:12|muxlut:156|muxlut:60|:44' from file "muxlut.tdf" line 171, column 56
-- Equation name is '_LC1_C24', type is buried 
_LC1_C24 = LCELL( _EQ016);
  _EQ016 =  _LC1_A6 &  _LC5_C24
         # !_LC1_A6 &  _LC4_C24
         # !_LC1_A3;

-- Node name is '|liforeg:74|LPM_MUX:12|muxlut:156|muxlut:60|:49' from file "muxlut.tdf" line 172, column 50
-- Equation name is '_LC2_C23', type is buried 
_LC2_C23 = LCELL( _EQ017);
  _EQ017 =  _LC1_A6 &  _LC6_C23
         # !_LC1_A6 &  _LC1_C23
         #  _LC1_A3;

-- Node name is '|liforeg:74|LPM_MUX:12|muxlut:156|muxlut:77|:37' from file "muxlut.tdf" line 128, column 30
-- Equation name is '_LC1_C14', type is buried 
_LC1_C14 = LCELL( _EQ018);
  _EQ018 = !_LC1_A2 &  _LC1_C17 &  _LC1_C22
         # !_LC1_A2 &  _LC1_A3 &  _LC1_C22
         # !_LC1_A2 & !_LC1_A3 &  _LC1_C17;

-- Node name is '|liforeg:74|LPM_MUX:12|muxlut:177|muxlut:43|~44~1' from file "muxlut.tdf" line 171, column 56
-- Equation name is '_LC2_B15', type is buried 
-- synthesized logic cell 
_LC2_B15 = LCELL( _EQ019);
  _EQ019 =  _LC1_A6 &  _LC1_B15
         # !_LC1_A6 &  _LC1_B20;

-- Node name is '|liforeg:74|LPM_MUX:12|muxlut:177|muxlut:43|~49~1' from file "muxlut.tdf" line 172, column 50
-- Equation name is '_LC1_B21', type is buried 
-- synthesized logic cell 
_LC1_B21 = LCELL( _EQ020);
  _EQ020 =  _LC1_A6 &  _LC5_B21
         # !_LC1_A6 &  _LC2_B21;

-- Node name is '|liforeg:74|LPM_MUX:12|muxlut:177|muxlut:60|:44' from file "muxlut.tdf" line 171, column 56
-- Equation name is '_LC3_B15', type is buried 
_LC3_B15 = LCELL( _EQ021);
  _EQ021 =  _LC1_A6 &  _LC2_B20
         # !_LC1_A6 &  _LC1_B18
         # !_LC1_A3;

-- Node name is '|liforeg:74|LPM_MUX:12|muxlut:177|muxlut:60|:49' from file "muxlut.tdf" line 172, column 50
-- Equation name is '_LC2_B16', type is buried 
_LC2_B16 = LCELL( _EQ022);
  _EQ022 =  _LC1_A6 &  _LC6_B16
         # !_LC1_A6 &  _LC5_B16
         #  _LC1_A3;

-- Node name is '|liforeg:74|LPM_MUX:12|muxlut:177|muxlut:77|:37' from file "muxlut.tdf" line 128, column 30
-- Equation name is '_LC4_B15', type is buried 
_LC4_B15 = LCELL( _EQ023);
  _EQ023 = !_LC1_A2 &  _LC1_B21 &  _LC2_B15
         # !_LC1_A2 &  _LC1_A3 &  _LC2_B15
         # !_LC1_A2 & !_LC1_A3 &  _LC1_B21;

-- Node name is '|liforeg:74|LPM_MUX:12|muxlut:198|muxlut:43|~44~1' from file "muxlut.tdf" line 171, column 56
-- Equation name is '_LC2_B9', type is buried 
-- synthesized logic cell 
_LC2_B9  = LCELL( _EQ024);
  _EQ024 =  _LC1_A6 &  _LC4_B9
         # !_LC1_A6 &  _LC5_B9;

-- Node name is '|liforeg:74|LPM_MUX:12|muxlut:198|muxlut:43|~49~1' from file "muxlut.tdf" line 172, column 50
-- Equation name is '_LC4_B21', type is buried 
-- synthesized logic cell 
_LC4_B21 = LCELL( _EQ025);
  _EQ025 =  _LC1_A6 &  _LC6_B21
         # !_LC1_A6 &  _LC3_B21;

-- Node name is '|liforeg:74|LPM_MUX:12|muxlut:198|muxlut:60|:44' from file "muxlut.tdf" line 171, column 56
-- Equation name is '_LC2_B10', type is buried 
_LC2_B10 = LCELL( _EQ026);
  _EQ026 =  _LC1_A6 &  _LC6_B10
         # !_LC1_A6 &  _LC4_B10
         # !_LC1_A3;

-- Node name is '|liforeg:74|LPM_MUX:12|muxlut:198|muxlut:60|:49' from file "muxlut.tdf" line 172, column 50
-- Equation name is '_LC2_B12', type is buried 
_LC2_B12 = LCELL( _EQ027);
  _EQ027 =  _LC1_A6 &  _LC6_B12
         # !_LC1_A6 &  _LC5_B12
         #  _LC1_A3;

-- Node name is '|liforeg:74|LPM_MUX:12|muxlut:198|muxlut:77|:37' from file "muxlut.tdf" line 128, column 30
-- Equation name is '_LC1_B4', type is buried 
_LC1_B4  = LCELL( _EQ028);
  _EQ028 = !_LC1_A2 &  _LC2_B9 &  _LC4_B21
         # !_LC1_A2 &  _LC1_A3 &  _LC2_B9
         # !_LC1_A2 & !_LC1_A3 &  _LC4_B21;

-- Node name is '|liforeg:74|LPM_MUX:12|muxlut:219|muxlut:43|~44~1' from file "muxlut.tdf" line 171, column 56
-- Equation name is '_LC3_A17', type is buried 
-- synthesized logic cell 
_LC3_A17 = LCELL( _EQ029);
  _EQ029 =  _LC1_A6 &  _LC4_A17
         # !_LC1_A6 &  _LC5_A17;

-- Node name is '|liforeg:74|LPM_MUX:12|muxlut:219|muxlut:43|~49~1' from file "muxlut.tdf" line 172, column 50
-- Equation name is '_LC2_A19', type is buried 
-- synthesized logic cell 
_LC2_A19 = LCELL( _EQ030);
  _EQ030 =  _LC1_A6 &  _LC4_A19
         # !_LC1_A6 &  _LC5_A19;

-- Node name is '|liforeg:74|LPM_MUX:12|muxlut:219|muxlut:60|:44' from file "muxlut.tdf" line 171, column 56
-- Equation name is '_LC1_A18', type is buried 
_LC1_A18 = LCELL( _EQ031);
  _EQ031 =  _LC1_A6 &  _LC6_A18
         # !_LC1_A6 &  _LC4_A18
         # !_LC1_A3;

-- Node name is '|liforeg:74|LPM_MUX:12|muxlut:219|muxlut:60|:49' from file "muxlut.tdf" line 172, column 50
-- Equation name is '_LC1_B16', type is buried 
_LC1_B16 = LCELL( _EQ032);
  _EQ032 =  _LC1_A6 &  _LC3_B16
         # !_LC1_A6 &  _LC4_B16
         #  _LC1_A3;

-- Node name is '|liforeg:74|LPM_MUX:12|muxlut:219|muxlut:77|:37' from file "muxlut.tdf" line 128, column 30
-- Equation name is '_LC1_A13', type is buried 
_LC1_A13 = LCELL( _EQ033);
  _EQ033 = !_LC1_A2 &  _LC2_A19 &  _LC3_A17
         # !_LC1_A2 &  _LC1_A3 &  _LC3_A17
         # !_LC1_A2 & !_LC1_A3 &  _LC2_A19;

-- Node name is '|liforeg:74|LPM_MUX:12|muxlut:240|muxlut:43|~44~1' from file "muxlut.tdf" line 171, column 56
-- Equation name is '_LC1_B9', type is buried 
-- synthesized logic cell 
_LC1_B9  = LCELL( _EQ034);
  _EQ034 =  _LC1_A6 &  _LC3_B9
         # !_LC1_A6 &  _LC6_B9;

-- Node name is '|liforeg:74|LPM_MUX:12|muxlut:240|muxlut:43|~49~1' from file "muxlut.tdf" line 172, column 50
-- Equation name is '_LC1_B6', type is buried 
-- synthesized logic cell 
_LC1_B6  = LCELL( _EQ035);
  _EQ035 =  _LC1_A6 &  _LC2_B6
         # !_LC1_A6 &  _LC3_B6;

-- Node name is '|liforeg:74|LPM_MUX:12|muxlut:240|muxlut:60|:44' from file "muxlut.tdf" line 171, column 56
-- Equation name is '_LC1_B10', type is buried 
_LC1_B10 = LCELL( _EQ036);
  _EQ036 =  _LC1_A6 &  _LC3_B10
         # !_LC1_A6 &  _LC5_B10
         # !_LC1_A3;

-- Node name is '|liforeg:74|LPM_MUX:12|muxlut:240|muxlut:60|:49' from file "muxlut.tdf" line 172, column 50
-- Equation name is '_LC1_B12', type is buried 
_LC1_B12 = LCELL( _EQ037);
  _EQ037 =  _LC1_A6 &  _LC3_B12
         # !_LC1_A6 &  _LC4_B12
         #  _LC1_A3;

-- Node name is '|liforeg:74|LPM_MUX:12|muxlut:240|muxlut:77|:37' from file "muxlut.tdf" line 128, column 30
-- Equation name is '_LC2_B4', type is buried 
_LC2_B4  = LCELL( _EQ038);
  _EQ038 = !_LC1_A2 &  _LC1_B6 &  _LC1_B9
         # !_LC1_A2 &  _LC1_A3 &  _LC1_B9
         # !_LC1_A2 & !_LC1_A3 &  _LC1_B6;

-- Node name is '|liforeg:74|LPM_MUX:12|muxlut:261|muxlut:43|~44~1' from file "muxlut.tdf" line 171, column 56
-- Equation name is '_LC1_A17', type is buried 
-- synthesized logic cell 
_LC1_A17 = LCELL( _EQ039);
  _EQ039 =  _LC1_A6 &  _LC2_A17
         # !_LC1_A6 &  _LC6_A17;

-- Node name is '|liforeg:74|LPM_MUX:12|muxlut:261|muxlut:43|~49~1' from file "muxlut.tdf" line 172, column 50
-- Equation name is '_LC1_A19', type is buried 
-- synthesized logic cell 
_LC1_A19 = LCELL( _EQ040);
  _EQ040 =  _LC1_A6 &  _LC3_A19
         # !_LC1_A6 &  _LC6_A19;

-- Node name is '|liforeg:74|LPM_MUX:12|muxlut:261|muxlut:60|:44' from file "muxlut.tdf" line 171, column 56
-- Equation name is '_LC2_A18', type is buried 
_LC2_A18 = LCELL( _EQ041);
  _EQ041 =  _LC1_A6 &  _LC3_A18
         # !_LC1_A6 &  _LC5_A18
         # !_LC1_A3;

-- Node name is '|liforeg:74|LPM_MUX:12|muxlut:261|muxlut:60|:49' from file "muxlut.tdf" line 172, column 50
-- Equation name is '_LC6_A11', type is buried 
_LC6_A11 = LCELL( _EQ042);
  _EQ042 =  _LC1_A6 &  _LC1_A11
         # !_LC1_A6 &  _LC2_A11
         #  _LC1_A3;

-- Node name is '|liforeg:74|LPM_MUX:12|muxlut:261|muxlut:77|:37' from file "muxlut.tdf" line 128, column 30
-- Equation name is '_LC2_A13', type is buried 
_LC2_A13 = LCELL( _EQ043);
  _EQ043 = !_LC1_A2 &  _LC1_A17 &  _LC1_A19
         # !_LC1_A2 &  _LC1_A3 &  _LC1_A17
         # !_LC1_A2 & !_LC1_A3 &  _LC1_A19;

-- Node name is '|liforeg:74|LPM_MUX:12|muxlut:282|muxlut:43|~44~1' from file "muxlut.tdf" line 171, column 56
-- Equation name is '_LC1_C8', type is buried 
-- synthesized logic cell 
_LC1_C8  = LCELL( _EQ044);
  _EQ044 =  _LC1_A6 &  _LC2_C12
         # !_LC1_A6 &  _LC4_C8;

-- Node name is '|liforeg:74|LPM_MUX:12|muxlut:282|muxlut:43|~49~1' from file "muxlut.tdf" line 172, column 50
-- Equation name is '_LC2_C8', type is buried 
-- synthesized logic cell 
_LC2_C8  = LCELL( _EQ045);
  _EQ045 =  _LC1_A6 &  _LC3_C8
         # !_LC1_A6 &  _LC1_C5;

-- Node name is '|liforeg:74|LPM_MUX:12|muxlut:282|muxlut:60|:44' from file "muxlut.tdf" line 171, column 56
-- Equation name is '_LC2_C11', type is buried 
_LC2_C11 = LCELL( _EQ046);
  _EQ046 =  _LC1_A6 &  _LC2_C5
         # !_LC1_A6 &  _LC1_C7
         # !_LC1_A3;

-- Node name is '|liforeg:74|LPM_MUX:12|muxlut:282|muxlut:60|:49' from file "muxlut.tdf" line 172, column 50
-- Equation name is '_LC3_C11', type is buried 
_LC3_C11 = LCELL( _EQ047);
  _EQ047 =  _LC1_A6 &  _LC1_C11
         # !_LC1_A6 &  _LC1_C12
         #  _LC1_A3;

-- Node name is '|liforeg:74|LPM_MUX:12|muxlut:282|muxlut:77|:37' from file "muxlut.tdf" line 128, column 30
-- Equation name is '_LC5_C8', type is buried 
_LC5_C8  = LCELL( _EQ048);
  _EQ048 = !_LC1_A2 &  _LC1_C8 &  _LC2_C8
         # !_LC1_A2 &  _LC1_A3 &  _LC1_C8
         # !_LC1_A2 & !_LC1_A3 &  _LC2_C8;

-- Node name is '|liforeg:74|trig8:2|:12' = '|liforeg:74|trig8:2|Q0' 
-- Equation name is '_LC2_C17', type is buried 
_LC2_C17 = DFFE( DI0,  _LC1_A5,  VCC,  VCC,  VCC);

-- Node name is '|liforeg:74|trig8:2|:15' = '|liforeg:74|trig8:2|Q1' 
-- Equation name is '_LC4_C17', type is buried 
_LC4_C17 = DFFE( DI1,  _LC1_A5,  VCC,  VCC,  VCC);

-- Node name is '|liforeg:74|trig8:2|:16' = '|liforeg:74|trig8:2|Q2' 
-- Equation name is '_LC2_B21', type is buried 
_LC2_B21 = DFFE( DI2,  _LC1_A5,  VCC,  VCC,  VCC);

-- Node name is '|liforeg:74|trig8:2|:17' = '|liforeg:74|trig8:2|Q3' 
-- Equation name is '_LC3_B21', type is buried 
_LC3_B21 = DFFE( DI3,  _LC1_A5,  VCC,  VCC,  VCC);

-- Node name is '|liforeg:74|trig8:2|:18' = '|liforeg:74|trig8:2|Q4' 
-- Equation name is '_LC5_A19', type is buried 
_LC5_A19 = DFFE( DI4,  _LC1_A5,  VCC,  VCC,  VCC);

-- Node name is '|liforeg:74|trig8:2|:19' = '|liforeg:74|trig8:2|Q5' 
-- Equation name is '_LC3_B6', type is buried 
_LC3_B6  = DFFE( DI5,  _LC1_A5,  VCC,  VCC,  VCC);

-- Node name is '|liforeg:74|trig8:2|:20' = '|liforeg:74|trig8:2|Q6' 
-- Equation name is '_LC6_A19', type is buried 
_LC6_A19 = DFFE( DI6,  _LC1_A5,  VCC,  VCC,  VCC);

-- Node name is '|liforeg:74|trig8:2|:21' = '|liforeg:74|trig8:2|Q7' 
-- Equation name is '_LC1_C5', type is buried 
_LC1_C5  = DFFE( DI7,  _LC1_A5,  VCC,  VCC,  VCC);

-- Node name is '|liforeg:74|trig8:3|:12' = '|liforeg:74|trig8:3|Q0' 
-- Equation name is '_LC6_C14', type is buried 
_LC6_C14 = DFFE( _EQ049, GLOBAL( RD),  VCC,  VCC,  VCC);
  _EQ049 =  _LC1_A2 &  _LC3_C23 &  _LC3_C24
         #  _LC2_C14;

-- Node name is '|liforeg:74|trig8:3|:15' = '|liforeg:74|trig8:3|Q1' 
-- Equation name is '_LC3_C14', type is buried 
_LC3_C14 = DFFE( _EQ050, GLOBAL( RD),  VCC,  VCC,  VCC);
  _EQ050 =  _LC1_A2 &  _LC1_C24 &  _LC2_C23
         #  _LC1_C14;

-- Node name is '|liforeg:74|trig8:3|:16' = '|liforeg:74|trig8:3|Q2' 
-- Equation name is '_LC7_B15', type is buried 
_LC7_B15 = DFFE( _EQ051, GLOBAL( RD),  VCC,  VCC,  VCC);
  _EQ051 =  _LC1_A2 &  _LC2_B16 &  _LC3_B15
         #  _LC4_B15;

-- Node name is '|liforeg:74|trig8:3|:17' = '|liforeg:74|trig8:3|Q3' 
-- Equation name is '_LC7_B4', type is buried 
_LC7_B4  = DFFE( _EQ052, GLOBAL( RD),  VCC,  VCC,  VCC);
  _EQ052 =  _LC1_A2 &  _LC2_B10 &  _LC2_B12
         #  _LC1_B4;

-- Node name is '|liforeg:74|trig8:3|:18' = '|liforeg:74|trig8:3|Q4' 
-- Equation name is '_LC8_A13', type is buried 
_LC8_A13 = DFFE( _EQ053, GLOBAL( RD),  VCC,  VCC,  VCC);
  _EQ053 =  _LC1_A2 &  _LC1_A18 &  _LC1_B16
         #  _LC1_A13;

-- Node name is '|liforeg:74|trig8:3|:19' = '|liforeg:74|trig8:3|Q5' 
-- Equation name is '_LC3_B4', type is buried 
_LC3_B4  = DFFE( _EQ054, GLOBAL( RD),  VCC,  VCC,  VCC);
  _EQ054 =  _LC1_A2 &  _LC1_B10 &  _LC1_B12
         #  _LC2_B4;

-- Node name is '|liforeg:74|trig8:3|:20' = '|liforeg:74|trig8:3|Q6' 
-- Equation name is '_LC4_A13', type is buried 
_LC4_A13 = DFFE( _EQ055, GLOBAL( RD),  VCC,  VCC,  VCC);
  _EQ055 =  _LC1_A2 &  _LC2_A18 &  _LC6_A11
         #  _LC2_A13;

-- Node name is '|liforeg:74|trig8:3|:21' = '|liforeg:74|trig8:3|Q7' 
-- Equation name is '_LC7_C11', type is buried 
_LC7_C11 = DFFE( _EQ056, GLOBAL( RD),  VCC,  VCC,  VCC);
  _EQ056 =  _LC1_A2 &  _LC2_C11 &  _LC3_C11
         #  _LC5_C8;

-- Node name is '|liforeg:74|trig8:4|:12' = '|liforeg:74|trig8:4|Q0' 
-- Equation name is '_LC5_C17', type is buried 
_LC5_C17 = DFFE( DI0,  _LC2_A1,  VCC,  VCC,  VCC);

-- Node name is '|liforeg:74|trig8:4|:15' = '|liforeg:74|trig8:4|Q1' 
-- Equation name is '_LC6_C17', type is buried 
_LC6_C17 = DFFE( DI1,  _LC2_A1,  VCC,  VCC,  VCC);

-- Node name is '|liforeg:74|trig8:4|:16' = '|liforeg:74|trig8:4|Q2' 
-- Equation name is '_LC5_B21', type is buried 
_LC5_B21 = DFFE( DI2,  _LC2_A1,  VCC,  VCC,  VCC);

-- Node name is '|liforeg:74|trig8:4|:17' = '|liforeg:74|trig8:4|Q3' 
-- Equation name is '_LC6_B21', type is buried 
_LC6_B21 = DFFE( DI3,  _LC2_A1,  VCC,  VCC,  VCC);

-- Node name is '|liforeg:74|trig8:4|:18' = '|liforeg:74|trig8:4|Q4' 
-- Equation name is '_LC4_A19', type is buried 
_LC4_A19 = DFFE( DI4,  _LC2_A1,  VCC,  VCC,  VCC);

-- Node name is '|liforeg:74|trig8:4|:19' = '|liforeg:74|trig8:4|Q5' 
-- Equation name is '_LC2_B6', type is buried 
_LC2_B6  = DFFE( DI5,  _LC2_A1,  VCC,  VCC,  VCC);

-- Node name is '|liforeg:74|trig8:4|:20' = '|liforeg:74|trig8:4|Q6' 
-- Equation name is '_LC3_A19', type is buried 
_LC3_A19 = DFFE( DI6,  _LC2_A1,  VCC,  VCC,  VCC);

-- Node name is '|liforeg:74|trig8:4|:21' = '|liforeg:74|trig8:4|Q7' 
-- Equation name is '_LC3_C8', type is buried 
_LC3_C8  = DFFE( DI7,  _LC2_A1,  VCC,  VCC,  VCC);

-- Node name is '|liforeg:74|trig8:5|:12' = '|liforeg:74|trig8:5|Q0' 
-- Equation name is '_LC4_C22', type is buried 
_LC4_C22 = DFFE( DI0,  _LC3_A1,  VCC,  VCC,  VCC);

-- Node name is '|liforeg:74|trig8:5|:15' = '|liforeg:74|trig8:5|Q1' 
-- Equation name is '_LC5_C22', type is buried 
_LC5_C22 = DFFE( DI1,  _LC3_A1,  VCC,  VCC,  VCC);

-- Node name is '|liforeg:74|trig8:5|:16' = '|liforeg:74|trig8:5|Q2' 
-- Equation name is '_LC1_B20', type is buried 
_LC1_B20 = DFFE( DI2,  _LC3_A1,  VCC,  VCC,  VCC);

-- Node name is '|liforeg:74|trig8:5|:17' = '|liforeg:74|trig8:5|Q3' 
-- Equation name is '_LC5_B9', type is buried 
_LC5_B9  = DFFE( DI3,  _LC3_A1,  VCC,  VCC,  VCC);

-- Node name is '|liforeg:74|trig8:5|:18' = '|liforeg:74|trig8:5|Q4' 
-- Equation name is '_LC5_A17', type is buried 
_LC5_A17 = DFFE( DI4,  _LC3_A1,  VCC,  VCC,  VCC);

-- Node name is '|liforeg:74|trig8:5|:19' = '|liforeg:74|trig8:5|Q5' 
-- Equation name is '_LC6_B9', type is buried 
_LC6_B9  = DFFE( DI5,  _LC3_A1,  VCC,  VCC,  VCC);

-- Node name is '|liforeg:74|trig8:5|:20' = '|liforeg:74|trig8:5|Q6' 
-- Equation name is '_LC6_A17', type is buried 
_LC6_A17 = DFFE( DI6,  _LC3_A1,  VCC,  VCC,  VCC);

-- Node name is '|liforeg:74|trig8:5|:21' = '|liforeg:74|trig8:5|Q7' 
-- Equation name is '_LC4_C8', type is buried 
_LC4_C8  = DFFE( DI7,  _LC3_A1,  VCC,  VCC,  VCC);

-- Node name is '|liforeg:74|trig8:6|:12' = '|liforeg:74|trig8:6|Q0' 
-- Equation name is '_LC6_C22', type is buried 
_LC6_C22 = DFFE( DI0,  _LC5_A1,  VCC,  VCC,  VCC);

-- Node name is '|liforeg:74|trig8:6|:15' = '|liforeg:74|trig8:6|Q1' 
-- Equation name is '_LC3_C22', type is buried 
_LC3_C22 = DFFE( DI1,  _LC5_A1,  VCC,  VCC,  VCC);

-- Node name is '|liforeg:74|trig8:6|:16' = '|liforeg:74|trig8:6|Q2' 
-- Equation name is '_LC1_B15', type is buried 
_LC1_B15 = DFFE( DI2,  _LC5_A1,  VCC,  VCC,  VCC);

-- Node name is '|liforeg:74|trig8:6|:17' = '|liforeg:74|trig8:6|Q3' 
-- Equation name is '_LC4_B9', type is buried 
_LC4_B9  = DFFE( DI3,  _LC5_A1,  VCC,  VCC,  VCC);

-- Node name is '|liforeg:74|trig8:6|:18' = '|liforeg:74|trig8:6|Q4' 
-- Equation name is '_LC4_A17', type is buried 
_LC4_A17 = DFFE( DI4,  _LC5_A1,  VCC,  VCC,  VCC);

-- Node name is '|liforeg:74|trig8:6|:19' = '|liforeg:74|trig8:6|Q5' 
-- Equation name is '_LC3_B9', type is buried 
_LC3_B9  = DFFE( DI5,  _LC5_A1,  VCC,  VCC,  VCC);

-- Node name is '|liforeg:74|trig8:6|:20' = '|liforeg:74|trig8:6|Q6' 
-- Equation name is '_LC2_A17', type is buried 
_LC2_A17 = DFFE( DI6,  _LC5_A1,  VCC,  VCC,  VCC);

-- Node name is '|liforeg:74|trig8:6|:21' = '|liforeg:74|trig8:6|Q7' 
-- Equation name is '_LC2_C12', type is buried 
_LC2_C12 = DFFE( DI7,  _LC5_A1,  VCC,  VCC,  VCC);

-- Node name is '|liforeg:74|trig8:7|:12' = '|liforeg:74|trig8:7|Q0' 
-- Equation name is '_LC4_C23', type is buried 
_LC4_C23 = DFFE( DI0,  _LC2_A3,  VCC,  VCC,  VCC);

-- Node name is '|liforeg:74|trig8:7|:15' = '|liforeg:74|trig8:7|Q1' 
-- Equation name is '_LC1_C23', type is buried 
_LC1_C23 = DFFE( DI1,  _LC2_A3,  VCC,  VCC,  VCC);

-- Node name is '|liforeg:74|trig8:7|:16' = '|liforeg:74|trig8:7|Q2' 
-- Equation name is '_LC5_B16', type is buried 
_LC5_B16 = DFFE( DI2,  _LC2_A3,  VCC,  VCC,  VCC);

-- Node name is '|liforeg:74|trig8:7|:17' = '|liforeg:74|trig8:7|Q3' 
-- Equation name is '_LC5_B12', type is buried 
_LC5_B12 = DFFE( DI3,  _LC2_A3,  VCC,  VCC,  VCC);

-- Node name is '|liforeg:74|trig8:7|:18' = '|liforeg:74|trig8:7|Q4' 
-- Equation name is '_LC4_B16', type is buried 
_LC4_B16 = DFFE( DI4,  _LC2_A3,  VCC,  VCC,  VCC);

-- Node name is '|liforeg:74|trig8:7|:19' = '|liforeg:74|trig8:7|Q5' 
-- Equation name is '_LC4_B12', type is buried 
_LC4_B12 = DFFE( DI5,  _LC2_A3,  VCC,  VCC,  VCC);

-- Node name is '|liforeg:74|trig8:7|:20' = '|liforeg:74|trig8:7|Q6' 
-- Equation name is '_LC2_A11', type is buried 
_LC2_A11 = DFFE( DI6,  _LC2_A3,  VCC,  VCC,  VCC);

-- Node name is '|liforeg:74|trig8:7|:21' = '|liforeg:74|trig8:7|Q7' 
-- Equation name is '_LC1_C12', type is buried 
_LC1_C12 = DFFE( DI7,  _LC2_A3,  VCC,  VCC,  VCC);

-- Node name is '|liforeg:74|trig8:8|:12' = '|liforeg:74|trig8:8|Q0' 
-- Equation name is '_LC5_C23', type is buried 
_LC5_C23 = DFFE( DI0,  _LC5_A2,  VCC,  VCC,  VCC);

-- Node name is '|liforeg:74|trig8:8|:15' = '|liforeg:74|trig8:8|Q1' 
-- Equation name is '_LC6_C23', type is buried 
_LC6_C23 = DFFE( DI1,  _LC5_A2,  VCC,  VCC,  VCC);

-- Node name is '|liforeg:74|trig8:8|:16' = '|liforeg:74|trig8:8|Q2' 
-- Equation name is '_LC6_B16', type is buried 
_LC6_B16 = DFFE( DI2,  _LC5_A2,  VCC,  VCC,  VCC);

-- Node name is '|liforeg:74|trig8:8|:17' = '|liforeg:74|trig8:8|Q3' 
-- Equation name is '_LC6_B12', type is buried 
_LC6_B12 = DFFE( DI3,  _LC5_A2,  VCC,  VCC,  VCC);

-- Node name is '|liforeg:74|trig8:8|:18' = '|liforeg:74|trig8:8|Q4' 
-- Equation name is '_LC3_B16', type is buried 
_LC3_B16 = DFFE( DI4,  _LC5_A2,  VCC,  VCC,  VCC);

-- Node name is '|liforeg:74|trig8:8|:19' = '|liforeg:74|trig8:8|Q5' 
-- Equation name is '_LC3_B12', type is buried 
_LC3_B12 = DFFE( DI5,  _LC5_A2,  VCC,  VCC,  VCC);

-- Node name is '|liforeg:74|trig8:8|:20' = '|liforeg:74|trig8:8|Q6' 
-- Equation name is '_LC1_A11', type is buried 
_LC1_A11 = DFFE( DI6,  _LC5_A2,  VCC,  VCC,  VCC);

-- Node name is '|liforeg:74|trig8:8|:21' = '|liforeg:74|trig8:8|Q7' 
-- Equation name is '_LC1_C11', type is buried 
_LC1_C11 = DFFE( DI7,  _LC5_A2,  VCC,  VCC,  VCC);

-- Node name is '|liforeg:74|trig8:9|:12' = '|liforeg:74|trig8:9|Q0' 
-- Equation name is '_LC2_C24', type is buried 
_LC2_C24 = DFFE( DI0,  _LC3_A8,  VCC,  VCC,  VCC);

-- Node name is '|liforeg:74|trig8:9|:15' = '|liforeg:74|trig8:9|Q1' 
-- Equation name is '_LC4_C24', type is buried 
_LC4_C24 = DFFE( DI1,  _LC3_A8,  VCC,  VCC,  VCC);

-- Node name is '|liforeg:74|trig8:9|:16' = '|liforeg:74|trig8:9|Q2' 
-- Equation name is '_LC1_B18', type is buried 
_LC1_B18 = DFFE( DI2,  _LC3_A8,  VCC,  VCC,  VCC);

-- Node name is '|liforeg:74|trig8:9|:17' = '|liforeg:74|trig8:9|Q3' 
-- Equation name is '_LC4_B10', type is buried 
_LC4_B10 = DFFE( DI3,  _LC3_A8,  VCC,  VCC,  VCC);

-- Node name is '|liforeg:74|trig8:9|:18' = '|liforeg:74|trig8:9|Q4' 
-- Equation name is '_LC4_A18', type is buried 
_LC4_A18 = DFFE( DI4,  _LC3_A8,  VCC,  VCC,  VCC);

-- Node name is '|liforeg:74|trig8:9|:19' = '|liforeg:74|trig8:9|Q5' 
-- Equation name is '_LC5_B10', type is buried 
_LC5_B10 = DFFE( DI5,  _LC3_A8,  VCC,  VCC,  VCC);

-- Node name is '|liforeg:74|trig8:9|:20' = '|liforeg:74|trig8:9|Q6' 
-- Equation name is '_LC5_A18', type is buried 
_LC5_A18 = DFFE( DI6,  _LC3_A8,  VCC,  VCC,  VCC);

-- Node name is '|liforeg:74|trig8:9|:21' = '|liforeg:74|trig8:9|Q7' 
-- Equation name is '_LC1_C7', type is buried 
_LC1_C7  = DFFE( DI7,  _LC3_A8,  VCC,  VCC,  VCC);

-- Node name is '|liforeg:74|trig8:10|:12' = '|liforeg:74|trig8:10|Q0' 
-- Equation name is '_LC6_C24', type is buried 
_LC6_C24 = DFFE( DI0,  _LC1_A7,  VCC,  VCC,  VCC);

-- Node name is '|liforeg:74|trig8:10|:15' = '|liforeg:74|trig8:10|Q1' 
-- Equation name is '_LC5_C24', type is buried 
_LC5_C24 = DFFE( DI1,  _LC1_A7,  VCC,  VCC,  VCC);

-- Node name is '|liforeg:74|trig8:10|:16' = '|liforeg:74|trig8:10|Q2' 
-- Equation name is '_LC2_B20', type is buried 
_LC2_B20 = DFFE( DI2,  _LC1_A7,  VCC,  VCC,  VCC);

-- Node name is '|liforeg:74|trig8:10|:17' = '|liforeg:74|trig8:10|Q3' 
-- Equation name is '_LC6_B10', type is buried 
_LC6_B10 = DFFE( DI3,  _LC1_A7,  VCC,  VCC,  VCC);

-- Node name is '|liforeg:74|trig8:10|:18' = '|liforeg:74|trig8:10|Q4' 
-- Equation name is '_LC6_A18', type is buried 
_LC6_A18 = DFFE( DI4,  _LC1_A7,  VCC,  VCC,  VCC);

-- Node name is '|liforeg:74|trig8:10|:19' = '|liforeg:74|trig8:10|Q5' 
-- Equation name is '_LC3_B10', type is buried 
_LC3_B10 = DFFE( DI5,  _LC1_A7,  VCC,  VCC,  VCC);

-- Node name is '|liforeg:74|trig8:10|:20' = '|liforeg:74|trig8:10|Q6' 
-- Equation name is '_LC3_A18', type is buried 
_LC3_A18 = DFFE( DI6,  _LC1_A7,  VCC,  VCC,  VCC);

-- Node name is '|liforeg:74|trig8:10|:21' = '|liforeg:74|trig8:10|Q7' 
-- Equation name is '_LC2_C5', type is buried 
_LC2_C5  = DFFE( DI7,  _LC1_A7,  VCC,  VCC,  VCC);

-- Node name is '|liforeg:74|:19' 
-- Equation name is '_LC2_A4', type is buried 
_LC2_A4  = LCELL( _LC1_A4);

-- Node name is '|LPM_COUNTER:62|f8count:p8c0|:8' = '|LPM_COUNTER:62|f8count:p8c0|QA' 
-- Equation name is '_LC2_A12', type is buried 
_LC2_A12 = DFFE(!_LC2_A12,  _LC4_A12, GLOBAL(!Reset),  VCC,  VCC);

-- Node name is '|LPM_COUNTER:62|f8count:p8c0|:7' = '|LPM_COUNTER:62|f8count:p8c0|QB' 
-- Equation name is '_LC3_A12', type is buried 
_LC3_A12 = DFFE( _EQ057,  _LC4_A12, GLOBAL(!Reset),  VCC,  VCC);
  _EQ057 = !_LC2_A12 &  _LC3_A12 &  WR
         # !_LC2_A12 & !_LC3_A12 & !WR
         #  _LC2_A12 &  _LC3_A12 & !WR
         #  _LC2_A12 & !_LC3_A12 &  WR;

-- Node name is '|LPM_COUNTER:62|f8count:p8c0|:6' = '|LPM_COUNTER:62|f8count:p8c0|QC' 
-- Equation name is '_LC1_A12', type is buried 
_LC1_A12 = DFFE( _EQ058,  _LC4_A12, GLOBAL(!Reset),  VCC,  VCC);
  _EQ058 =  _LC1_A12 &  _LC2_A12 & !_LC3_A12
         #  _LC1_A12 &  _LC2_A12 & !WR
         #  _LC1_A12 & !_LC2_A12 &  _LC3_A12
         #  _LC1_A12 &  _LC3_A12 & !WR
         #  _LC1_A12 & !_LC2_A12 &  WR
         #  _LC1_A12 & !_LC3_A12 &  WR
         # !_LC1_A12 &  _LC2_A12 &  _LC3_A12 &  WR
         # !_LC1_A12 & !_LC2_A12 & !_LC3_A12 & !WR;

-- Node name is ':65' 
-- Equation name is '_LC5_A10', type is buried 
_LC5_A10 = LCELL( _EQ059);
  _EQ059 =  _LC1_A12 &  _LC2_A12 &  _LC3_A12;

-- Node name is ':66' 
-- Equation name is '_LC7_A9', type is buried 
_LC7_A9  = LCELL( _EQ060);
  _EQ060 = !_LC1_A12 & !_LC2_A12 & !_LC3_A12;

-- Node name is ':69' 
-- Equation name is '_LC1_A4', type is buried 
_LC1_A4  = LCELL( WR);

-- Node name is ':75' 
-- Equation name is '_LC4_A12', type is buried 
_LC4_A12 = LCELL( _EQ061);
  _EQ061 =  RD & !WR
         # !RD &  WR;



Project Information                          y:\sem4\lab2\fifolifogdf\lifo.rpt

** COMPILATION SETTINGS & TIMES **

Processing Menu Commands
------------------------

Design Doctor                             = off

Logic Synthesis:

   Synthesis Type Used                    = Multi-Level

   Default Synthesis Style                = NORMAL

      Logic option settings in 'NORMAL' style for 'FLEX10K' family

      CARRY_CHAIN                         = ignore
      CARRY_CHAIN_LENGTH                  = 32
      CASCADE_CHAIN                       = ignore
      CASCADE_CHAIN_LENGTH                = 2
      DECOMPOSE_GATES                     = on
      DUPLICATE_LOGIC_EXTRACTION          = on
      MINIMIZATION                        = full
      MULTI_LEVEL_FACTORING               = on
      NOT_GATE_PUSH_BACK                  = on
      REDUCE_LOGIC                        = on
      REFACTORIZATION                     = on
      REGISTER_OPTIMIZATION               = on
      RESYNTHESIZE_NETWORK                = on
      SLOW_SLEW_RATE                      = off
      SUBFACTOR_EXTRACTION                = on
      IGNORE_SOFT_BUFFERS                 = on
      USE_LPM_FOR_AHDL_OPERATORS          = off

   Other logic synthesis settings:

      Automatic Global Clock              = on
      Automatic Global Clear              = on
      Automatic Global Preset             = on
      Automatic Global Output Enable      = on
      Automatic Fast I/O                  = off
      Automatic Register Packing          = off
      Automatic Open-Drain Pins           = on
      Automatic Implement in EAB          = off
      Optimize                            = 5

Default Timing Specifications: None

Cut All Bidir Feedback Timing Paths       = on
Cut All Clear & Preset Timing Paths       = on

Ignore Timing Assignments                 = off

Functional SNF Extractor                  = off

Linked SNF Extractor                      = off
Timing SNF Extractor                      = on
Optimize Timing SNF                       = off
Generate AHDL TDO File                    = off
Fitter Settings                           = NORMAL
Smart Recompile                           = off
Total Recompile                           = off

Interfaces Menu Commands
------------------------

EDIF Netlist Writer                       = off
Verilog Netlist Writer                    = off
VHDL Netlist Writer                       = off

Compilation Times
-----------------

   Compiler Netlist Extractor             00:00:00
   Database Builder                       00:00:00
   Logic Synthesizer                      00:00:00
   Partitioner                            00:00:00
   Fitter                                 00:00:00
   Timing SNF Extractor                   00:00:00
   Assembler                              00:00:00
   --------------------------             --------
   Total Time                             00:00:00


Memory Allocated
-----------------

Peak memory allocated during compilation  = 21,045K
