Design: 9:28, 6 марта 2022 г.
Design: Opening design "Y:\sem4\lab3\lab3\lab3.adf"
ELBREAD: Elaboration process.
ELBREAD: Elaboration time 0.0 [s].
vcom "$DSN\src\alu_32.vhd" 
Compilation...
File: .\src\alu_32.vhd
Compile Package "dp32_types"
Package "dp32_types" has been skipped - no difference detected.
Compile Package Body "dp32_types"
Compile Package "alu_32_types"
Package "alu_32_types" has been skipped - no difference detected.
Compile Entity "ALU_32"
Entity "ALU_32" has been skipped - no difference detected.
Compile Architecture "behaviour" of Entity "ALU_32"
Compile success 0 Errors 0 Warnings  Analysis time :  0.1 [s]
ULM_0012: Compacting library "lab3" started.
ULM_0012: Compacting library "lab3" completed. The library size has been reduced by 65%.
vcom "$DSN\src\TestBench\ALU_32_TB.vhd" 
Compilation...
File: .\src\TestBench\ALU_32_TB.vhd
Compile Entity "alu_32_tb"
Entity "alu_32_tb" has been skipped - no difference detected.
Compile Architecture "TB_ARCHITECTURE" of Entity "alu_32_tb"
Compile Configuration "TESTBENCH_FOR_ALU_32"
Compile success 0 Errors 0 Warnings  Analysis time :  0.0 [s]
vsim TESTBENCH_FOR_ALU_32 
ELBREAD: Elaboration process.
ELBREAD: Elaboration time 0.0 [s].
KERNEL: Main thread initiated.
KERNEL: Kernel process initialization phase.
KERNEL: Kernel process initialization done.
9:28, 6 марта 2022 г.
Simulation has been initialized
Selected Top-Level: TESTBENCH_FOR_ALU_32
wave  
wave operand1
wave operand2
wave result
wave cond_code
wave command
run 1. us
KERNEL: stopped at time: 1 us
KERNEL: Simulation has finished. There are no more test vectors to simulate.
# The following lines can be used for timing simulation
# vcom <backannotated_vhdl_file_name>
# vcom "$DSN\src\TestBench\ALU_32_TB_tim_cfg.vhd" 
# vsim TIMING_FOR_ALU_32 
vcom "$DSN\src\alu_32.vhd" 
Compilation...
File: .\src\alu_32.vhd
Compile Package "dp32_types"
Package "dp32_types" has been skipped - no difference detected.
Compile Package Body "dp32_types"
Compile Package "alu_32_types"
Package "alu_32_types" has been skipped - no difference detected.
Compile Entity "ALU_32"
Entity "ALU_32" has been skipped - no difference detected.
Compile Architecture "behaviour" of Entity "ALU_32"
Compile success 0 Errors 0 Warnings  Analysis time :  0.1 [s]
vcom "$DSN\src\TestBench\ALU_32_TB.vhd" 
Compilation...
File: .\src\TestBench\ALU_32_TB.vhd
Compile Entity "alu_32_tb"
Entity "alu_32_tb" has been skipped - no difference detected.
Compile Architecture "TB_ARCHITECTURE" of Entity "alu_32_tb"
Compile Configuration "TESTBENCH_FOR_ALU_32"
Compile success 0 Errors 0 Warnings  Analysis time :  0.0 [s]
vsim TESTBENCH_FOR_ALU_32 
Simulation has been stopped
ELBREAD: Elaboration process.
ELBREAD: Elaboration time 0.0 [s].
KERNEL: Main thread initiated.
KERNEL: Kernel process initialization phase.
KERNEL: Kernel process initialization done.
9:32, 6 марта 2022 г.
Simulation has been initialized
Selected Top-Level: TESTBENCH_FOR_ALU_32
wave  
wave operand1
wave operand2
wave result
wave cond_code
wave command
run 1. us
KERNEL: stopped at time: 1 us
KERNEL: Simulation has finished. There are no more test vectors to simulate.
# The following lines can be used for timing simulation
# vcom <backannotated_vhdl_file_name>
# vcom "$DSN\src\TestBench\ALU_32_TB_tim_cfg.vhd" 
# vsim TIMING_FOR_ALU_32 
Simulation has been stopped
