Project Information             c:\max2work\lab4sem1\fifolifocode\fifocode.rpt

MAX+plus II Compiler Report File
Version 9.01 07/30/98
Compiled: 02/20/22 12:34:49

Copyright (C) 1988-1998 Altera Corporation
Any megafunction design, and related net list (encrypted or decrypted),
support information, device programming or simulation file, and any other
associated documentation or information provided by Altera or a partner
under Altera's Megafunction Partnership Program may be used only to
program PLD devices (but not masked PLD devices) from Altera.  Any other
use of such megafunction design, net list, support information, device
programming or simulation file, or any other related documentation or
information is prohibited for any other purpose, including, but not
limited to modification, reverse engineering, de-compiling, or use with
any other silicon devices, unless such use is explicitly licensed under
a separate agreement with Altera or a megafunction partner.  Title to
the intellectual property, including patents, copyrights, trademarks,
trade secrets, or maskworks, embodied in any such megafunction design,
net list, support information, device programming or simulation file, or
any other related documentation or information provided by Altera or a
megafunction partner, remains with Altera, the megafunction partner, or
their respective licensors.  No other licenses, including any licenses
needed under any third party's intellectual property, are provided herein.



***** Project compilation was successful


FIFOCODE


** DEVICE SUMMARY **

Chip/                     Input Output Bidir  Memory  Memory  			 LCs
POF       Device          Pins  Pins   Pins   Bits % Utilized  LCs  % Utilized

fifocode  EPF10K10LC84-3   12     10     0    0         0  %    148      25 %

User Pins:                 12     10     0  



Project Information             c:\max2work\lab4sem1\fifolifocode\fifocode.rpt

** FILE HIERARCHY **



|lpm_add_sub:3852|
|lpm_add_sub:3852|addcore:adder|
|lpm_add_sub:3852|altshift:result_ext_latency_ffs|
|lpm_add_sub:3852|altshift:carry_ext_latency_ffs|
|lpm_add_sub:3852|altshift:oflow_ext_latency_ffs|
|lpm_add_sub:3890|
|lpm_add_sub:3890|addcore:adder|
|lpm_add_sub:3890|altshift:result_ext_latency_ffs|
|lpm_add_sub:3890|altshift:carry_ext_latency_ffs|
|lpm_add_sub:3890|altshift:oflow_ext_latency_ffs|
|lpm_add_sub:5572|
|lpm_add_sub:5572|addcore:adder|
|lpm_add_sub:5572|altshift:result_ext_latency_ffs|
|lpm_add_sub:5572|altshift:carry_ext_latency_ffs|
|lpm_add_sub:5572|altshift:oflow_ext_latency_ffs|
|lpm_add_sub:5610|
|lpm_add_sub:5610|addcore:adder|
|lpm_add_sub:5610|altshift:result_ext_latency_ffs|
|lpm_add_sub:5610|altshift:carry_ext_latency_ffs|
|lpm_add_sub:5610|altshift:oflow_ext_latency_ffs|


Device-Specific Information:    c:\max2work\lab4sem1\fifolifocode\fifocode.rpt
fifocode

***** Logic for device 'fifocode' compiled without errors.




Device: EPF10K10LC84-3

FLEX 10K Configuration Scheme: Passive Serial

Device Options:
    User-Supplied Start-Up Clock               = OFF
    Auto-Restart Configuration on Frame Error  = OFF
    Release Clears Before Tri-States           = OFF
    Enable Chip_Wide Reset                     = OFF
    Enable Chip-Wide Output Enable             = OFF
    Enable INIT_DONE Output                    = OFF
    JTAG User Code                             = 7f

                                                                         ^     
                                                                         C     
                R  R  R  R  R  R  R     R           R     R  R  R  R     O     
                E  E  E  E  E  E  E     E           E     E  E  E  E     N     
                S  S  S  S  S  S  S  V  S           S  G  S  S  S  S     F     
                E  E  E  E  E  E  E  C  E           E  N  E  E  E  E     _  ^  
                R  R  R  R  R  R  R  C  R           R  D  R  R  R  R  #  D  n  
                V  V  V  V  V  V  V  I  V  D  D  D  V  I  V  V  V  V  T  O  C  
                E  E  E  E  E  E  E  N  E  I  I  I  E  N  E  E  E  E  C  N  E  
                D  D  D  D  D  D  D  T  D  7  5  4  D  T  D  D  D  D  K  E  O  
              -----------------------------------------------------------------_ 
            /  11 10  9  8  7  6  5  4  3  2  1 84 83 82 81 80 79 78 77 76 75   | 
    ^DATA0 | 12                                                              74 | #TDO 
     ^DCLK | 13                                                              73 | RESERVED 
      ^nCE | 14                                                              72 | RESERVED 
      #TDI | 15                                                              71 | DO4 
  RESERVED | 16                                                              70 | DO7 
  RESERVED | 17                                                              69 | RESERVED 
       DO6 | 18                                                              68 | GNDINT 
  RESERVED | 19                                                              67 | DI1 
    VCCINT | 20                                                              66 | DI0 
  RESERVED | 21                                                              65 | DO5 
  RESERVED | 22                        EPF10K10LC84-3                        64 | DO1 
  RESERVED | 23                                                              63 | VCCINT 
       DO0 | 24                                                              62 | DI3 
  RESERVED | 25                                                              61 | DI2 
    GNDINT | 26                                                              60 | WR 
  RESERVED | 27                                                              59 | RD 
       DO2 | 28                                                              58 | Full 
     Empty | 29                                                              57 | #TMS 
       DO3 | 30                                                              56 | #nTRST 
    ^MSEL0 | 31                                                              55 | ^nSTATUS 
    ^MSEL1 | 32                                                              54 | RESERVED 
           |_  33 34 35 36 37 38 39 40 41 42 43 44 45 46 47 48 49 50 51 52 53  _| 
             ------------------------------------------------------------------ 
                V  ^  R  R  R  R  R  V  G  R  C  D  V  G  R  R  R  R  R  R  R  
                C  n  E  E  E  E  E  C  N  e  L  I  C  N  E  E  E  E  E  E  E  
                C  C  S  S  S  S  S  C  D  s  K  6  C  D  S  S  S  S  S  S  S  
                I  O  E  E  E  E  E  I  I  e        I  I  E  E  E  E  E  E  E  
                N  N  R  R  R  R  R  N  N  t        N  N  R  R  R  R  R  R  R  
                T  F  V  V  V  V  V  T  T           T  T  V  V  V  V  V  V  V  
                   I  E  E  E  E  E                       E  E  E  E  E  E  E  
                   G  D  D  D  D  D                       D  D  D  D  D  D  D  
                                                                               
                                                                               


N.C. = Not Connected.
VCCINT = Dedicated power pin, which MUST be connected to VCC (5.0 volts).
VCCIO = Dedicated power pin, which MUST be connected to VCC (5.0 volts).
GNDINT = Dedicated ground pin or unused dedicated input, which MUST be connected to GND.
GNDIO = Dedicated ground pin, which MUST be connected to GND.
RESERVED = Unused I/O pin, which MUST be left unconnected.

^ = Dedicated configuration pin.
+ = Reserved configuration pin, which is tri-stated during user mode.
* = Reserved configuration pin, which drives out in user mode.
PDn = Power Down pin. 
@ = Special-purpose pin. 
# = JTAG Boundary-Scan Testing/In-System Programming or Configuration Pin. The JTAG inputs (TMS, TCK, TDI) should be tied to VCC when not in use.
& = JTAG pin used for I/O. When used as user I/O, JTAG pins must be kept stable before and during configuration.  JTAG pin stability prevents accidental loading of JTAG instructions.


Device-Specific Information:    c:\max2work\lab4sem1\fifolifocode\fifocode.rpt
fifocode

** RESOURCE USAGE **

Logic                Column       Row                                   
Array                Interconnect Interconnect         Clears/     External  
Block   Logic Cells  Driven       Driven       Clocks  Presets   Interconnect
A1       8/ 8(100%)   4/ 8( 50%)   4/ 8( 50%)    1/2    1/2       3/22( 13%)   
A2       1/ 8( 12%)   1/ 8( 12%)   1/ 8( 12%)    1/2    1/2       2/22(  9%)   
A3       1/ 8( 12%)   1/ 8( 12%)   1/ 8( 12%)    1/2    1/2       3/22( 13%)   
A4       8/ 8(100%)   0/ 8(  0%)   1/ 8( 12%)    1/2    1/2       9/22( 40%)   
A9       7/ 8( 87%)   0/ 8(  0%)   1/ 8( 12%)    1/2    1/2       7/22( 31%)   
A15      1/ 8( 12%)   1/ 8( 12%)   1/ 8( 12%)    1/2    1/2       2/22(  9%)   
A16      1/ 8( 12%)   1/ 8( 12%)   1/ 8( 12%)    1/2    1/2       1/22(  4%)   
A17      8/ 8(100%)   0/ 8(  0%)   1/ 8( 12%)    1/2    1/2       9/22( 40%)   
A18      5/ 8( 62%)   0/ 8(  0%)   1/ 8( 12%)    1/2    1/2       9/22( 40%)   
A21      7/ 8( 87%)   0/ 8(  0%)   1/ 8( 12%)    1/2    1/2       7/22( 31%)   
A22      3/ 8( 37%)   0/ 8(  0%)   1/ 8( 12%)    1/2    1/2       4/22( 18%)   
B5       8/ 8(100%)   0/ 8(  0%)   1/ 8( 12%)    1/2    1/2       9/22( 40%)   
B8       7/ 8( 87%)   1/ 8( 12%)   0/ 8(  0%)    1/2    1/2       7/22( 31%)   
B10      7/ 8( 87%)   0/ 8(  0%)   1/ 8( 12%)    1/2    1/2       7/22( 31%)   
B19      8/ 8(100%)   0/ 8(  0%)   1/ 8( 12%)    1/2    1/2       9/22( 40%)   
B20      8/ 8(100%)   0/ 8(  0%)   1/ 8( 12%)    1/2    1/2       9/22( 40%)   
B23      7/ 8( 87%)   0/ 8(  0%)   1/ 8( 12%)    1/2    1/2       7/22( 31%)   
B24      7/ 8( 87%)   0/ 8(  0%)   1/ 8( 12%)    1/2    1/2       7/22( 31%)   
C6       8/ 8(100%)   0/ 8(  0%)   1/ 8( 12%)    1/2    1/2       9/22( 40%)   
C7       8/ 8(100%)   0/ 8(  0%)   1/ 8( 12%)    1/2    1/2       9/22( 40%)   
C11      7/ 8( 87%)   0/ 8(  0%)   1/ 8( 12%)    1/2    1/2       7/22( 31%)   
C12      7/ 8( 87%)   0/ 8(  0%)   1/ 8( 12%)    1/2    1/2       7/22( 31%)   
C13      6/ 8( 75%)   2/ 8( 25%)   3/ 8( 37%)    1/2    1/2       5/22( 22%)   
C14      8/ 8(100%)   0/ 8(  0%)   4/ 8( 50%)    1/2    1/2       5/22( 22%)   
C21      1/ 8( 12%)   0/ 8(  0%)   1/ 8( 12%)    1/2    1/2       1/22(  4%)   
C22      1/ 8( 12%)   0/ 8(  0%)   1/ 8( 12%)    0/2    0/2       4/22( 18%)   


Embedded             Column       Row                                   
Array     Embedded   Interconnect Interconnect         Read/      External  
Block     Cells      Driven       Driven       Clocks  Write    Interconnect


Total dedicated input pins used:                 6/6      (100%)
Total I/O pins used:                            16/53     ( 30%)
Total logic cells used:                        148/576    ( 25%)
Total embedded cells used:                       0/24     (  0%)
Total EABs used:                                 0/3      (  0%)
Average fan-in:                                 3.60/4    ( 90%)
Total fan-in:                                 533/2304    ( 23%)

Total input pins required:                      12
Total input I/O cell registers required:         0
Total output pins required:                     10
Total output I/O cell registers required:        0
Total buried I/O cell registers required:        0
Total bidirectional pins required:               0
Total reserved pins required                     0
Total logic cells required:                    148
Total flipflops required:                       84
Total packed registers required:                 0
Total logic cells in carry chains:               0
Total number of carry chains:                    0
Total logic cells in cascade chains:             0
Total number of cascade chains:                  0
Total single-pin Clock Enables required:         0
Total single-pin Output Enables required:        0

Synthesized logic cells:                         4/ 576   (  0%)

Logic Cell and Embedded Cell Counts

Column:  01  02  03  04  05  06  07  08  09  10  11  12  EA  13  14  15  16  17  18  19  20  21  22  23  24  Total(LC/EC)
 A:      8   1   1   8   0   0   0   0   7   0   0   0   0   0   0   1   1   8   5   0   0   7   3   0   0     50/0  
 B:      0   0   0   0   8   0   0   7   0   7   0   0   0   0   0   0   0   0   0   8   8   0   0   7   7     52/0  
 C:      0   0   0   0   0   8   8   0   0   0   7   7   0   6   8   0   0   0   0   0   0   1   1   0   0     46/0  

Total:   8   1   1   8   8   8   8   7   7   7   7   7   0   6   8   1   1   8   5   8   8   8   4   7   7    148/0  



Device-Specific Information:    c:\max2work\lab4sem1\fifolifocode\fifocode.rpt
fifocode

** INPUTS **

                                                    Fan-In    Fan-Out
 Pin     LC     EC   Row  Col  Primitive    Code      INP  FBK  OUT  FBK  Name
  43      -     -    -    --      INPUT  G             0    0    0    0  CLK
  66      -     -    B    --      INPUT                0    0    0    8  DI0
  67      -     -    B    --      INPUT                0    0    0    8  DI1
  61      -     -    C    --      INPUT                0    0    0    8  DI2
  62      -     -    C    --      INPUT                0    0    0    8  DI3
  84      -     -    -    --      INPUT                0    0    0    8  DI4
   1      -     -    -    --      INPUT                0    0    0    8  DI5
  44      -     -    -    --      INPUT                0    0    0    8  DI6
   2      -     -    -    --      INPUT                0    0    0    8  DI7
  59      -     -    C    --      INPUT                0    0    0    1  RD
  42      -     -    -    --      INPUT  G             0    0    0    0  Reset
  60      -     -    C    --      INPUT                0    0    0    2  WR


Code:

s = Synthesized pin or logic cell
+ = Synchronous flipflop
/ = Slow slew-rate output
! = NOT gate push-back
r = Fitter-inserted logic cell
@ = Uses single-pin Clock Enable
& = Uses single-pin Output Enable
G = Global Source. Fan-out destinations counted here do not include destinations
that are driven using global routing resources. Refer to the Auto Global Signals,
Clock Signals, Clear Signals, Synchronous Load Signals, and Synchronous Clear Signals
Sections of this Report File for information on which signals' fan-outs are used as
Clock, Clear, Preset, Output Enable, and synchronous Load signals.


Device-Specific Information:    c:\max2work\lab4sem1\fifolifocode\fifocode.rpt
fifocode

** OUTPUTS **

       Fed By Fed By                                Fan-In    Fan-Out
 Pin     LC     EC   Row  Col  Primitive    Code      INP  FBK  OUT  FBK  Name
  24      -     -    B    --     OUTPUT                0    1    0    0  DO0
  64      -     -    B    --     OUTPUT                0    1    0    0  DO1
  28      -     -    C    --     OUTPUT                0    1    0    0  DO2
  30      -     -    C    --     OUTPUT                0    1    0    0  DO3
  71      -     -    A    --     OUTPUT                0    1    0    0  DO4
  65      -     -    B    --     OUTPUT                0    1    0    0  DO5
  18      -     -    A    --     OUTPUT                0    1    0    0  DO6
  70      -     -    A    --     OUTPUT                0    1    0    0  DO7
  29      -     -    C    --     OUTPUT                0    1    0    0  Empty
  58      -     -    C    --     OUTPUT                0    1    0    0  Full


Code:

s = Synthesized pin or logic cell
+ = Synchronous flipflop
/ = Slow slew-rate output
! = NOT gate push-back
r = Fitter-inserted logic cell
@ = Uses single-pin Clock Enable
& = Uses single-pin Output Enable


Device-Specific Information:    c:\max2work\lab4sem1\fifolifocode\fifocode.rpt
fifocode

** BURIED LOGIC **

                                                    Fan-In    Fan-Out
 IOC     LC     EC   Row  Col  Primitive    Code      INP  FBK  OUT  FBK  Name
   -      7     -    C    14        OR2                0    2    0    1  |LPM_ADD_SUB:3890|addcore:adder|pcarry1
   -      6     -    C    13        OR2                0    3    0    2  |LPM_ADD_SUB:3890|addcore:adder|pcarry2
   -      3     -    A    01       AND2                0    2    0    1  |LPM_ADD_SUB:5572|addcore:adder|:55
   -      6     -    C    14       DFFE   +            0    4    1    0  :13
   -      5     -    C    14       DFFE   +    !       0    4    1    0  :15
   -      5     -    A    17       DFFE   +            0    3    1    0  :17
   -      5     -    A    04       DFFE   +            0    3    1    0  :19
   -      5     -    B    19       DFFE   +            0    3    1    0  :21
   -      3     -    A    18       DFFE   +            0    3    1    0  :23
   -      6     -    C    06       DFFE   +            0    3    1    0  :25
   -      3     -    C    07       DFFE   +            0    3    1    0  :27
   -      6     -    B    20       DFFE   +            0    3    1    0  :29
   -      6     -    B    05       DFFE   +            0    3    1    0  :31
   -      3     -    A    03       DFFE   +            0    3    0   16  RDCOUNTER2 (:33)
   -      3     -    A    15       DFFE   +            0    2    0   17  RDCOUNTER1 (:34)
   -      1     -    A    16       DFFE   +            0    1    0   34  RDCOUNTER0 (:35)
   -      5     -    A    01       DFFE   +            0    3    0    4  WRCOUNTER2 (:36)
   -      6     -    A    01       DFFE   +            0    2    0    6  WRCOUNTER1 (:37)
   -      3     -    A    02       DFFE   +            0    2    0   66  WRCOUNTER0 (:38)
   -      5     -    C    13       DFFE   +            0    1    0    3  count3 (:39)
   -      3     -    C    14       DFFE   +            0    1    0    4  count2 (:40)
   -      1     -    C    21       DFFE   +            0    1    0    5  count1 (:41)
   -      2     -    C    14       DFFE   +            0    1    0    6  count0 (:42)
   -      7     -    A    17       DFFE   +            1    2    0    1  dffArr0_7 (:43)
   -      5     -    A    09       DFFE   +            1    2    0    1  dffArr0_6 (:44)
   -      4     -    B    19       DFFE   +            1    2    0    1  dffArr0_5 (:45)
   -      4     -    A    18       DFFE   +            1    2    0    1  dffArr0_4 (:46)
   -      4     -    C    06       DFFE   +            1    2    0    1  dffArr0_3 (:47)
   -      4     -    C    12       DFFE   +            1    2    0    1  dffArr0_2 (:48)
   -      4     -    B    24       DFFE   +            1    2    0    1  dffArr0_1 (:49)
   -      4     -    B    10       DFFE   +            1    2    0    1  dffArr0_0 (:50)
   -      4     -    A    17       DFFE   +            1    2    0    1  dffArr1_7 (:51)
   -      4     -    A    09       DFFE   +            1    2    0    1  dffArr1_6 (:52)
   -      6     -    B    19       DFFE   +            1    2    0    1  dffArr1_5 (:53)
   -      5     -    A    18       DFFE   +            1    2    0    1  dffArr1_4 (:54)
   -      5     -    C    06       DFFE   +            1    2    0    1  dffArr1_3 (:55)
   -      5     -    C    12       DFFE   +            1    2    0    1  dffArr1_2 (:56)
   -      5     -    B    24       DFFE   +            1    2    0    1  dffArr1_1 (:57)
   -      5     -    B    10       DFFE   +            1    2    0    1  dffArr1_0 (:58)
   -      6     -    A    17       DFFE   +            1    2    0    1  dffArr2_7 (:59)
   -      6     -    A    09       DFFE   +            1    2    0    1  dffArr2_6 (:60)
   -      7     -    B    19       DFFE   +            1    2    0    1  dffArr2_5 (:61)
   -      1     -    A    22       DFFE   +            1    2    0    1  dffArr2_4 (:62)
   -      7     -    C    06       DFFE   +            1    2    0    1  dffArr2_3 (:63)
   -      6     -    C    12       DFFE   +            1    2    0    1  dffArr2_2 (:64)
   -      6     -    B    24       DFFE   +            1    2    0    1  dffArr2_1 (:65)
   -      6     -    B    10       DFFE   +            1    2    0    1  dffArr2_0 (:66)
   -      8     -    A    17       DFFE   +            1    2    0    1  dffArr3_7 (:67)
   -      7     -    A    09       DFFE   +            1    2    0    1  dffArr3_6 (:68)
   -      8     -    B    19       DFFE   +            1    2    0    1  dffArr3_5 (:69)
   -      2     -    A    22       DFFE   +            1    2    0    1  dffArr3_4 (:70)
   -      8     -    C    06       DFFE   +            1    2    0    1  dffArr3_3 (:71)
   -      7     -    C    12       DFFE   +            1    2    0    1  dffArr3_2 (:72)
   -      7     -    B    24       DFFE   +            1    2    0    1  dffArr3_1 (:73)
   -      7     -    B    10       DFFE   +            1    2    0    1  dffArr3_0 (:74)
   -      7     -    A    21       DFFE   +            1    2    0    1  dffArr4_7 (:75)
   -      8     -    A    04       DFFE   +            1    2    0    1  dffArr4_6 (:76)
   -      7     -    B    23       DFFE   +            1    2    0    1  dffArr4_5 (:77)
   -      7     -    B    08       DFFE   +            1    2    0    1  dffArr4_4 (:78)
   -      7     -    C    11       DFFE   +            1    2    0    1  dffArr4_3 (:79)
   -      8     -    C    07       DFFE   +            1    2    0    1  dffArr4_2 (:80)
   -      7     -    B    20       DFFE   +            1    2    0    1  dffArr4_1 (:81)
   -      7     -    B    05       DFFE   +            1    2    0    1  dffArr4_0 (:82)
   -      4     -    A    21       DFFE   +            1    2    0    1  dffArr5_7 (:83)
   -      6     -    A    04       DFFE   +            1    2    0    1  dffArr5_6 (:84)
   -      5     -    B    23       DFFE   +            1    2    0    1  dffArr5_5 (:85)
   -      5     -    B    08       DFFE   +            1    2    0    1  dffArr5_4 (:86)
   -      5     -    C    11       DFFE   +            1    2    0    1  dffArr5_3 (:87)
   -      7     -    C    07       DFFE   +            1    2    0    1  dffArr5_2 (:88)
   -      8     -    B    20       DFFE   +            1    2    0    1  dffArr5_1 (:89)
   -      8     -    B    05       DFFE   +            1    2    0    1  dffArr5_0 (:90)
   -      5     -    A    21       DFFE   +            1    2    0    1  dffArr6_7 (:91)
   -      7     -    A    04       DFFE   +            1    2    0    1  dffArr6_6 (:92)
   -      6     -    B    23       DFFE   +            1    2    0    1  dffArr6_5 (:93)
   -      6     -    B    08       DFFE   +            1    2    0    1  dffArr6_4 (:94)
   -      6     -    C    11       DFFE   +            1    2    0    1  dffArr6_3 (:95)
   -      6     -    C    07       DFFE   +            1    2    0    1  dffArr6_2 (:96)
   -      5     -    B    20       DFFE   +            1    2    0    1  dffArr6_1 (:97)
   -      1     -    B    05       DFFE   +            1    2    0    1  dffArr6_0 (:98)
   -      1     -    A    21       DFFE   +            1    2    0    1  dffArr7_7 (:99)
   -      1     -    A    04       DFFE   +            1    2    0    1  dffArr7_6 (:100)
   -      2     -    B    23       DFFE   +            1    2    0    1  dffArr7_5 (:101)
   -      1     -    B    08       DFFE   +            1    2    0    1  dffArr7_4 (:102)
   -      2     -    C    11       DFFE   +            1    2    0    1  dffArr7_3 (:103)
   -      1     -    C    07       DFFE   +            1    2    0    1  dffArr7_2 (:104)
   -      1     -    B    20       DFFE   +            1    2    0    1  dffArr7_1 (:105)
   -      2     -    B    05       DFFE   +            1    2    0    1  dffArr7_0 (:106)
   -      1     -    A    01        OR2    s   !       0    4    0   16  ~3461~1
   -      8     -    A    01        OR2    s   !       0    4    0   16  ~3461~2
   -      2     -    C    13        OR2                1    2    0   22  :3461
   -      1     -    C    13        OR2        !       1    1    0   10  :3489
   -      1     -    A    17        OR2                0    4    0    1  :3650
   -      6     -    A    21        OR2                0    4    0    1  :3651
   -      2     -    A    17        OR2                0    3    0    1  :3655
   -      3     -    A    17        OR2                0    3    0    1  :3658
   -      2     -    A    21        OR2                0    3    0    1  :3664
   -      3     -    A    21        OR2                0    3    0    1  :3667
   -      3     -    A    09        OR2                0    4    0    1  :3671
   -      2     -    A    04        OR2                0    4    0    1  :3672
   -      1     -    A    09        OR2                0    3    0    1  :3676
   -      2     -    A    09        OR2                0    3    0    1  :3679
   -      4     -    A    04        OR2                0    3    0    1  :3685
   -      3     -    A    04        OR2                0    3    0    1  :3688
   -      3     -    B    19        OR2                0    4    0    1  :3692
   -      1     -    B    23        OR2                0    4    0    1  :3693
   -      2     -    B    19        OR2                0    3    0    1  :3697
   -      1     -    B    19        OR2                0    3    0    1  :3700
   -      4     -    B    23        OR2                0    3    0    1  :3706
   -      3     -    B    23        OR2                0    3    0    1  :3709
   -      2     -    A    18        OR2                0    4    0    1  :3713
   -      3     -    B    08        OR2                0    4    0    1  :3714
   -      1     -    A    18        OR2                0    3    0    1  :3718
   -      3     -    A    22        OR2                0    3    0    1  :3721
   -      4     -    B    08        OR2                0    3    0    1  :3727
   -      2     -    B    08        OR2                0    3    0    1  :3730
   -      3     -    C    06        OR2                0    4    0    1  :3734
   -      1     -    C    11        OR2                0    4    0    1  :3735
   -      2     -    C    06        OR2                0    3    0    1  :3739
   -      1     -    C    06        OR2                0    3    0    1  :3742
   -      4     -    C    11        OR2                0    3    0    1  :3748
   -      3     -    C    11        OR2                0    3    0    1  :3751
   -      2     -    C    12        OR2                0    4    0    1  :3755
   -      5     -    C    07        OR2                0    4    0    1  :3756
   -      1     -    C    12        OR2                0    3    0    1  :3760
   -      3     -    C    12        OR2                0    3    0    1  :3763
   -      4     -    C    07        OR2                0    3    0    1  :3769
   -      2     -    C    07        OR2                0    3    0    1  :3772
   -      1     -    B    24        OR2                0    4    0    1  :3776
   -      2     -    B    20        OR2                0    4    0    1  :3777
   -      3     -    B    24        OR2                0    3    0    1  :3781
   -      2     -    B    24        OR2                0    3    0    1  :3784
   -      3     -    B    20        OR2                0    3    0    1  :3790
   -      4     -    B    20        OR2                0    3    0    1  :3793
   -      3     -    B    10        OR2                0    4    0    1  :3797
   -      3     -    B    05        OR2                0    4    0    1  :3798
   -      1     -    B    10        OR2                0    3    0    1  :3802
   -      2     -    B    10        OR2                0    3    0    1  :3805
   -      4     -    B    05        OR2                0    3    0    1  :3811
   -      5     -    B    05        OR2                0    3    0    1  :3814
   -      7     -    A    01        OR2    s           0    4    0   16  ~5904~1
   -      4     -    A    01        OR2    s           0    4    0   16  ~6192~1
   -      2     -    A    01        OR2                0    3    0    1  :6279
   -      4     -    C    13       AND2                1    3    0    1  :6397
   -      3     -    C    13        OR2                0    4    0    3  :6399
   -      1     -    C    14        OR2                0    4    0    1  :6405
   -      4     -    C    14        OR2                0    4    0    3  :6408
   -      2     -    C    22        OR2                0    4    0    3  :6417
   -      8     -    C    14        OR2                0    3    0    3  :6426


Code:

s = Synthesized pin or logic cell
+ = Synchronous flipflop
/ = Slow slew-rate output
! = NOT gate push-back
r = Fitter-inserted logic cell
p = Packed register


Device-Specific Information:    c:\max2work\lab4sem1\fifolifocode\fifocode.rpt
fifocode

** FASTTRACK INTERCONNECT UTILIZATION **

Row FastTrack Interconnect:

          Global         Left Half-      Right Half-
         FastTrack       FastTrack       FastTrack 
Row     Interconnect    Interconnect    Interconnect    Input Pins     Output Pins     Bidir Pins
A:      11/ 96( 11%)     2/ 48(  4%)     4/ 48(  8%)    0/16(  0%)      3/16( 18%)     0/16(  0%)
B:      11/ 96( 11%)     2/ 48(  4%)     4/ 48(  8%)    2/16( 12%)      3/16( 18%)     0/16(  0%)
C:       8/ 96(  8%)    10/ 48( 20%)     7/ 48( 14%)    4/16( 25%)      4/16( 25%)     0/16(  0%)


Column FastTrack Interconnect:

         FastTrack                                 
Column  Interconnect    Input Pins     Output Pins     Bidir Pins
01:      3/24( 12%)     0/4(  0%)      0/4(  0%)       0/4(  0%)
02:      2/24(  8%)     0/4(  0%)      0/4(  0%)       0/4(  0%)
03:      0/24(  0%)     0/4(  0%)      0/4(  0%)       0/4(  0%)
04:      1/24(  4%)     0/4(  0%)      0/4(  0%)       0/4(  0%)
05:      0/24(  0%)     0/4(  0%)      0/4(  0%)       0/4(  0%)
06:      0/24(  0%)     0/4(  0%)      0/4(  0%)       0/4(  0%)
07:      0/24(  0%)     0/4(  0%)      0/4(  0%)       0/4(  0%)
08:      1/24(  4%)     0/4(  0%)      0/4(  0%)       0/4(  0%)
09:      0/24(  0%)     0/4(  0%)      0/4(  0%)       0/4(  0%)
10:      0/24(  0%)     0/4(  0%)      0/4(  0%)       0/4(  0%)
11:      0/24(  0%)     0/4(  0%)      0/4(  0%)       0/4(  0%)
12:      0/24(  0%)     0/4(  0%)      0/4(  0%)       0/4(  0%)
13:      1/24(  4%)     0/4(  0%)      0/4(  0%)       0/4(  0%)
14:      1/24(  4%)     0/4(  0%)      0/4(  0%)       0/4(  0%)
15:      1/24(  4%)     0/4(  0%)      0/4(  0%)       0/4(  0%)
16:      1/24(  4%)     0/4(  0%)      0/4(  0%)       0/4(  0%)
17:      0/24(  0%)     0/4(  0%)      0/4(  0%)       0/4(  0%)
18:      0/24(  0%)     0/4(  0%)      0/4(  0%)       0/4(  0%)
19:      0/24(  0%)     0/4(  0%)      0/4(  0%)       0/4(  0%)
20:      0/24(  0%)     0/4(  0%)      0/4(  0%)       0/4(  0%)
21:      0/24(  0%)     0/4(  0%)      0/4(  0%)       0/4(  0%)
22:      0/24(  0%)     0/4(  0%)      0/4(  0%)       0/4(  0%)
23:      0/24(  0%)     0/4(  0%)      0/4(  0%)       0/4(  0%)
24:      0/24(  0%)     0/4(  0%)      0/4(  0%)       0/4(  0%)
EA:      0/24(  0%)     0/4(  0%)      0/4(  0%)       0/4(  0%)


Device-Specific Information:    c:\max2work\lab4sem1\fifolifocode\fifocode.rpt
fifocode

** CLOCK SIGNALS **

Type     Fan-out       Name
INPUT       84         CLK


Device-Specific Information:    c:\max2work\lab4sem1\fifolifocode\fifocode.rpt
fifocode

** CLEAR SIGNALS **

Type     Fan-out       Name
INPUT       84         Reset


Device-Specific Information:    c:\max2work\lab4sem1\fifolifocode\fifocode.rpt
fifocode

** EQUATIONS **

CLK      : INPUT;
DI0      : INPUT;
DI1      : INPUT;
DI2      : INPUT;
DI3      : INPUT;
DI4      : INPUT;
DI5      : INPUT;
DI6      : INPUT;
DI7      : INPUT;
RD       : INPUT;
Reset    : INPUT;
WR       : INPUT;

-- Node name is ':42' = 'count0' 
-- Equation name is 'count0', location is LC2_C14, type is buried.
count0   = DFFE( _LC8_C14, GLOBAL( CLK), GLOBAL(!Reset),  VCC,  VCC);

-- Node name is ':41' = 'count1' 
-- Equation name is 'count1', location is LC1_C21, type is buried.
count1   = DFFE( _LC2_C22, GLOBAL( CLK), GLOBAL(!Reset),  VCC,  VCC);

-- Node name is ':40' = 'count2' 
-- Equation name is 'count2', location is LC3_C14, type is buried.
count2   = DFFE( _LC4_C14, GLOBAL( CLK), GLOBAL(!Reset),  VCC,  VCC);

-- Node name is ':39' = 'count3' 
-- Equation name is 'count3', location is LC5_C13, type is buried.
count3   = DFFE( _LC3_C13, GLOBAL( CLK), GLOBAL(!Reset),  VCC,  VCC);

-- Node name is ':50' = 'dffArr0_0' 
-- Equation name is 'dffArr0_0', location is LC4_B10, type is buried.
dffArr0_0 = DFFE( _EQ001, GLOBAL( CLK), GLOBAL(!Reset),  VCC,  VCC);
  _EQ001 =  DI0 &  _LC8_A1 & !WRCOUNTER0
         #  dffArr0_0 & !_LC8_A1
         #  dffArr0_0 &  WRCOUNTER0;

-- Node name is ':49' = 'dffArr0_1' 
-- Equation name is 'dffArr0_1', location is LC4_B24, type is buried.
dffArr0_1 = DFFE( _EQ002, GLOBAL( CLK), GLOBAL(!Reset),  VCC,  VCC);
  _EQ002 =  DI1 &  _LC8_A1 & !WRCOUNTER0
         #  dffArr0_1 & !_LC8_A1
         #  dffArr0_1 &  WRCOUNTER0;

-- Node name is ':48' = 'dffArr0_2' 
-- Equation name is 'dffArr0_2', location is LC4_C12, type is buried.
dffArr0_2 = DFFE( _EQ003, GLOBAL( CLK), GLOBAL(!Reset),  VCC,  VCC);
  _EQ003 =  DI2 &  _LC8_A1 & !WRCOUNTER0
         #  dffArr0_2 & !_LC8_A1
         #  dffArr0_2 &  WRCOUNTER0;

-- Node name is ':47' = 'dffArr0_3' 
-- Equation name is 'dffArr0_3', location is LC4_C6, type is buried.
dffArr0_3 = DFFE( _EQ004, GLOBAL( CLK), GLOBAL(!Reset),  VCC,  VCC);
  _EQ004 =  DI3 &  _LC8_A1 & !WRCOUNTER0
         #  dffArr0_3 & !_LC8_A1
         #  dffArr0_3 &  WRCOUNTER0;

-- Node name is ':46' = 'dffArr0_4' 
-- Equation name is 'dffArr0_4', location is LC4_A18, type is buried.
dffArr0_4 = DFFE( _EQ005, GLOBAL( CLK), GLOBAL(!Reset),  VCC,  VCC);
  _EQ005 =  DI4 &  _LC8_A1 & !WRCOUNTER0
         #  dffArr0_4 & !_LC8_A1
         #  dffArr0_4 &  WRCOUNTER0;

-- Node name is ':45' = 'dffArr0_5' 
-- Equation name is 'dffArr0_5', location is LC4_B19, type is buried.
dffArr0_5 = DFFE( _EQ006, GLOBAL( CLK), GLOBAL(!Reset),  VCC,  VCC);
  _EQ006 =  DI5 &  _LC8_A1 & !WRCOUNTER0
         #  dffArr0_5 & !_LC8_A1
         #  dffArr0_5 &  WRCOUNTER0;

-- Node name is ':44' = 'dffArr0_6' 
-- Equation name is 'dffArr0_6', location is LC5_A9, type is buried.
dffArr0_6 = DFFE( _EQ007, GLOBAL( CLK), GLOBAL(!Reset),  VCC,  VCC);
  _EQ007 =  DI6 &  _LC8_A1 & !WRCOUNTER0
         #  dffArr0_6 & !_LC8_A1
         #  dffArr0_6 &  WRCOUNTER0;

-- Node name is ':43' = 'dffArr0_7' 
-- Equation name is 'dffArr0_7', location is LC7_A17, type is buried.
dffArr0_7 = DFFE( _EQ008, GLOBAL( CLK), GLOBAL(!Reset),  VCC,  VCC);
  _EQ008 =  DI7 &  _LC8_A1 & !WRCOUNTER0
         #  dffArr0_7 & !_LC8_A1
         #  dffArr0_7 &  WRCOUNTER0;

-- Node name is ':58' = 'dffArr1_0' 
-- Equation name is 'dffArr1_0', location is LC5_B10, type is buried.
dffArr1_0 = DFFE( _EQ009, GLOBAL( CLK), GLOBAL(!Reset),  VCC,  VCC);
  _EQ009 =  DI0 &  _LC8_A1 &  WRCOUNTER0
         #  dffArr1_0 & !_LC8_A1
         #  dffArr1_0 & !WRCOUNTER0;

-- Node name is ':57' = 'dffArr1_1' 
-- Equation name is 'dffArr1_1', location is LC5_B24, type is buried.
dffArr1_1 = DFFE( _EQ010, GLOBAL( CLK), GLOBAL(!Reset),  VCC,  VCC);
  _EQ010 =  DI1 &  _LC8_A1 &  WRCOUNTER0
         #  dffArr1_1 & !_LC8_A1
         #  dffArr1_1 & !WRCOUNTER0;

-- Node name is ':56' = 'dffArr1_2' 
-- Equation name is 'dffArr1_2', location is LC5_C12, type is buried.
dffArr1_2 = DFFE( _EQ011, GLOBAL( CLK), GLOBAL(!Reset),  VCC,  VCC);
  _EQ011 =  DI2 &  _LC8_A1 &  WRCOUNTER0
         #  dffArr1_2 & !_LC8_A1
         #  dffArr1_2 & !WRCOUNTER0;

-- Node name is ':55' = 'dffArr1_3' 
-- Equation name is 'dffArr1_3', location is LC5_C6, type is buried.
dffArr1_3 = DFFE( _EQ012, GLOBAL( CLK), GLOBAL(!Reset),  VCC,  VCC);
  _EQ012 =  DI3 &  _LC8_A1 &  WRCOUNTER0
         #  dffArr1_3 & !_LC8_A1
         #  dffArr1_3 & !WRCOUNTER0;

-- Node name is ':54' = 'dffArr1_4' 
-- Equation name is 'dffArr1_4', location is LC5_A18, type is buried.
dffArr1_4 = DFFE( _EQ013, GLOBAL( CLK), GLOBAL(!Reset),  VCC,  VCC);
  _EQ013 =  DI4 &  _LC8_A1 &  WRCOUNTER0
         #  dffArr1_4 & !_LC8_A1
         #  dffArr1_4 & !WRCOUNTER0;

-- Node name is ':53' = 'dffArr1_5' 
-- Equation name is 'dffArr1_5', location is LC6_B19, type is buried.
dffArr1_5 = DFFE( _EQ014, GLOBAL( CLK), GLOBAL(!Reset),  VCC,  VCC);
  _EQ014 =  DI5 &  _LC8_A1 &  WRCOUNTER0
         #  dffArr1_5 & !_LC8_A1
         #  dffArr1_5 & !WRCOUNTER0;

-- Node name is ':52' = 'dffArr1_6' 
-- Equation name is 'dffArr1_6', location is LC4_A9, type is buried.
dffArr1_6 = DFFE( _EQ015, GLOBAL( CLK), GLOBAL(!Reset),  VCC,  VCC);
  _EQ015 =  DI6 &  _LC8_A1 &  WRCOUNTER0
         #  dffArr1_6 & !_LC8_A1
         #  dffArr1_6 & !WRCOUNTER0;

-- Node name is ':51' = 'dffArr1_7' 
-- Equation name is 'dffArr1_7', location is LC4_A17, type is buried.
dffArr1_7 = DFFE( _EQ016, GLOBAL( CLK), GLOBAL(!Reset),  VCC,  VCC);
  _EQ016 =  DI7 &  _LC8_A1 &  WRCOUNTER0
         #  dffArr1_7 & !_LC8_A1
         #  dffArr1_7 & !WRCOUNTER0;

-- Node name is ':66' = 'dffArr2_0' 
-- Equation name is 'dffArr2_0', location is LC6_B10, type is buried.
dffArr2_0 = DFFE( _EQ017, GLOBAL( CLK), GLOBAL(!Reset),  VCC,  VCC);
  _EQ017 =  DI0 & !_LC7_A1 & !WRCOUNTER0
         #  dffArr2_0 &  _LC7_A1
         #  dffArr2_0 &  WRCOUNTER0;

-- Node name is ':65' = 'dffArr2_1' 
-- Equation name is 'dffArr2_1', location is LC6_B24, type is buried.
dffArr2_1 = DFFE( _EQ018, GLOBAL( CLK), GLOBAL(!Reset),  VCC,  VCC);
  _EQ018 =  DI1 & !_LC7_A1 & !WRCOUNTER0
         #  dffArr2_1 &  _LC7_A1
         #  dffArr2_1 &  WRCOUNTER0;

-- Node name is ':64' = 'dffArr2_2' 
-- Equation name is 'dffArr2_2', location is LC6_C12, type is buried.
dffArr2_2 = DFFE( _EQ019, GLOBAL( CLK), GLOBAL(!Reset),  VCC,  VCC);
  _EQ019 =  DI2 & !_LC7_A1 & !WRCOUNTER0
         #  dffArr2_2 &  _LC7_A1
         #  dffArr2_2 &  WRCOUNTER0;

-- Node name is ':63' = 'dffArr2_3' 
-- Equation name is 'dffArr2_3', location is LC7_C6, type is buried.
dffArr2_3 = DFFE( _EQ020, GLOBAL( CLK), GLOBAL(!Reset),  VCC,  VCC);
  _EQ020 =  DI3 & !_LC7_A1 & !WRCOUNTER0
         #  dffArr2_3 &  _LC7_A1
         #  dffArr2_3 &  WRCOUNTER0;

-- Node name is ':62' = 'dffArr2_4' 
-- Equation name is 'dffArr2_4', location is LC1_A22, type is buried.
dffArr2_4 = DFFE( _EQ021, GLOBAL( CLK), GLOBAL(!Reset),  VCC,  VCC);
  _EQ021 =  DI4 & !_LC7_A1 & !WRCOUNTER0
         #  dffArr2_4 &  _LC7_A1
         #  dffArr2_4 &  WRCOUNTER0;

-- Node name is ':61' = 'dffArr2_5' 
-- Equation name is 'dffArr2_5', location is LC7_B19, type is buried.
dffArr2_5 = DFFE( _EQ022, GLOBAL( CLK), GLOBAL(!Reset),  VCC,  VCC);
  _EQ022 =  DI5 & !_LC7_A1 & !WRCOUNTER0
         #  dffArr2_5 &  _LC7_A1
         #  dffArr2_5 &  WRCOUNTER0;

-- Node name is ':60' = 'dffArr2_6' 
-- Equation name is 'dffArr2_6', location is LC6_A9, type is buried.
dffArr2_6 = DFFE( _EQ023, GLOBAL( CLK), GLOBAL(!Reset),  VCC,  VCC);
  _EQ023 =  DI6 & !_LC7_A1 & !WRCOUNTER0
         #  dffArr2_6 &  _LC7_A1
         #  dffArr2_6 &  WRCOUNTER0;

-- Node name is ':59' = 'dffArr2_7' 
-- Equation name is 'dffArr2_7', location is LC6_A17, type is buried.
dffArr2_7 = DFFE( _EQ024, GLOBAL( CLK), GLOBAL(!Reset),  VCC,  VCC);
  _EQ024 =  DI7 & !_LC7_A1 & !WRCOUNTER0
         #  dffArr2_7 &  _LC7_A1
         #  dffArr2_7 &  WRCOUNTER0;

-- Node name is ':74' = 'dffArr3_0' 
-- Equation name is 'dffArr3_0', location is LC7_B10, type is buried.
dffArr3_0 = DFFE( _EQ025, GLOBAL( CLK), GLOBAL(!Reset),  VCC,  VCC);
  _EQ025 =  DI0 & !_LC7_A1 &  WRCOUNTER0
         #  dffArr3_0 &  _LC7_A1
         #  dffArr3_0 & !WRCOUNTER0;

-- Node name is ':73' = 'dffArr3_1' 
-- Equation name is 'dffArr3_1', location is LC7_B24, type is buried.
dffArr3_1 = DFFE( _EQ026, GLOBAL( CLK), GLOBAL(!Reset),  VCC,  VCC);
  _EQ026 =  DI1 & !_LC7_A1 &  WRCOUNTER0
         #  dffArr3_1 &  _LC7_A1
         #  dffArr3_1 & !WRCOUNTER0;

-- Node name is ':72' = 'dffArr3_2' 
-- Equation name is 'dffArr3_2', location is LC7_C12, type is buried.
dffArr3_2 = DFFE( _EQ027, GLOBAL( CLK), GLOBAL(!Reset),  VCC,  VCC);
  _EQ027 =  DI2 & !_LC7_A1 &  WRCOUNTER0
         #  dffArr3_2 &  _LC7_A1
         #  dffArr3_2 & !WRCOUNTER0;

-- Node name is ':71' = 'dffArr3_3' 
-- Equation name is 'dffArr3_3', location is LC8_C6, type is buried.
dffArr3_3 = DFFE( _EQ028, GLOBAL( CLK), GLOBAL(!Reset),  VCC,  VCC);
  _EQ028 =  DI3 & !_LC7_A1 &  WRCOUNTER0
         #  dffArr3_3 &  _LC7_A1
         #  dffArr3_3 & !WRCOUNTER0;

-- Node name is ':70' = 'dffArr3_4' 
-- Equation name is 'dffArr3_4', location is LC2_A22, type is buried.
dffArr3_4 = DFFE( _EQ029, GLOBAL( CLK), GLOBAL(!Reset),  VCC,  VCC);
  _EQ029 =  DI4 & !_LC7_A1 &  WRCOUNTER0
         #  dffArr3_4 &  _LC7_A1
         #  dffArr3_4 & !WRCOUNTER0;

-- Node name is ':69' = 'dffArr3_5' 
-- Equation name is 'dffArr3_5', location is LC8_B19, type is buried.
dffArr3_5 = DFFE( _EQ030, GLOBAL( CLK), GLOBAL(!Reset),  VCC,  VCC);
  _EQ030 =  DI5 & !_LC7_A1 &  WRCOUNTER0
         #  dffArr3_5 &  _LC7_A1
         #  dffArr3_5 & !WRCOUNTER0;

-- Node name is ':68' = 'dffArr3_6' 
-- Equation name is 'dffArr3_6', location is LC7_A9, type is buried.
dffArr3_6 = DFFE( _EQ031, GLOBAL( CLK), GLOBAL(!Reset),  VCC,  VCC);
  _EQ031 =  DI6 & !_LC7_A1 &  WRCOUNTER0
         #  dffArr3_6 &  _LC7_A1
         #  dffArr3_6 & !WRCOUNTER0;

-- Node name is ':67' = 'dffArr3_7' 
-- Equation name is 'dffArr3_7', location is LC8_A17, type is buried.
dffArr3_7 = DFFE( _EQ032, GLOBAL( CLK), GLOBAL(!Reset),  VCC,  VCC);
  _EQ032 =  DI7 & !_LC7_A1 &  WRCOUNTER0
         #  dffArr3_7 &  _LC7_A1
         #  dffArr3_7 & !WRCOUNTER0;

-- Node name is ':82' = 'dffArr4_0' 
-- Equation name is 'dffArr4_0', location is LC7_B5, type is buried.
dffArr4_0 = DFFE( _EQ033, GLOBAL( CLK), GLOBAL(!Reset),  VCC,  VCC);
  _EQ033 =  DI0 &  _LC1_A1 & !WRCOUNTER0
         #  dffArr4_0 & !_LC1_A1
         #  dffArr4_0 &  WRCOUNTER0;

-- Node name is ':81' = 'dffArr4_1' 
-- Equation name is 'dffArr4_1', location is LC7_B20, type is buried.
dffArr4_1 = DFFE( _EQ034, GLOBAL( CLK), GLOBAL(!Reset),  VCC,  VCC);
  _EQ034 =  DI1 &  _LC1_A1 & !WRCOUNTER0
         #  dffArr4_1 & !_LC1_A1
         #  dffArr4_1 &  WRCOUNTER0;

-- Node name is ':80' = 'dffArr4_2' 
-- Equation name is 'dffArr4_2', location is LC8_C7, type is buried.
dffArr4_2 = DFFE( _EQ035, GLOBAL( CLK), GLOBAL(!Reset),  VCC,  VCC);
  _EQ035 =  DI2 &  _LC1_A1 & !WRCOUNTER0
         #  dffArr4_2 & !_LC1_A1
         #  dffArr4_2 &  WRCOUNTER0;

-- Node name is ':79' = 'dffArr4_3' 
-- Equation name is 'dffArr4_3', location is LC7_C11, type is buried.
dffArr4_3 = DFFE( _EQ036, GLOBAL( CLK), GLOBAL(!Reset),  VCC,  VCC);
  _EQ036 =  DI3 &  _LC1_A1 & !WRCOUNTER0
         #  dffArr4_3 & !_LC1_A1
         #  dffArr4_3 &  WRCOUNTER0;

-- Node name is ':78' = 'dffArr4_4' 
-- Equation name is 'dffArr4_4', location is LC7_B8, type is buried.
dffArr4_4 = DFFE( _EQ037, GLOBAL( CLK), GLOBAL(!Reset),  VCC,  VCC);
  _EQ037 =  DI4 &  _LC1_A1 & !WRCOUNTER0
         #  dffArr4_4 & !_LC1_A1
         #  dffArr4_4 &  WRCOUNTER0;

-- Node name is ':77' = 'dffArr4_5' 
-- Equation name is 'dffArr4_5', location is LC7_B23, type is buried.
dffArr4_5 = DFFE( _EQ038, GLOBAL( CLK), GLOBAL(!Reset),  VCC,  VCC);
  _EQ038 =  DI5 &  _LC1_A1 & !WRCOUNTER0
         #  dffArr4_5 & !_LC1_A1
         #  dffArr4_5 &  WRCOUNTER0;

-- Node name is ':76' = 'dffArr4_6' 
-- Equation name is 'dffArr4_6', location is LC8_A4, type is buried.
dffArr4_6 = DFFE( _EQ039, GLOBAL( CLK), GLOBAL(!Reset),  VCC,  VCC);
  _EQ039 =  DI6 &  _LC1_A1 & !WRCOUNTER0
         #  dffArr4_6 & !_LC1_A1
         #  dffArr4_6 &  WRCOUNTER0;

-- Node name is ':75' = 'dffArr4_7' 
-- Equation name is 'dffArr4_7', location is LC7_A21, type is buried.
dffArr4_7 = DFFE( _EQ040, GLOBAL( CLK), GLOBAL(!Reset),  VCC,  VCC);
  _EQ040 =  DI7 &  _LC1_A1 & !WRCOUNTER0
         #  dffArr4_7 & !_LC1_A1
         #  dffArr4_7 &  WRCOUNTER0;

-- Node name is ':90' = 'dffArr5_0' 
-- Equation name is 'dffArr5_0', location is LC8_B5, type is buried.
dffArr5_0 = DFFE( _EQ041, GLOBAL( CLK), GLOBAL(!Reset),  VCC,  VCC);
  _EQ041 =  DI0 &  _LC1_A1 &  WRCOUNTER0
         #  dffArr5_0 & !_LC1_A1
         #  dffArr5_0 & !WRCOUNTER0;

-- Node name is ':89' = 'dffArr5_1' 
-- Equation name is 'dffArr5_1', location is LC8_B20, type is buried.
dffArr5_1 = DFFE( _EQ042, GLOBAL( CLK), GLOBAL(!Reset),  VCC,  VCC);
  _EQ042 =  DI1 &  _LC1_A1 &  WRCOUNTER0
         #  dffArr5_1 & !_LC1_A1
         #  dffArr5_1 & !WRCOUNTER0;

-- Node name is ':88' = 'dffArr5_2' 
-- Equation name is 'dffArr5_2', location is LC7_C7, type is buried.
dffArr5_2 = DFFE( _EQ043, GLOBAL( CLK), GLOBAL(!Reset),  VCC,  VCC);
  _EQ043 =  DI2 &  _LC1_A1 &  WRCOUNTER0
         #  dffArr5_2 & !_LC1_A1
         #  dffArr5_2 & !WRCOUNTER0;

-- Node name is ':87' = 'dffArr5_3' 
-- Equation name is 'dffArr5_3', location is LC5_C11, type is buried.
dffArr5_3 = DFFE( _EQ044, GLOBAL( CLK), GLOBAL(!Reset),  VCC,  VCC);
  _EQ044 =  DI3 &  _LC1_A1 &  WRCOUNTER0
         #  dffArr5_3 & !_LC1_A1
         #  dffArr5_3 & !WRCOUNTER0;

-- Node name is ':86' = 'dffArr5_4' 
-- Equation name is 'dffArr5_4', location is LC5_B8, type is buried.
dffArr5_4 = DFFE( _EQ045, GLOBAL( CLK), GLOBAL(!Reset),  VCC,  VCC);
  _EQ045 =  DI4 &  _LC1_A1 &  WRCOUNTER0
         #  dffArr5_4 & !_LC1_A1
         #  dffArr5_4 & !WRCOUNTER0;

-- Node name is ':85' = 'dffArr5_5' 
-- Equation name is 'dffArr5_5', location is LC5_B23, type is buried.
dffArr5_5 = DFFE( _EQ046, GLOBAL( CLK), GLOBAL(!Reset),  VCC,  VCC);
  _EQ046 =  DI5 &  _LC1_A1 &  WRCOUNTER0
         #  dffArr5_5 & !_LC1_A1
         #  dffArr5_5 & !WRCOUNTER0;

-- Node name is ':84' = 'dffArr5_6' 
-- Equation name is 'dffArr5_6', location is LC6_A4, type is buried.
dffArr5_6 = DFFE( _EQ047, GLOBAL( CLK), GLOBAL(!Reset),  VCC,  VCC);
  _EQ047 =  DI6 &  _LC1_A1 &  WRCOUNTER0
         #  dffArr5_6 & !_LC1_A1
         #  dffArr5_6 & !WRCOUNTER0;

-- Node name is ':83' = 'dffArr5_7' 
-- Equation name is 'dffArr5_7', location is LC4_A21, type is buried.
dffArr5_7 = DFFE( _EQ048, GLOBAL( CLK), GLOBAL(!Reset),  VCC,  VCC);
  _EQ048 =  DI7 &  _LC1_A1 &  WRCOUNTER0
         #  dffArr5_7 & !_LC1_A1
         #  dffArr5_7 & !WRCOUNTER0;

-- Node name is ':98' = 'dffArr6_0' 
-- Equation name is 'dffArr6_0', location is LC1_B5, type is buried.
dffArr6_0 = DFFE( _EQ049, GLOBAL( CLK), GLOBAL(!Reset),  VCC,  VCC);
  _EQ049 =  DI0 & !_LC4_A1 & !WRCOUNTER0
         #  dffArr6_0 &  _LC4_A1
         #  dffArr6_0 &  WRCOUNTER0;

-- Node name is ':97' = 'dffArr6_1' 
-- Equation name is 'dffArr6_1', location is LC5_B20, type is buried.
dffArr6_1 = DFFE( _EQ050, GLOBAL( CLK), GLOBAL(!Reset),  VCC,  VCC);
  _EQ050 =  DI1 & !_LC4_A1 & !WRCOUNTER0
         #  dffArr6_1 &  _LC4_A1
         #  dffArr6_1 &  WRCOUNTER0;

-- Node name is ':96' = 'dffArr6_2' 
-- Equation name is 'dffArr6_2', location is LC6_C7, type is buried.
dffArr6_2 = DFFE( _EQ051, GLOBAL( CLK), GLOBAL(!Reset),  VCC,  VCC);
  _EQ051 =  DI2 & !_LC4_A1 & !WRCOUNTER0
         #  dffArr6_2 &  _LC4_A1
         #  dffArr6_2 &  WRCOUNTER0;

-- Node name is ':95' = 'dffArr6_3' 
-- Equation name is 'dffArr6_3', location is LC6_C11, type is buried.
dffArr6_3 = DFFE( _EQ052, GLOBAL( CLK), GLOBAL(!Reset),  VCC,  VCC);
  _EQ052 =  DI3 & !_LC4_A1 & !WRCOUNTER0
         #  dffArr6_3 &  _LC4_A1
         #  dffArr6_3 &  WRCOUNTER0;

-- Node name is ':94' = 'dffArr6_4' 
-- Equation name is 'dffArr6_4', location is LC6_B8, type is buried.
dffArr6_4 = DFFE( _EQ053, GLOBAL( CLK), GLOBAL(!Reset),  VCC,  VCC);
  _EQ053 =  DI4 & !_LC4_A1 & !WRCOUNTER0
         #  dffArr6_4 &  _LC4_A1
         #  dffArr6_4 &  WRCOUNTER0;

-- Node name is ':93' = 'dffArr6_5' 
-- Equation name is 'dffArr6_5', location is LC6_B23, type is buried.
dffArr6_5 = DFFE( _EQ054, GLOBAL( CLK), GLOBAL(!Reset),  VCC,  VCC);
  _EQ054 =  DI5 & !_LC4_A1 & !WRCOUNTER0
         #  dffArr6_5 &  _LC4_A1
         #  dffArr6_5 &  WRCOUNTER0;

-- Node name is ':92' = 'dffArr6_6' 
-- Equation name is 'dffArr6_6', location is LC7_A4, type is buried.
dffArr6_6 = DFFE( _EQ055, GLOBAL( CLK), GLOBAL(!Reset),  VCC,  VCC);
  _EQ055 =  DI6 & !_LC4_A1 & !WRCOUNTER0
         #  dffArr6_6 &  _LC4_A1
         #  dffArr6_6 &  WRCOUNTER0;

-- Node name is ':91' = 'dffArr6_7' 
-- Equation name is 'dffArr6_7', location is LC5_A21, type is buried.
dffArr6_7 = DFFE( _EQ056, GLOBAL( CLK), GLOBAL(!Reset),  VCC,  VCC);
  _EQ056 =  DI7 & !_LC4_A1 & !WRCOUNTER0
         #  dffArr6_7 &  _LC4_A1
         #  dffArr6_7 &  WRCOUNTER0;

-- Node name is ':106' = 'dffArr7_0' 
-- Equation name is 'dffArr7_0', location is LC2_B5, type is buried.
dffArr7_0 = DFFE( _EQ057, GLOBAL( CLK), GLOBAL(!Reset),  VCC,  VCC);
  _EQ057 =  DI0 & !_LC4_A1 &  WRCOUNTER0
         #  dffArr7_0 &  _LC4_A1
         #  dffArr7_0 & !WRCOUNTER0;

-- Node name is ':105' = 'dffArr7_1' 
-- Equation name is 'dffArr7_1', location is LC1_B20, type is buried.
dffArr7_1 = DFFE( _EQ058, GLOBAL( CLK), GLOBAL(!Reset),  VCC,  VCC);
  _EQ058 =  DI1 & !_LC4_A1 &  WRCOUNTER0
         #  dffArr7_1 &  _LC4_A1
         #  dffArr7_1 & !WRCOUNTER0;

-- Node name is ':104' = 'dffArr7_2' 
-- Equation name is 'dffArr7_2', location is LC1_C7, type is buried.
dffArr7_2 = DFFE( _EQ059, GLOBAL( CLK), GLOBAL(!Reset),  VCC,  VCC);
  _EQ059 =  DI2 & !_LC4_A1 &  WRCOUNTER0
         #  dffArr7_2 &  _LC4_A1
         #  dffArr7_2 & !WRCOUNTER0;

-- Node name is ':103' = 'dffArr7_3' 
-- Equation name is 'dffArr7_3', location is LC2_C11, type is buried.
dffArr7_3 = DFFE( _EQ060, GLOBAL( CLK), GLOBAL(!Reset),  VCC,  VCC);
  _EQ060 =  DI3 & !_LC4_A1 &  WRCOUNTER0
         #  dffArr7_3 &  _LC4_A1
         #  dffArr7_3 & !WRCOUNTER0;

-- Node name is ':102' = 'dffArr7_4' 
-- Equation name is 'dffArr7_4', location is LC1_B8, type is buried.
dffArr7_4 = DFFE( _EQ061, GLOBAL( CLK), GLOBAL(!Reset),  VCC,  VCC);
  _EQ061 =  DI4 & !_LC4_A1 &  WRCOUNTER0
         #  dffArr7_4 &  _LC4_A1
         #  dffArr7_4 & !WRCOUNTER0;

-- Node name is ':101' = 'dffArr7_5' 
-- Equation name is 'dffArr7_5', location is LC2_B23, type is buried.
dffArr7_5 = DFFE( _EQ062, GLOBAL( CLK), GLOBAL(!Reset),  VCC,  VCC);
  _EQ062 =  DI5 & !_LC4_A1 &  WRCOUNTER0
         #  dffArr7_5 &  _LC4_A1
         #  dffArr7_5 & !WRCOUNTER0;

-- Node name is ':100' = 'dffArr7_6' 
-- Equation name is 'dffArr7_6', location is LC1_A4, type is buried.
dffArr7_6 = DFFE( _EQ063, GLOBAL( CLK), GLOBAL(!Reset),  VCC,  VCC);
  _EQ063 =  DI6 & !_LC4_A1 &  WRCOUNTER0
         #  dffArr7_6 &  _LC4_A1
         #  dffArr7_6 & !WRCOUNTER0;

-- Node name is ':99' = 'dffArr7_7' 
-- Equation name is 'dffArr7_7', location is LC1_A21, type is buried.
dffArr7_7 = DFFE( _EQ064, GLOBAL( CLK), GLOBAL(!Reset),  VCC,  VCC);
  _EQ064 =  DI7 & !_LC4_A1 &  WRCOUNTER0
         #  dffArr7_7 &  _LC4_A1
         #  dffArr7_7 & !WRCOUNTER0;

-- Node name is 'DO0' 
-- Equation name is 'DO0', type is output 
DO0      =  _LC6_B5;

-- Node name is 'DO1' 
-- Equation name is 'DO1', type is output 
DO1      =  _LC6_B20;

-- Node name is 'DO2' 
-- Equation name is 'DO2', type is output 
DO2      =  _LC3_C7;

-- Node name is 'DO3' 
-- Equation name is 'DO3', type is output 
DO3      =  _LC6_C6;

-- Node name is 'DO4' 
-- Equation name is 'DO4', type is output 
DO4      =  _LC3_A18;

-- Node name is 'DO5' 
-- Equation name is 'DO5', type is output 
DO5      =  _LC5_B19;

-- Node name is 'DO6' 
-- Equation name is 'DO6', type is output 
DO6      =  _LC5_A4;

-- Node name is 'DO7' 
-- Equation name is 'DO7', type is output 
DO7      =  _LC5_A17;

-- Node name is 'Empty' 
-- Equation name is 'Empty', type is output 
Empty    =  _LC5_C14;

-- Node name is 'Full' 
-- Equation name is 'Full', type is output 
Full     =  _LC6_C14;

-- Node name is ':35' = 'RDCOUNTER0' 
-- Equation name is 'RDCOUNTER0', location is LC1_A16, type is buried.
RDCOUNTER0 = DFFE( _EQ065, GLOBAL( CLK), GLOBAL(!Reset),  VCC,  VCC);
  _EQ065 = !_LC2_C13 &  RDCOUNTER0
         #  _LC2_C13 & !RDCOUNTER0;

-- Node name is ':34' = 'RDCOUNTER1' 
-- Equation name is 'RDCOUNTER1', location is LC3_A15, type is buried.
RDCOUNTER1 = DFFE( _EQ066, GLOBAL( CLK), GLOBAL(!Reset),  VCC,  VCC);
  _EQ066 = !RDCOUNTER0 &  RDCOUNTER1
         #  _LC2_C13 &  RDCOUNTER0 & !RDCOUNTER1
         # !_LC2_C13 &  RDCOUNTER1;

-- Node name is ':33' = 'RDCOUNTER2' 
-- Equation name is 'RDCOUNTER2', location is LC3_A3, type is buried.
RDCOUNTER2 = DFFE( _EQ067, GLOBAL( CLK), GLOBAL(!Reset),  VCC,  VCC);
  _EQ067 = !RDCOUNTER1 &  RDCOUNTER2
         # !RDCOUNTER0 &  RDCOUNTER2
         #  _LC2_C13 &  RDCOUNTER0 &  RDCOUNTER1 & !RDCOUNTER2
         # !_LC2_C13 &  RDCOUNTER2;

-- Node name is ':38' = 'WRCOUNTER0' 
-- Equation name is 'WRCOUNTER0', location is LC3_A2, type is buried.
WRCOUNTER0 = DFFE( _EQ068, GLOBAL( CLK), GLOBAL(!Reset),  VCC,  VCC);
  _EQ068 = !_LC1_C13 &  WRCOUNTER0
         #  _LC1_C13 & !_LC2_C13 & !WRCOUNTER0
         #  _LC2_C13 &  WRCOUNTER0;

-- Node name is ':37' = 'WRCOUNTER1' 
-- Equation name is 'WRCOUNTER1', location is LC6_A1, type is buried.
WRCOUNTER1 = DFFE( _EQ069, GLOBAL( CLK), GLOBAL(!Reset),  VCC,  VCC);
  _EQ069 =  _LC2_A1 & !_LC2_C13
         #  _LC2_C13 &  WRCOUNTER1;

-- Node name is ':36' = 'WRCOUNTER2' 
-- Equation name is 'WRCOUNTER2', location is LC5_A1, type is buried.
WRCOUNTER2 = DFFE( _EQ070, GLOBAL( CLK), GLOBAL(!Reset),  VCC,  VCC);
  _EQ070 = !_LC3_A1 &  WRCOUNTER2
         #  _LC1_C13 & !_LC2_C13 &  _LC3_A1 & !WRCOUNTER2
         # !_LC1_C13 &  WRCOUNTER2
         #  _LC2_C13 &  WRCOUNTER2;

-- Node name is '|LPM_ADD_SUB:3890|addcore:adder|pcarry1' from file "addcore.tdf" line 312, column 40
-- Equation name is '_LC7_C14', type is buried 
_LC7_C14 = LCELL( _EQ071);
  _EQ071 =  count1
         #  count0;

-- Node name is '|LPM_ADD_SUB:3890|addcore:adder|pcarry2' from file "addcore.tdf" line 312, column 40
-- Equation name is '_LC6_C13', type is buried 
_LC6_C13 = LCELL( _EQ072);
  _EQ072 =  count2
         #  count1
         #  count0;

-- Node name is '|LPM_ADD_SUB:5572|addcore:adder|:55' from file "addcore.tdf" line 312, column 64
-- Equation name is '_LC3_A1', type is buried 
_LC3_A1  = LCELL( _EQ073);
  _EQ073 =  WRCOUNTER0 &  WRCOUNTER1;

-- Node name is ':13' 
-- Equation name is '_LC6_C14', type is buried 
_LC6_C14 = DFFE( _EQ074, GLOBAL( CLK), GLOBAL(!Reset),  VCC,  VCC);
  _EQ074 = !_LC2_C22 &  _LC3_C13 & !_LC4_C14 & !_LC8_C14;

-- Node name is ':15' 
-- Equation name is '_LC5_C14', type is buried 
!_LC5_C14 = _LC5_C14~NOT;
_LC5_C14~NOT = DFFE( _EQ075, GLOBAL( CLK), GLOBAL(!Reset),  VCC,  VCC);
  _EQ075 =  _LC4_C14
         #  _LC8_C14
         #  _LC2_C22
         #  _LC3_C13;

-- Node name is ':17' 
-- Equation name is '_LC5_A17', type is buried 
_LC5_A17 = DFFE( _EQ076, GLOBAL( CLK), GLOBAL(!Reset),  VCC,  VCC);
  _EQ076 =  _LC2_C13 &  _LC6_A21
         #  _LC1_A17 &  _LC2_C13
         # !_LC2_C13 &  _LC5_A17;

-- Node name is ':19' 
-- Equation name is '_LC5_A4', type is buried 
_LC5_A4  = DFFE( _EQ077, GLOBAL( CLK), GLOBAL(!Reset),  VCC,  VCC);
  _EQ077 =  _LC2_A4 &  _LC2_C13
         #  _LC2_C13 &  _LC3_A9
         # !_LC2_C13 &  _LC5_A4;

-- Node name is ':21' 
-- Equation name is '_LC5_B19', type is buried 
_LC5_B19 = DFFE( _EQ078, GLOBAL( CLK), GLOBAL(!Reset),  VCC,  VCC);
  _EQ078 =  _LC1_B23 &  _LC2_C13
         #  _LC2_C13 &  _LC3_B19
         # !_LC2_C13 &  _LC5_B19;

-- Node name is ':23' 
-- Equation name is '_LC3_A18', type is buried 
_LC3_A18 = DFFE( _EQ079, GLOBAL( CLK), GLOBAL(!Reset),  VCC,  VCC);
  _EQ079 =  _LC2_C13 &  _LC3_B8
         #  _LC2_A18 &  _LC2_C13
         # !_LC2_C13 &  _LC3_A18;

-- Node name is ':25' 
-- Equation name is '_LC6_C6', type is buried 
_LC6_C6  = DFFE( _EQ080, GLOBAL( CLK), GLOBAL(!Reset),  VCC,  VCC);
  _EQ080 =  _LC1_C11 &  _LC2_C13
         #  _LC2_C13 &  _LC3_C6
         # !_LC2_C13 &  _LC6_C6;

-- Node name is ':27' 
-- Equation name is '_LC3_C7', type is buried 
_LC3_C7  = DFFE( _EQ081, GLOBAL( CLK), GLOBAL(!Reset),  VCC,  VCC);
  _EQ081 =  _LC2_C13 &  _LC5_C7
         #  _LC2_C12 &  _LC2_C13
         # !_LC2_C13 &  _LC3_C7;

-- Node name is ':29' 
-- Equation name is '_LC6_B20', type is buried 
_LC6_B20 = DFFE( _EQ082, GLOBAL( CLK), GLOBAL(!Reset),  VCC,  VCC);
  _EQ082 =  _LC2_B20 &  _LC2_C13
         #  _LC1_B24 &  _LC2_C13
         # !_LC2_C13 &  _LC6_B20;

-- Node name is ':31' 
-- Equation name is '_LC6_B5', type is buried 
_LC6_B5  = DFFE( _EQ083, GLOBAL( CLK), GLOBAL(!Reset),  VCC,  VCC);
  _EQ083 =  _LC2_C13 &  _LC3_B5
         #  _LC2_C13 &  _LC3_B10
         # !_LC2_C13 &  _LC6_B5;

-- Node name is '~3461~1' 
-- Equation name is '~3461~1', location is LC1_A1, type is buried.
-- synthesized logic cell 
!_LC1_A1 = _LC1_A1~NOT;
_LC1_A1~NOT = LCELL( _EQ084);
  _EQ084 = !_LC1_C13
         #  _LC2_C13
         #  WRCOUNTER1
         # !WRCOUNTER2;

-- Node name is '~3461~2' 
-- Equation name is '~3461~2', location is LC8_A1, type is buried.
-- synthesized logic cell 
!_LC8_A1 = _LC8_A1~NOT;
_LC8_A1~NOT = LCELL( _EQ085);
  _EQ085 = !_LC1_C13
         #  _LC2_C13
         #  WRCOUNTER1
         #  WRCOUNTER2;

-- Node name is ':3461' 
-- Equation name is '_LC2_C13', type is buried 
_LC2_C13 = LCELL( _EQ086);
  _EQ086 =  count3 &  RD
         #  _LC6_C13 &  RD;

-- Node name is ':3489' 
-- Equation name is '_LC1_C13', type is buried 
!_LC1_C13 = _LC1_C13~NOT;
_LC1_C13~NOT = LCELL( _EQ087);
  _EQ087 =  count3
         # !WR;

-- Node name is ':3650' 
-- Equation name is '_LC1_A17', type is buried 
_LC1_A17 = LCELL( _EQ088);
  _EQ088 =  _LC3_A17 &  RDCOUNTER1 & !RDCOUNTER2
         #  _LC2_A17 & !RDCOUNTER1 & !RDCOUNTER2;

-- Node name is ':3651' 
-- Equation name is '_LC6_A21', type is buried 
_LC6_A21 = LCELL( _EQ089);
  _EQ089 =  _LC3_A21 &  RDCOUNTER1 &  RDCOUNTER2
         #  _LC2_A21 & !RDCOUNTER1 &  RDCOUNTER2;

-- Node name is ':3655' 
-- Equation name is '_LC2_A17', type is buried 
_LC2_A17 = LCELL( _EQ090);
  _EQ090 =  dffArr0_7 & !RDCOUNTER0
         #  dffArr1_7 &  RDCOUNTER0;

-- Node name is ':3658' 
-- Equation name is '_LC3_A17', type is buried 
_LC3_A17 = LCELL( _EQ091);
  _EQ091 =  dffArr2_7 & !RDCOUNTER0
         #  dffArr3_7 &  RDCOUNTER0;

-- Node name is ':3664' 
-- Equation name is '_LC2_A21', type is buried 
_LC2_A21 = LCELL( _EQ092);
  _EQ092 =  dffArr4_7 & !RDCOUNTER0
         #  dffArr5_7 &  RDCOUNTER0;

-- Node name is ':3667' 
-- Equation name is '_LC3_A21', type is buried 
_LC3_A21 = LCELL( _EQ093);
  _EQ093 =  dffArr6_7 & !RDCOUNTER0
         #  dffArr7_7 &  RDCOUNTER0;

-- Node name is ':3671' 
-- Equation name is '_LC3_A9', type is buried 
_LC3_A9  = LCELL( _EQ094);
  _EQ094 =  _LC2_A9 &  RDCOUNTER1 & !RDCOUNTER2
         #  _LC1_A9 & !RDCOUNTER1 & !RDCOUNTER2;

-- Node name is ':3672' 
-- Equation name is '_LC2_A4', type is buried 
_LC2_A4  = LCELL( _EQ095);
  _EQ095 =  _LC3_A4 &  RDCOUNTER1 &  RDCOUNTER2
         #  _LC4_A4 & !RDCOUNTER1 &  RDCOUNTER2;

-- Node name is ':3676' 
-- Equation name is '_LC1_A9', type is buried 
_LC1_A9  = LCELL( _EQ096);
  _EQ096 =  dffArr0_6 & !RDCOUNTER0
         #  dffArr1_6 &  RDCOUNTER0;

-- Node name is ':3679' 
-- Equation name is '_LC2_A9', type is buried 
_LC2_A9  = LCELL( _EQ097);
  _EQ097 =  dffArr2_6 & !RDCOUNTER0
         #  dffArr3_6 &  RDCOUNTER0;

-- Node name is ':3685' 
-- Equation name is '_LC4_A4', type is buried 
_LC4_A4  = LCELL( _EQ098);
  _EQ098 =  dffArr4_6 & !RDCOUNTER0
         #  dffArr5_6 &  RDCOUNTER0;

-- Node name is ':3688' 
-- Equation name is '_LC3_A4', type is buried 
_LC3_A4  = LCELL( _EQ099);
  _EQ099 =  dffArr6_6 & !RDCOUNTER0
         #  dffArr7_6 &  RDCOUNTER0;

-- Node name is ':3692' 
-- Equation name is '_LC3_B19', type is buried 
_LC3_B19 = LCELL( _EQ100);
  _EQ100 =  _LC1_B19 &  RDCOUNTER1 & !RDCOUNTER2
         #  _LC2_B19 & !RDCOUNTER1 & !RDCOUNTER2;

-- Node name is ':3693' 
-- Equation name is '_LC1_B23', type is buried 
_LC1_B23 = LCELL( _EQ101);
  _EQ101 =  _LC3_B23 &  RDCOUNTER1 &  RDCOUNTER2
         #  _LC4_B23 & !RDCOUNTER1 &  RDCOUNTER2;

-- Node name is ':3697' 
-- Equation name is '_LC2_B19', type is buried 
_LC2_B19 = LCELL( _EQ102);
  _EQ102 =  dffArr0_5 & !RDCOUNTER0
         #  dffArr1_5 &  RDCOUNTER0;

-- Node name is ':3700' 
-- Equation name is '_LC1_B19', type is buried 
_LC1_B19 = LCELL( _EQ103);
  _EQ103 =  dffArr2_5 & !RDCOUNTER0
         #  dffArr3_5 &  RDCOUNTER0;

-- Node name is ':3706' 
-- Equation name is '_LC4_B23', type is buried 
_LC4_B23 = LCELL( _EQ104);
  _EQ104 =  dffArr4_5 & !RDCOUNTER0
         #  dffArr5_5 &  RDCOUNTER0;

-- Node name is ':3709' 
-- Equation name is '_LC3_B23', type is buried 
_LC3_B23 = LCELL( _EQ105);
  _EQ105 =  dffArr6_5 & !RDCOUNTER0
         #  dffArr7_5 &  RDCOUNTER0;

-- Node name is ':3713' 
-- Equation name is '_LC2_A18', type is buried 
_LC2_A18 = LCELL( _EQ106);
  _EQ106 =  _LC3_A22 &  RDCOUNTER1 & !RDCOUNTER2
         #  _LC1_A18 & !RDCOUNTER1 & !RDCOUNTER2;

-- Node name is ':3714' 
-- Equation name is '_LC3_B8', type is buried 
_LC3_B8  = LCELL( _EQ107);
  _EQ107 =  _LC2_B8 &  RDCOUNTER1 &  RDCOUNTER2
         #  _LC4_B8 & !RDCOUNTER1 &  RDCOUNTER2;

-- Node name is ':3718' 
-- Equation name is '_LC1_A18', type is buried 
_LC1_A18 = LCELL( _EQ108);
  _EQ108 =  dffArr0_4 & !RDCOUNTER0
         #  dffArr1_4 &  RDCOUNTER0;

-- Node name is ':3721' 
-- Equation name is '_LC3_A22', type is buried 
_LC3_A22 = LCELL( _EQ109);
  _EQ109 =  dffArr2_4 & !RDCOUNTER0
         #  dffArr3_4 &  RDCOUNTER0;

-- Node name is ':3727' 
-- Equation name is '_LC4_B8', type is buried 
_LC4_B8  = LCELL( _EQ110);
  _EQ110 =  dffArr4_4 & !RDCOUNTER0
         #  dffArr5_4 &  RDCOUNTER0;

-- Node name is ':3730' 
-- Equation name is '_LC2_B8', type is buried 
_LC2_B8  = LCELL( _EQ111);
  _EQ111 =  dffArr6_4 & !RDCOUNTER0
         #  dffArr7_4 &  RDCOUNTER0;

-- Node name is ':3734' 
-- Equation name is '_LC3_C6', type is buried 
_LC3_C6  = LCELL( _EQ112);
  _EQ112 =  _LC1_C6 &  RDCOUNTER1 & !RDCOUNTER2
         #  _LC2_C6 & !RDCOUNTER1 & !RDCOUNTER2;

-- Node name is ':3735' 
-- Equation name is '_LC1_C11', type is buried 
_LC1_C11 = LCELL( _EQ113);
  _EQ113 =  _LC3_C11 &  RDCOUNTER1 &  RDCOUNTER2
         #  _LC4_C11 & !RDCOUNTER1 &  RDCOUNTER2;

-- Node name is ':3739' 
-- Equation name is '_LC2_C6', type is buried 
_LC2_C6  = LCELL( _EQ114);
  _EQ114 =  dffArr0_3 & !RDCOUNTER0
         #  dffArr1_3 &  RDCOUNTER0;

-- Node name is ':3742' 
-- Equation name is '_LC1_C6', type is buried 
_LC1_C6  = LCELL( _EQ115);
  _EQ115 =  dffArr2_3 & !RDCOUNTER0
         #  dffArr3_3 &  RDCOUNTER0;

-- Node name is ':3748' 
-- Equation name is '_LC4_C11', type is buried 
_LC4_C11 = LCELL( _EQ116);
  _EQ116 =  dffArr4_3 & !RDCOUNTER0
         #  dffArr5_3 &  RDCOUNTER0;

-- Node name is ':3751' 
-- Equation name is '_LC3_C11', type is buried 
_LC3_C11 = LCELL( _EQ117);
  _EQ117 =  dffArr6_3 & !RDCOUNTER0
         #  dffArr7_3 &  RDCOUNTER0;

-- Node name is ':3755' 
-- Equation name is '_LC2_C12', type is buried 
_LC2_C12 = LCELL( _EQ118);
  _EQ118 =  _LC3_C12 &  RDCOUNTER1 & !RDCOUNTER2
         #  _LC1_C12 & !RDCOUNTER1 & !RDCOUNTER2;

-- Node name is ':3756' 
-- Equation name is '_LC5_C7', type is buried 
_LC5_C7  = LCELL( _EQ119);
  _EQ119 =  _LC2_C7 &  RDCOUNTER1 &  RDCOUNTER2
         #  _LC4_C7 & !RDCOUNTER1 &  RDCOUNTER2;

-- Node name is ':3760' 
-- Equation name is '_LC1_C12', type is buried 
_LC1_C12 = LCELL( _EQ120);
  _EQ120 =  dffArr0_2 & !RDCOUNTER0
         #  dffArr1_2 &  RDCOUNTER0;

-- Node name is ':3763' 
-- Equation name is '_LC3_C12', type is buried 
_LC3_C12 = LCELL( _EQ121);
  _EQ121 =  dffArr2_2 & !RDCOUNTER0
         #  dffArr3_2 &  RDCOUNTER0;

-- Node name is ':3769' 
-- Equation name is '_LC4_C7', type is buried 
_LC4_C7  = LCELL( _EQ122);
  _EQ122 =  dffArr4_2 & !RDCOUNTER0
         #  dffArr5_2 &  RDCOUNTER0;

-- Node name is ':3772' 
-- Equation name is '_LC2_C7', type is buried 
_LC2_C7  = LCELL( _EQ123);
  _EQ123 =  dffArr6_2 & !RDCOUNTER0
         #  dffArr7_2 &  RDCOUNTER0;

-- Node name is ':3776' 
-- Equation name is '_LC1_B24', type is buried 
_LC1_B24 = LCELL( _EQ124);
  _EQ124 =  _LC2_B24 &  RDCOUNTER1 & !RDCOUNTER2
         #  _LC3_B24 & !RDCOUNTER1 & !RDCOUNTER2;

-- Node name is ':3777' 
-- Equation name is '_LC2_B20', type is buried 
_LC2_B20 = LCELL( _EQ125);
  _EQ125 =  _LC4_B20 &  RDCOUNTER1 &  RDCOUNTER2
         #  _LC3_B20 & !RDCOUNTER1 &  RDCOUNTER2;

-- Node name is ':3781' 
-- Equation name is '_LC3_B24', type is buried 
_LC3_B24 = LCELL( _EQ126);
  _EQ126 =  dffArr0_1 & !RDCOUNTER0
         #  dffArr1_1 &  RDCOUNTER0;

-- Node name is ':3784' 
-- Equation name is '_LC2_B24', type is buried 
_LC2_B24 = LCELL( _EQ127);
  _EQ127 =  dffArr2_1 & !RDCOUNTER0
         #  dffArr3_1 &  RDCOUNTER0;

-- Node name is ':3790' 
-- Equation name is '_LC3_B20', type is buried 
_LC3_B20 = LCELL( _EQ128);
  _EQ128 =  dffArr4_1 & !RDCOUNTER0
         #  dffArr5_1 &  RDCOUNTER0;

-- Node name is ':3793' 
-- Equation name is '_LC4_B20', type is buried 
_LC4_B20 = LCELL( _EQ129);
  _EQ129 =  dffArr6_1 & !RDCOUNTER0
         #  dffArr7_1 &  RDCOUNTER0;

-- Node name is ':3797' 
-- Equation name is '_LC3_B10', type is buried 
_LC3_B10 = LCELL( _EQ130);
  _EQ130 =  _LC2_B10 &  RDCOUNTER1 & !RDCOUNTER2
         #  _LC1_B10 & !RDCOUNTER1 & !RDCOUNTER2;

-- Node name is ':3798' 
-- Equation name is '_LC3_B5', type is buried 
_LC3_B5  = LCELL( _EQ131);
  _EQ131 =  _LC5_B5 &  RDCOUNTER1 &  RDCOUNTER2
         #  _LC4_B5 & !RDCOUNTER1 &  RDCOUNTER2;

-- Node name is ':3802' 
-- Equation name is '_LC1_B10', type is buried 
_LC1_B10 = LCELL( _EQ132);
  _EQ132 =  dffArr0_0 & !RDCOUNTER0
         #  dffArr1_0 &  RDCOUNTER0;

-- Node name is ':3805' 
-- Equation name is '_LC2_B10', type is buried 
_LC2_B10 = LCELL( _EQ133);
  _EQ133 =  dffArr2_0 & !RDCOUNTER0
         #  dffArr3_0 &  RDCOUNTER0;

-- Node name is ':3811' 
-- Equation name is '_LC4_B5', type is buried 
_LC4_B5  = LCELL( _EQ134);
  _EQ134 =  dffArr4_0 & !RDCOUNTER0
         #  dffArr5_0 &  RDCOUNTER0;

-- Node name is ':3814' 
-- Equation name is '_LC5_B5', type is buried 
_LC5_B5  = LCELL( _EQ135);
  _EQ135 =  dffArr6_0 & !RDCOUNTER0
         #  dffArr7_0 &  RDCOUNTER0;

-- Node name is '~5904~1' 
-- Equation name is '~5904~1', location is LC7_A1, type is buried.
-- synthesized logic cell 
_LC7_A1  = LCELL( _EQ136);
  _EQ136 = !_LC1_C13
         #  _LC2_C13
         # !WRCOUNTER1
         #  WRCOUNTER2;

-- Node name is '~6192~1' 
-- Equation name is '~6192~1', location is LC4_A1, type is buried.
-- synthesized logic cell 
_LC4_A1  = LCELL( _EQ137);
  _EQ137 = !_LC1_C13
         #  _LC2_C13
         # !WRCOUNTER1
         # !WRCOUNTER2;

-- Node name is ':6279' 
-- Equation name is '_LC2_A1', type is buried 
_LC2_A1  = LCELL( _EQ138);
  _EQ138 =  _LC1_C13 &  WRCOUNTER0 & !WRCOUNTER1
         # !WRCOUNTER0 &  WRCOUNTER1
         # !_LC1_C13 &  WRCOUNTER1;

-- Node name is ':6397' 
-- Equation name is '_LC4_C13', type is buried 
_LC4_C13 = LCELL( _EQ139);
  _EQ139 =  count0 &  count1 &  count2 &  WR;

-- Node name is ':6399' 
-- Equation name is '_LC3_C13', type is buried 
_LC3_C13 = LCELL( _EQ140);
  _EQ140 =  count3 & !_LC2_C13
         # !_LC2_C13 &  _LC4_C13
         #  count3 &  _LC6_C13
         # !count3 &  _LC2_C13 & !_LC6_C13;

-- Node name is ':6405' 
-- Equation name is '_LC1_C14', type is buried 
_LC1_C14 = LCELL( _EQ141);
  _EQ141 = !count1 &  count2
         # !count0 &  count2
         #  count0 &  count1 & !count2 &  _LC1_C13
         #  count2 & !_LC1_C13;

-- Node name is ':6408' 
-- Equation name is '_LC4_C14', type is buried 
_LC4_C14 = LCELL( _EQ142);
  _EQ142 =  _LC1_C14 & !_LC2_C13
         #  count2 &  _LC2_C13 &  _LC7_C14
         # !count2 &  _LC2_C13 & !_LC7_C14;

-- Node name is ':6417' 
-- Equation name is '_LC2_C22', type is buried 
_LC2_C22 = LCELL( _EQ143);
  _EQ143 =  count0 &  count1 &  _LC2_C13
         # !count0 & !count1 &  _LC2_C13
         # !count0 &  count1 & !_LC2_C13
         #  count0 & !count1 &  _LC1_C13 & !_LC2_C13
         #  count1 & !_LC1_C13 & !_LC2_C13;

-- Node name is ':6426' 
-- Equation name is '_LC8_C14', type is buried 
_LC8_C14 = LCELL( _EQ144);
  _EQ144 = !count0 &  _LC2_C13
         #  count0 & !_LC1_C13 & !_LC2_C13
         # !count0 &  _LC1_C13;



Project Information             c:\max2work\lab4sem1\fifolifocode\fifocode.rpt

** COMPILATION SETTINGS & TIMES **

Processing Menu Commands
------------------------

Design Doctor                             = off

Logic Synthesis:

   Synthesis Type Used                    = Multi-Level

   Default Synthesis Style                = NORMAL

      Logic option settings in 'NORMAL' style for 'FLEX10K' family

      CARRY_CHAIN                         = ignore
      CARRY_CHAIN_LENGTH                  = 32
      CASCADE_CHAIN                       = ignore
      CASCADE_CHAIN_LENGTH                = 2
      DECOMPOSE_GATES                     = on
      DUPLICATE_LOGIC_EXTRACTION          = on
      MINIMIZATION                        = full
      MULTI_LEVEL_FACTORING               = on
      NOT_GATE_PUSH_BACK                  = on
      REDUCE_LOGIC                        = on
      REFACTORIZATION                     = on
      REGISTER_OPTIMIZATION               = on
      RESYNTHESIZE_NETWORK                = on
      SLOW_SLEW_RATE                      = off
      SUBFACTOR_EXTRACTION                = on
      IGNORE_SOFT_BUFFERS                 = on
      USE_LPM_FOR_AHDL_OPERATORS          = off

   Other logic synthesis settings:

      Automatic Global Clock              = on
      Automatic Global Clear              = on
      Automatic Global Preset             = on
      Automatic Global Output Enable      = on
      Automatic Fast I/O                  = off
      Automatic Register Packing          = off
      Automatic Open-Drain Pins           = on
      Automatic Implement in EAB          = off
      Optimize                            = 5

Default Timing Specifications: None

Cut All Bidir Feedback Timing Paths       = on
Cut All Clear & Preset Timing Paths       = on

Ignore Timing Assignments                 = off

Functional SNF Extractor                  = off

Linked SNF Extractor                      = off
Timing SNF Extractor                      = on
Optimize Timing SNF                       = off
Generate AHDL TDO File                    = off
Fitter Settings                           = NORMAL
Smart Recompile                           = off
Total Recompile                           = off

Interfaces Menu Commands
------------------------

EDIF Netlist Writer                       = off
Verilog Netlist Writer                    = off
VHDL Netlist Writer                       = off

Compilation Times
-----------------

   Compiler Netlist Extractor             00:00:00
   Database Builder                       00:00:00
   Logic Synthesizer                      00:00:01
   Partitioner                            00:00:00
   Fitter                                 00:00:00
   Timing SNF Extractor                   00:00:00
   Assembler                              00:00:00
   --------------------------             --------
   Total Time                             00:00:01


Memory Allocated
-----------------

Peak memory allocated during compilation  = 20,970K
