Project Information             c:\max2work\lab4sem1\fifolifocode\lifocode.rpt

MAX+plus II Compiler Report File
Version 9.01 07/30/98
Compiled: 02/20/22 03:46:57

Copyright (C) 1988-1998 Altera Corporation
Any megafunction design, and related net list (encrypted or decrypted),
support information, device programming or simulation file, and any other
associated documentation or information provided by Altera or a partner
under Altera's Megafunction Partnership Program may be used only to
program PLD devices (but not masked PLD devices) from Altera.  Any other
use of such megafunction design, net list, support information, device
programming or simulation file, or any other related documentation or
information is prohibited for any other purpose, including, but not
limited to modification, reverse engineering, de-compiling, or use with
any other silicon devices, unless such use is explicitly licensed under
a separate agreement with Altera or a megafunction partner.  Title to
the intellectual property, including patents, copyrights, trademarks,
trade secrets, or maskworks, embodied in any such megafunction design,
net list, support information, device programming or simulation file, or
any other related documentation or information provided by Altera or a
megafunction partner, remains with Altera, the megafunction partner, or
their respective licensors.  No other licenses, including any licenses
needed under any third party's intellectual property, are provided herein.



***** Project compilation was successful


LIFOCODE


** DEVICE SUMMARY **

Chip/                     Input Output Bidir  Memory  Memory  			 LCs
POF       Device          Pins  Pins   Pins   Bits % Utilized  LCs  % Utilized

lifocode  EPF10K10LC84-3   12     10     0    0         0  %    159      27 %

User Pins:                 12     10     0  



Project Information             c:\max2work\lab4sem1\fifolifocode\lifocode.rpt

** FILE HIERARCHY **



|lpm_add_sub:3993|
|lpm_add_sub:3993|addcore:adder|
|lpm_add_sub:3993|altshift:result_ext_latency_ffs|
|lpm_add_sub:3993|altshift:carry_ext_latency_ffs|
|lpm_add_sub:3993|altshift:oflow_ext_latency_ffs|
|lpm_add_sub:5843|
|lpm_add_sub:5843|addcore:adder|
|lpm_add_sub:5843|altshift:result_ext_latency_ffs|
|lpm_add_sub:5843|altshift:carry_ext_latency_ffs|
|lpm_add_sub:5843|altshift:oflow_ext_latency_ffs|


Device-Specific Information:    c:\max2work\lab4sem1\fifolifocode\lifocode.rpt
lifocode

***** Logic for device 'lifocode' compiled without errors.




Device: EPF10K10LC84-3

FLEX 10K Configuration Scheme: Passive Serial

Device Options:
    User-Supplied Start-Up Clock               = OFF
    Auto-Restart Configuration on Frame Error  = OFF
    Release Clears Before Tri-States           = OFF
    Enable Chip_Wide Reset                     = OFF
    Enable Chip-Wide Output Enable             = OFF
    Enable INIT_DONE Output                    = OFF
    JTAG User Code                             = 7f

                                                                         ^     
                                                                         C     
                R  R  R  R  R  R  R     R           R     R  R  R  R     O     
                E  E  E  E  E  E  E     E           E     E  E  E  E     N     
                S  S  S  S  S  S  S  V  S           S  G  S  S  S  S     F     
                E  E  E  E  E  E  E  C  E           E  N  E  E  E  E     _  ^  
                R  R  R  R  R  R  R  C  R           R  D  R  R  R  R  #  D  n  
                V  V  V  V  V  V  V  I  V  D  D  D  V  I  V  V  V  V  T  O  C  
                E  E  E  E  E  E  E  N  E  I  I  I  E  N  E  E  E  E  C  N  E  
                D  D  D  D  D  D  D  T  D  7  6  1  D  T  D  D  D  D  K  E  O  
              -----------------------------------------------------------------_ 
            /  11 10  9  8  7  6  5  4  3  2  1 84 83 82 81 80 79 78 77 76 75   | 
    ^DATA0 | 12                                                              74 | #TDO 
     ^DCLK | 13                                                              73 | DI3 
      ^nCE | 14                                                              72 | RD 
      #TDI | 15                                                              71 | RESERVED 
  RESERVED | 16                                                              70 | DO3 
  RESERVED | 17                                                              69 | DO6 
  RESERVED | 18                                                              68 | GNDINT 
  RESERVED | 19                                                              67 | WR 
    VCCINT | 20                                                              66 | Empty 
  RESERVED | 21                                                              65 | Full 
  RESERVED | 22                        EPF10K10LC84-3                        64 | DO4 
       DO1 | 23                                                              63 | VCCINT 
  RESERVED | 24                                                              62 | DI5 
       DO7 | 25                                                              61 | DI2 
    GNDINT | 26                                                              60 | DI0 
  RESERVED | 27                                                              59 | DO0 
  RESERVED | 28                                                              58 | DO5 
  RESERVED | 29                                                              57 | #TMS 
       DO2 | 30                                                              56 | #nTRST 
    ^MSEL0 | 31                                                              55 | ^nSTATUS 
    ^MSEL1 | 32                                                              54 | RESERVED 
           |_  33 34 35 36 37 38 39 40 41 42 43 44 45 46 47 48 49 50 51 52 53  _| 
             ------------------------------------------------------------------ 
                V  ^  R  R  R  R  R  V  G  R  C  D  V  G  R  R  R  R  R  R  R  
                C  n  E  E  E  E  E  C  N  e  L  I  C  N  E  E  E  E  E  E  E  
                C  C  S  S  S  S  S  C  D  s  K  4  C  D  S  S  S  S  S  S  S  
                I  O  E  E  E  E  E  I  I  e        I  I  E  E  E  E  E  E  E  
                N  N  R  R  R  R  R  N  N  t        N  N  R  R  R  R  R  R  R  
                T  F  V  V  V  V  V  T  T           T  T  V  V  V  V  V  V  V  
                   I  E  E  E  E  E                       E  E  E  E  E  E  E  
                   G  D  D  D  D  D                       D  D  D  D  D  D  D  
                                                                               
                                                                               


N.C. = Not Connected.
VCCINT = Dedicated power pin, which MUST be connected to VCC (5.0 volts).
VCCIO = Dedicated power pin, which MUST be connected to VCC (5.0 volts).
GNDINT = Dedicated ground pin or unused dedicated input, which MUST be connected to GND.
GNDIO = Dedicated ground pin, which MUST be connected to GND.
RESERVED = Unused I/O pin, which MUST be left unconnected.

^ = Dedicated configuration pin.
+ = Reserved configuration pin, which is tri-stated during user mode.
* = Reserved configuration pin, which drives out in user mode.
PDn = Power Down pin. 
@ = Special-purpose pin. 
# = JTAG Boundary-Scan Testing/In-System Programming or Configuration Pin. The JTAG inputs (TMS, TCK, TDI) should be tied to VCC when not in use.
& = JTAG pin used for I/O. When used as user I/O, JTAG pins must be kept stable before and during configuration.  JTAG pin stability prevents accidental loading of JTAG instructions.


Device-Specific Information:    c:\max2work\lab4sem1\fifolifocode\lifocode.rpt
lifocode

** RESOURCE USAGE **

Logic                Column       Row                                   
Array                Interconnect Interconnect         Clears/     External  
Block   Logic Cells  Driven       Driven       Clocks  Presets   Interconnect
A1       7/ 8( 87%)   5/ 8( 62%)   5/ 8( 62%)    0/2    0/2      10/22( 45%)   
A2       4/ 8( 50%)   2/ 8( 25%)   2/ 8( 25%)    0/2    0/2       9/22( 40%)   
A3       1/ 8( 12%)   1/ 8( 12%)   1/ 8( 12%)    0/2    0/2       3/22( 13%)   
A4       1/ 8( 12%)   1/ 8( 12%)   1/ 8( 12%)    0/2    0/2       3/22( 13%)   
A5       1/ 8( 12%)   0/ 8(  0%)   1/ 8( 12%)    1/2    1/2       3/22( 13%)   
A7       1/ 8( 12%)   1/ 8( 12%)   1/ 8( 12%)    0/2    0/2       3/22( 13%)   
A8       3/ 8( 37%)   0/ 8(  0%)   3/ 8( 37%)    1/2    1/2       4/22( 18%)   
A9       6/ 8( 75%)   0/ 8(  0%)   2/ 8( 25%)    1/2    1/2       6/22( 27%)   
A10      1/ 8( 12%)   0/ 8(  0%)   1/ 8( 12%)    0/2    0/2       4/22( 18%)   
A11      1/ 8( 12%)   0/ 8(  0%)   1/ 8( 12%)    0/2    0/2       4/22( 18%)   
A12      7/ 8( 87%)   0/ 8(  0%)   1/ 8( 12%)    1/2    1/2       8/22( 36%)   
A16      1/ 8( 12%)   1/ 8( 12%)   1/ 8( 12%)    0/2    0/2       2/22(  9%)   
A19      7/ 8( 87%)   0/ 8(  0%)   1/ 8( 12%)    1/2    1/2      13/22( 59%)   
A20      6/ 8( 75%)   0/ 8(  0%)   1/ 8( 12%)    1/2    1/2      12/22( 54%)   
A21      3/ 8( 37%)   1/ 8( 12%)   0/ 8(  0%)    1/2    1/2       5/22( 22%)   
A22      2/ 8( 25%)   0/ 8(  0%)   2/ 8( 25%)    0/2    0/2       5/22( 22%)   
A24      1/ 8( 12%)   0/ 8(  0%)   1/ 8( 12%)    0/2    0/2       2/22(  9%)   
B5       1/ 8( 12%)   1/ 8( 12%)   1/ 8( 12%)    0/2    0/2       3/22( 13%)   
B6       1/ 8( 12%)   1/ 8( 12%)   1/ 8( 12%)    0/2    0/2       3/22( 13%)   
B8       7/ 8( 87%)   0/ 8(  0%)   1/ 8( 12%)    1/2    1/2       8/22( 36%)   
B10      8/ 8(100%)   0/ 8(  0%)   2/ 8( 25%)    1/2    1/2      10/22( 45%)   
B11      6/ 8( 75%)   0/ 8(  0%)   2/ 8( 25%)    1/2    1/2       6/22( 27%)   
B12      6/ 8( 75%)   0/ 8(  0%)   2/ 8( 25%)    1/2    1/2       6/22( 27%)   
B13      7/ 8( 87%)   2/ 8( 25%)   4/ 8( 50%)    1/2    1/2       6/22( 27%)   
B15      4/ 8( 50%)   0/ 8(  0%)   2/ 8( 25%)    1/2    1/2       9/22( 40%)   
B16      3/ 8( 37%)   0/ 8(  0%)   1/ 8( 12%)    0/2    0/2       7/22( 31%)   
B17      1/ 8( 12%)   1/ 8( 12%)   1/ 8( 12%)    0/2    0/2       3/22( 13%)   
B18      1/ 8( 12%)   0/ 8(  0%)   1/ 8( 12%)    0/2    0/2       4/22( 18%)   
B19      1/ 8( 12%)   1/ 8( 12%)   0/ 8(  0%)    0/2    0/2       2/22(  9%)   
B20      1/ 8( 12%)   0/ 8(  0%)   1/ 8( 12%)    0/2    0/2       2/22(  9%)   
B21      1/ 8( 12%)   1/ 8( 12%)   1/ 8( 12%)    1/2    1/2       1/22(  4%)   
B22      1/ 8( 12%)   1/ 8( 12%)   1/ 8( 12%)    0/2    0/2       2/22(  9%)   
B23      1/ 8( 12%)   1/ 8( 12%)   1/ 8( 12%)    1/2    1/2       1/22(  4%)   
B24      1/ 8( 12%)   0/ 8(  0%)   1/ 8( 12%)    1/2    1/2       3/22( 13%)   
C8       7/ 8( 87%)   0/ 8(  0%)   1/ 8( 12%)    1/2    1/2       8/22( 36%)   
C9       6/ 8( 75%)   0/ 8(  0%)   2/ 8( 25%)    1/2    1/2       6/22( 27%)   
C10      6/ 8( 75%)   0/ 8(  0%)   2/ 8( 25%)    1/2    1/2       6/22( 27%)   
C11      6/ 8( 75%)   0/ 8(  0%)   2/ 8( 25%)    1/2    1/2       6/22( 27%)   
C12      7/ 8( 87%)   0/ 8(  0%)   1/ 8( 12%)    1/2    1/2       8/22( 36%)   
C14      7/ 8( 87%)   0/ 8(  0%)   3/ 8( 37%)    1/2    1/2      13/22( 59%)   
C17      1/ 8( 12%)   0/ 8(  0%)   1/ 8( 12%)    1/2    1/2       2/22(  9%)   
C18      8/ 8(100%)   1/ 8( 12%)   2/ 8( 25%)    1/2    1/2       8/22( 36%)   
C20      1/ 8( 12%)   1/ 8( 12%)   0/ 8(  0%)    0/2    0/2       4/22( 18%)   
C23      6/ 8( 75%)   0/ 8(  0%)   2/ 8( 25%)    1/2    1/2       6/22( 27%)   


Embedded             Column       Row                                   
Array     Embedded   Interconnect Interconnect         Read/      External  
Block     Cells      Driven       Driven       Clocks  Write    Interconnect


Total dedicated input pins used:                 6/6      (100%)
Total I/O pins used:                            16/53     ( 30%)
Total logic cells used:                        159/576    ( 27%)
Total embedded cells used:                       0/24     (  0%)
Total EABs used:                                 0/3      (  0%)
Average fan-in:                                 3.68/4    ( 92%)
Total fan-in:                                 586/2304    ( 25%)

Total input pins required:                      12
Total input I/O cell registers required:         0
Total output pins required:                     10
Total output I/O cell registers required:        0
Total buried I/O cell registers required:        0
Total bidirectional pins required:               0
Total reserved pins required                     0
Total logic cells required:                    159
Total flipflops required:                       78
Total packed registers required:                 0
Total logic cells in carry chains:               0
Total number of carry chains:                    0
Total logic cells in cascade chains:             0
Total number of cascade chains:                  0
Total single-pin Clock Enables required:         0
Total single-pin Output Enables required:        0

Synthesized logic cells:                        10/ 576   (  1%)

Logic Cell and Embedded Cell Counts

Column:  01  02  03  04  05  06  07  08  09  10  11  12  EA  13  14  15  16  17  18  19  20  21  22  23  24  Total(LC/EC)
 A:      7   4   1   1   1   0   1   3   6   1   1   7   0   0   0   0   1   0   0   7   6   3   2   0   1     53/0  
 B:      0   0   0   0   1   1   0   7   0   8   6   6   0   7   0   4   3   1   1   1   1   1   1   1   1     51/0  
 C:      0   0   0   0   0   0   0   7   6   6   6   7   0   0   7   0   0   1   8   0   1   0   0   6   0     55/0  

Total:   7   4   1   1   2   1   1  17  12  15  13  20   0   7   7   4   4   2   9   8   8   4   3   7   2    159/0  



Device-Specific Information:    c:\max2work\lab4sem1\fifolifocode\lifocode.rpt
lifocode

** INPUTS **

                                                    Fan-In    Fan-Out
 Pin     LC     EC   Row  Col  Primitive    Code      INP  FBK  OUT  FBK  Name
  43      -     -    -    --      INPUT  G             0    0    0    0  CLK
  60      -     -    C    --      INPUT                0    0    0    8  DI0
  84      -     -    -    --      INPUT                0    0    0    8  DI1
  61      -     -    C    --      INPUT                0    0    0    8  DI2
  73      -     -    A    --      INPUT                0    0    0    8  DI3
  44      -     -    -    --      INPUT                0    0    0    8  DI4
  62      -     -    C    --      INPUT                0    0    0    8  DI5
   1      -     -    -    --      INPUT                0    0    0    8  DI6
   2      -     -    -    --      INPUT                0    0    0    8  DI7
  72      -     -    A    --      INPUT                0    0    0    1  RD
  42      -     -    -    --      INPUT  G             0    0    0    0  Reset
  67      -     -    B    --      INPUT                0    0    0    1  WR


Code:

s = Synthesized pin or logic cell
+ = Synchronous flipflop
/ = Slow slew-rate output
! = NOT gate push-back
r = Fitter-inserted logic cell
@ = Uses single-pin Clock Enable
& = Uses single-pin Output Enable
G = Global Source. Fan-out destinations counted here do not include destinations
that are driven using global routing resources. Refer to the Auto Global Signals,
Clock Signals, Clear Signals, Synchronous Load Signals, and Synchronous Clear Signals
Sections of this Report File for information on which signals' fan-outs are used as
Clock, Clear, Preset, Output Enable, and synchronous Load signals.


Device-Specific Information:    c:\max2work\lab4sem1\fifolifocode\lifocode.rpt
lifocode

** OUTPUTS **

       Fed By Fed By                                Fan-In    Fan-Out
 Pin     LC     EC   Row  Col  Primitive    Code      INP  FBK  OUT  FBK  Name
  59      -     -    C    --     OUTPUT                0    1    0    0  DO0
  23      -     -    B    --     OUTPUT                0    1    0    0  DO1
  30      -     -    C    --     OUTPUT                0    1    0    0  DO2
  70      -     -    A    --     OUTPUT                0    1    0    0  DO3
  64      -     -    B    --     OUTPUT                0    1    0    0  DO4
  58      -     -    C    --     OUTPUT                0    1    0    0  DO5
  69      -     -    A    --     OUTPUT                0    1    0    0  DO6
  25      -     -    B    --     OUTPUT                0    1    0    0  DO7
  66      -     -    B    --     OUTPUT                0    1    0    0  Empty
  65      -     -    B    --     OUTPUT                0    1    0    0  Full


Code:

s = Synthesized pin or logic cell
+ = Synchronous flipflop
/ = Slow slew-rate output
! = NOT gate push-back
r = Fitter-inserted logic cell
@ = Uses single-pin Clock Enable
& = Uses single-pin Output Enable


Device-Specific Information:    c:\max2work\lab4sem1\fifolifocode\lifocode.rpt
lifocode

** BURIED LOGIC **

                                                    Fan-In    Fan-Out
 IOC     LC     EC   Row  Col  Primitive    Code      INP  FBK  OUT  FBK  Name
   -      3     -    B    22        OR2                0    2    0    4  |LPM_ADD_SUB:3993|addcore:adder|pcarry1
   -      2     -    B    16        OR2                0    2    0    1  |LPM_ADD_SUB:3993|addcore:adder|pcarry2
   -      5     -    B    13       DFFE   +            0    4    1    0  :13
   -      3     -    B    13       DFFE   +    !       0    4    1    0  :15
   -      8     -    B    15       DFFE   +            0    3    1    0  :17
   -      8     -    A    19       DFFE   +            0    3    1    0  :19
   -      6     -    C    14       DFFE   +            0    3    1    0  :21
   -      7     -    B    15       DFFE   +            0    3    1    0  :23
   -      5     -    A    20       DFFE   +            0    3    1    0  :25
   -      7     -    C    14       DFFE   +            0    3    1    0  :27
   -      4     -    B    24       DFFE   +            0    3    1    0  :29
   -      5     -    C    14       DFFE   +            0    3    1    0  :31
   -      4     -    B    23       DFFE   +            0    1    0   11  count3 (:33)
   -      4     -    B    13       DFFE   +            0    1    0   13  count2 (:34)
   -      3     -    B    21       DFFE   +            0    1    0    9  count1 (:35)
   -      6     -    B    13       DFFE   +            0    1    0   12  count0 (:36)
   -      5     -    B    11       DFFE   +            1    2    0    1  dffArr0_7 (:37)
   -      4     -    A    05       DFFE   +            1    2    0    1  dffArr0_6 (:38)
   -      5     -    C    11       DFFE   +            1    2    0    1  dffArr0_5 (:39)
   -      6     -    B    11       DFFE   +            1    2    0    1  dffArr0_4 (:40)
   -      6     -    A    08       DFFE   +            1    2    0    1  dffArr0_3 (:41)
   -      6     -    C    11       DFFE   +            1    2    0    1  dffArr0_2 (:42)
   -      6     -    C    10       DFFE   +            1    2    0    1  dffArr0_1 (:43)
   -      5     -    C    10       DFFE   +            1    2    0    1  dffArr0_0 (:44)
   -      4     -    B    11       DFFE   +            1    2    0    1  dffArr1_7 (:45)
   -      1     -    A    08       DFFE   +            1    2    0    1  dffArr1_6 (:46)
   -      2     -    C    11       DFFE   +            1    2    0    1  dffArr1_5 (:47)
   -      3     -    B    11       DFFE   +            1    2    0    1  dffArr1_4 (:48)
   -      3     -    A    08       DFFE   +            1    2    0    1  dffArr1_3 (:49)
   -      3     -    C    11       DFFE   +            1    2    0    1  dffArr1_2 (:50)
   -      3     -    C    10       DFFE   +            1    2    0    1  dffArr1_1 (:51)
   -      4     -    C    10       DFFE   +            1    2    0    1  dffArr1_0 (:52)
   -      2     -    A    21       DFFE   +            1    1    0    1  dffArr2_7 (:53)
   -      5     -    A    19       DFFE   +            1    1    0    1  dffArr2_6 (:54)
   -      2     -    C    23       DFFE   +            1    1    0    1  dffArr2_5 (:55)
   -      4     -    C    18       DFFE   +            1    1    0    1  dffArr2_4 (:56)
   -      4     -    A    20       DFFE   +            1    1    0    1  dffArr2_3 (:57)
   -      5     -    C    18       DFFE   +            1    1    0    1  dffArr2_2 (:58)
   -      6     -    C    18       DFFE   +            1    1    0    1  dffArr2_1 (:59)
   -      4     -    C    23       DFFE   +            1    1    0    1  dffArr2_0 (:60)
   -      3     -    A    21       DFFE   +            1    1    0    1  dffArr3_7 (:61)
   -      6     -    A    19       DFFE   +            1    1    0    1  dffArr3_6 (:62)
   -      5     -    C    23       DFFE   +            1    1    0    1  dffArr3_5 (:63)
   -      7     -    C    18       DFFE   +            1    1    0    1  dffArr3_4 (:64)
   -      6     -    A    20       DFFE   +            1    1    0    1  dffArr3_3 (:65)
   -      8     -    C    18       DFFE   +            1    1    0    1  dffArr3_2 (:66)
   -      1     -    C    17       DFFE   +            1    1    0    1  dffArr3_1 (:67)
   -      6     -    C    23       DFFE   +            1    1    0    1  dffArr3_0 (:68)
   -      5     -    B    10       DFFE   +            1    2    0    1  dffArr4_7 (:69)
   -      5     -    A    09       DFFE   +            1    2    0    1  dffArr4_6 (:70)
   -      5     -    C    09       DFFE   +            1    2    0    1  dffArr4_5 (:71)
   -      6     -    B    08       DFFE   +            1    2    0    1  dffArr4_4 (:72)
   -      6     -    A    12       DFFE   +            1    2    0    1  dffArr4_3 (:73)
   -      5     -    C    12       DFFE   +            1    2    0    1  dffArr4_2 (:74)
   -      6     -    B    10       DFFE   +            1    2    0    1  dffArr4_1 (:75)
   -      7     -    C    08       DFFE   +            1    2    0    1  dffArr4_0 (:76)
   -      7     -    B    10       DFFE   +            1    2    0    1  dffArr5_7 (:77)
   -      6     -    A    09       DFFE   +            1    2    0    1  dffArr5_6 (:78)
   -      6     -    C    09       DFFE   +            1    2    0    1  dffArr5_5 (:79)
   -      7     -    B    08       DFFE   +            1    2    0    1  dffArr5_4 (:80)
   -      7     -    A    12       DFFE   +            1    2    0    1  dffArr5_3 (:81)
   -      7     -    C    12       DFFE   +            1    2    0    1  dffArr5_2 (:82)
   -      8     -    B    10       DFFE   +            1    2    0    1  dffArr5_1 (:83)
   -      6     -    C    08       DFFE   +            1    2    0    1  dffArr5_0 (:84)
   -      5     -    B    12       DFFE   +            1    2    0    1  dffArr6_7 (:85)
   -      2     -    A    09       DFFE   +            1    2    0    1  dffArr6_6 (:86)
   -      2     -    C    09       DFFE   +            1    2    0    1  dffArr6_5 (:87)
   -      4     -    B    08       DFFE   +            1    2    0    1  dffArr6_4 (:88)
   -      4     -    A    12       DFFE   +            1    2    0    1  dffArr6_3 (:89)
   -      3     -    C    12       DFFE   +            1    2    0    1  dffArr6_2 (:90)
   -      1     -    B    12       DFFE   +            1    2    0    1  dffArr6_1 (:91)
   -      4     -    C    08       DFFE   +            1    2    0    1  dffArr6_0 (:92)
   -      3     -    B    12       DFFE   +            1    2    0    1  dffArr7_7 (:93)
   -      3     -    A    09       DFFE   +            1    2    0    1  dffArr7_6 (:94)
   -      4     -    C    09       DFFE   +            1    2    0    1  dffArr7_5 (:95)
   -      5     -    B    08       DFFE   +            1    2    0    1  dffArr7_4 (:96)
   -      5     -    A    12       DFFE   +            1    2    0    1  dffArr7_3 (:97)
   -      4     -    C    12       DFFE   +            1    2    0    1  dffArr7_2 (:98)
   -      4     -    B    12       DFFE   +            1    2    0    1  dffArr7_1 (:99)
   -      5     -    C    08       DFFE   +            1    2    0    1  dffArr7_0 (:100)
   -      4     -    A    22        OR2                0    3    0    3  :3414
   -      4     -    A    01       AND2    s           0    4    0    2  ~3431~1
   -      3     -    A    01        OR2    s   !       0    4    0   16  ~3431~2
   -      2     -    A    16       AND2                1    1    0   13  :3431
   -      2     -    B    20        OR2        !       1    1    0    5  :3459
   -      3     -    A    02        OR2    s           0    4    0    1  ~3716~1
   -      1     -    A    02        OR2        !       0    4    0   32  :3724
   -      2     -    B    05        OR2                0    3    0   17  :3739
   -      5     -    A    07        OR2                0    3    0    9  :3745
   -      1     -    A    03        OR2                0    3    0    8  :3748
   -      1     -    B    15        OR2                0    4    0    1  :3814
   -      2     -    B    10        OR2                0    4    0    1  :3815
   -      1     -    B    11        OR2                0    4    0    1  :3817
   -      1     -    A    21        OR2                0    4    0    1  :3818
   -      3     -    B    10        OR2                0    4    0    1  :3826
   -      8     -    B    12        OR2                0    4    0    1  :3827
   -      4     -    A    19        OR2                0    4    0    1  :3835
   -      3     -    A    19        OR2                0    4    0    1  :3836
   -      2     -    A    19        OR2                0    4    0    1  :3838
   -      1     -    A    19        OR2                0    4    0    1  :3839
   -      1     -    A    09        OR2                0    4    0    1  :3847
   -      4     -    A    09        OR2                0    4    0    1  :3848
   -      1     -    C    14        OR2                0    4    0    1  :3856
   -      4     -    C    14        OR2                0    4    0    1  :3857
   -      1     -    C    11        OR2                0    4    0    1  :3859
   -      1     -    C    23        OR2                0    4    0    1  :3860
   -      3     -    C    09        OR2                0    4    0    1  :3868
   -      1     -    C    09        OR2                0    4    0    1  :3869
   -      2     -    B    15        OR2                0    4    0    1  :3877
   -      1     -    B    08        OR2                0    4    0    1  :3878
   -      2     -    B    11        OR2                0    4    0    1  :3880
   -      1     -    C    18        OR2                0    4    0    1  :3881
   -      3     -    B    08        OR2                0    4    0    1  :3889
   -      2     -    B    08        OR2                0    4    0    1  :3890
   -      3     -    A    20        OR2                0    4    0    1  :3898
   -      1     -    A    12        OR2                0    4    0    1  :3899
   -      2     -    A    20        OR2                0    4    0    1  :3901
   -      1     -    A    20        OR2                0    4    0    1  :3902
   -      3     -    A    12        OR2                0    4    0    1  :3910
   -      2     -    A    12        OR2                0    4    0    1  :3911
   -      3     -    C    14        OR2                0    4    0    1  :3919
   -      6     -    C    12        OR2                0    4    0    1  :3920
   -      4     -    C    11        OR2                0    4    0    1  :3922
   -      3     -    C    18        OR2                0    4    0    1  :3923
   -      1     -    C    12        OR2                0    4    0    1  :3931
   -      2     -    C    12        OR2                0    4    0    1  :3932
   -      1     -    C    20        OR2                0    4    0    1  :3940
   -      1     -    B    10        OR2                0    4    0    1  :3941
   -      2     -    C    10        OR2                0    4    0    1  :3943
   -      2     -    C    18        OR2                0    4    0    1  :3944
   -      4     -    B    10        OR2                0    4    0    1  :3952
   -      2     -    B    12        OR2                0    4    0    1  :3953
   -      2     -    C    14        OR2                0    4    0    1  :3961
   -      1     -    C    08        OR2                0    4    0    1  :3962
   -      1     -    C    10        OR2                0    4    0    1  :3964
   -      3     -    C    23        OR2                0    4    0    1  :3965
   -      2     -    C    08        OR2                0    4    0    1  :3973
   -      3     -    C    08        OR2                0    4    0    1  :3974
   -      1     -    A    10        OR2        !       0    4    0    8  :4207
   -      1     -    A    22       AND2                0    4    0    6  :4217
   -      2     -    A    11       AND2                0    4    0    6  :4227
   -      1     -    B    17        OR2        !       0    3    0   17  :4237
   -      1     -    A    04        OR2    s           0    3    0   17  ~4310~1
   -      8     -    A    24        OR2        !       0    2    0    4  :4310
   -      2     -    A    01        OR2    s           0    4    0    4  ~4334~1
   -      2     -    A    02        OR2                0    2    0    1  :4347
   -      1     -    B    06       AND2        !       0    3    0   35  :4349
   -      6     -    A    02        OR2                0    4    0   16  :4358
   -      1     -    B    19        OR2    s           0    2    0    4  ~5990~1
   -      8     -    A    01        OR2    s   !       0    4    0   16  ~5990~2
   -      5     -    A    01        OR2    s   !       0    4    0    8  ~6134~1
   -      7     -    A    01        OR2    s   !       0    4    0    8  ~6206~1
   -      1     -    A    01        OR2    s           0    4    0   16  ~6350~1
   -      1     -    B    16       AND2                0    4    0    1  :6600
   -      3     -    B    16        OR2                0    4    0    3  :6602
   -      2     -    B    13        OR2                0    4    0    1  :6608
   -      1     -    B    13        OR2                0    4    0    3  :6611
   -      8     -    B    18        OR2                0    4    0    3  :6620
   -      7     -    B    13        OR2                0    3    0    3  :6629


Code:

s = Synthesized pin or logic cell
+ = Synchronous flipflop
/ = Slow slew-rate output
! = NOT gate push-back
r = Fitter-inserted logic cell
p = Packed register


Device-Specific Information:    c:\max2work\lab4sem1\fifolifocode\lifocode.rpt
lifocode

** FASTTRACK INTERCONNECT UTILIZATION **

Row FastTrack Interconnect:

          Global         Left Half-      Right Half-
         FastTrack       FastTrack       FastTrack 
Row     Interconnect    Interconnect    Interconnect    Input Pins     Output Pins     Bidir Pins
A:      24/ 96( 25%)     8/ 48( 16%)     4/ 48(  8%)    2/16( 12%)      2/16( 12%)     0/16(  0%)
B:      13/ 96( 13%)    10/ 48( 20%)    12/ 48( 25%)    1/16(  6%)      5/16( 31%)     0/16(  0%)
C:      18/ 96( 18%)     7/ 48( 14%)     8/ 48( 16%)    3/16( 18%)      3/16( 18%)     0/16(  0%)


Column FastTrack Interconnect:

         FastTrack                                 
Column  Interconnect    Input Pins     Output Pins     Bidir Pins
01:      4/24( 16%)     0/4(  0%)      0/4(  0%)       0/4(  0%)
02:      3/24( 12%)     0/4(  0%)      0/4(  0%)       0/4(  0%)
03:      1/24(  4%)     0/4(  0%)      0/4(  0%)       0/4(  0%)
04:      1/24(  4%)     0/4(  0%)      0/4(  0%)       0/4(  0%)
05:      0/24(  0%)     0/4(  0%)      0/4(  0%)       0/4(  0%)
06:      2/24(  8%)     0/4(  0%)      0/4(  0%)       0/4(  0%)
07:      1/24(  4%)     0/4(  0%)      0/4(  0%)       0/4(  0%)
08:      0/24(  0%)     0/4(  0%)      0/4(  0%)       0/4(  0%)
09:      0/24(  0%)     0/4(  0%)      0/4(  0%)       0/4(  0%)
10:      0/24(  0%)     0/4(  0%)      0/4(  0%)       0/4(  0%)
11:      0/24(  0%)     0/4(  0%)      0/4(  0%)       0/4(  0%)
12:      0/24(  0%)     0/4(  0%)      0/4(  0%)       0/4(  0%)
13:      1/24(  4%)     0/4(  0%)      0/4(  0%)       0/4(  0%)
14:      1/24(  4%)     0/4(  0%)      0/4(  0%)       0/4(  0%)
15:      0/24(  0%)     0/4(  0%)      0/4(  0%)       0/4(  0%)
16:      1/24(  4%)     0/4(  0%)      0/4(  0%)       0/4(  0%)
17:      2/24(  8%)     0/4(  0%)      0/4(  0%)       0/4(  0%)
18:      0/24(  0%)     0/4(  0%)      0/4(  0%)       0/4(  0%)
19:      1/24(  4%)     0/4(  0%)      0/4(  0%)       0/4(  0%)
20:      1/24(  4%)     0/4(  0%)      0/4(  0%)       0/4(  0%)
21:      2/24(  8%)     0/4(  0%)      0/4(  0%)       0/4(  0%)
22:      1/24(  4%)     0/4(  0%)      0/4(  0%)       0/4(  0%)
23:      1/24(  4%)     0/4(  0%)      0/4(  0%)       0/4(  0%)
24:      0/24(  0%)     0/4(  0%)      0/4(  0%)       0/4(  0%)
EA:      0/24(  0%)     0/4(  0%)      0/4(  0%)       0/4(  0%)


Device-Specific Information:    c:\max2work\lab4sem1\fifolifocode\lifocode.rpt
lifocode

** CLOCK SIGNALS **

Type     Fan-out       Name
INPUT       78         CLK


Device-Specific Information:    c:\max2work\lab4sem1\fifolifocode\lifocode.rpt
lifocode

** CLEAR SIGNALS **

Type     Fan-out       Name
INPUT       78         Reset


Device-Specific Information:    c:\max2work\lab4sem1\fifolifocode\lifocode.rpt
lifocode

** EQUATIONS **

CLK      : INPUT;
DI0      : INPUT;
DI1      : INPUT;
DI2      : INPUT;
DI3      : INPUT;
DI4      : INPUT;
DI5      : INPUT;
DI6      : INPUT;
DI7      : INPUT;
RD       : INPUT;
Reset    : INPUT;
WR       : INPUT;

-- Node name is ':36' = 'count0' 
-- Equation name is 'count0', location is LC6_B13, type is buried.
count0   = DFFE( _LC7_B13, GLOBAL( CLK), GLOBAL(!Reset),  VCC,  VCC);

-- Node name is ':35' = 'count1' 
-- Equation name is 'count1', location is LC3_B21, type is buried.
count1   = DFFE( _LC8_B18, GLOBAL( CLK), GLOBAL(!Reset),  VCC,  VCC);

-- Node name is ':34' = 'count2' 
-- Equation name is 'count2', location is LC4_B13, type is buried.
count2   = DFFE( _LC1_B13, GLOBAL( CLK), GLOBAL(!Reset),  VCC,  VCC);

-- Node name is ':33' = 'count3' 
-- Equation name is 'count3', location is LC4_B23, type is buried.
count3   = DFFE( _LC3_B16, GLOBAL( CLK), GLOBAL(!Reset),  VCC,  VCC);

-- Node name is ':44' = 'dffArr0_0' 
-- Equation name is 'dffArr0_0', location is LC5_C10, type is buried.
dffArr0_0 = DFFE( _EQ001, GLOBAL( CLK), GLOBAL(!Reset),  VCC,  VCC);
  _EQ001 =  dffArr0_0 &  _LC8_A1
         #  dffArr0_0 &  _LC6_A2
         #  DI0 & !_LC6_A2 & !_LC8_A1;

-- Node name is ':43' = 'dffArr0_1' 
-- Equation name is 'dffArr0_1', location is LC6_C10, type is buried.
dffArr0_1 = DFFE( _EQ002, GLOBAL( CLK), GLOBAL(!Reset),  VCC,  VCC);
  _EQ002 =  dffArr0_1 &  _LC8_A1
         #  dffArr0_1 &  _LC6_A2
         #  DI1 & !_LC6_A2 & !_LC8_A1;

-- Node name is ':42' = 'dffArr0_2' 
-- Equation name is 'dffArr0_2', location is LC6_C11, type is buried.
dffArr0_2 = DFFE( _EQ003, GLOBAL( CLK), GLOBAL(!Reset),  VCC,  VCC);
  _EQ003 =  dffArr0_2 &  _LC8_A1
         #  dffArr0_2 &  _LC6_A2
         #  DI2 & !_LC6_A2 & !_LC8_A1;

-- Node name is ':41' = 'dffArr0_3' 
-- Equation name is 'dffArr0_3', location is LC6_A8, type is buried.
dffArr0_3 = DFFE( _EQ004, GLOBAL( CLK), GLOBAL(!Reset),  VCC,  VCC);
  _EQ004 =  dffArr0_3 &  _LC8_A1
         #  dffArr0_3 &  _LC6_A2
         #  DI3 & !_LC6_A2 & !_LC8_A1;

-- Node name is ':40' = 'dffArr0_4' 
-- Equation name is 'dffArr0_4', location is LC6_B11, type is buried.
dffArr0_4 = DFFE( _EQ005, GLOBAL( CLK), GLOBAL(!Reset),  VCC,  VCC);
  _EQ005 =  dffArr0_4 &  _LC8_A1
         #  dffArr0_4 &  _LC6_A2
         #  DI4 & !_LC6_A2 & !_LC8_A1;

-- Node name is ':39' = 'dffArr0_5' 
-- Equation name is 'dffArr0_5', location is LC5_C11, type is buried.
dffArr0_5 = DFFE( _EQ006, GLOBAL( CLK), GLOBAL(!Reset),  VCC,  VCC);
  _EQ006 =  dffArr0_5 &  _LC8_A1
         #  dffArr0_5 &  _LC6_A2
         #  DI5 & !_LC6_A2 & !_LC8_A1;

-- Node name is ':38' = 'dffArr0_6' 
-- Equation name is 'dffArr0_6', location is LC4_A5, type is buried.
dffArr0_6 = DFFE( _EQ007, GLOBAL( CLK), GLOBAL(!Reset),  VCC,  VCC);
  _EQ007 =  dffArr0_6 &  _LC8_A1
         #  dffArr0_6 &  _LC6_A2
         #  DI6 & !_LC6_A2 & !_LC8_A1;

-- Node name is ':37' = 'dffArr0_7' 
-- Equation name is 'dffArr0_7', location is LC5_B11, type is buried.
dffArr0_7 = DFFE( _EQ008, GLOBAL( CLK), GLOBAL(!Reset),  VCC,  VCC);
  _EQ008 =  dffArr0_7 &  _LC8_A1
         #  dffArr0_7 &  _LC6_A2
         #  DI7 & !_LC6_A2 & !_LC8_A1;

-- Node name is ':52' = 'dffArr1_0' 
-- Equation name is 'dffArr1_0', location is LC4_C10, type is buried.
dffArr1_0 = DFFE( _EQ009, GLOBAL( CLK), GLOBAL(!Reset),  VCC,  VCC);
  _EQ009 =  dffArr1_0 &  _LC8_A1
         #  dffArr1_0 & !_LC6_A2
         #  DI0 &  _LC6_A2 & !_LC8_A1;

-- Node name is ':51' = 'dffArr1_1' 
-- Equation name is 'dffArr1_1', location is LC3_C10, type is buried.
dffArr1_1 = DFFE( _EQ010, GLOBAL( CLK), GLOBAL(!Reset),  VCC,  VCC);
  _EQ010 =  dffArr1_1 &  _LC8_A1
         #  dffArr1_1 & !_LC6_A2
         #  DI1 &  _LC6_A2 & !_LC8_A1;

-- Node name is ':50' = 'dffArr1_2' 
-- Equation name is 'dffArr1_2', location is LC3_C11, type is buried.
dffArr1_2 = DFFE( _EQ011, GLOBAL( CLK), GLOBAL(!Reset),  VCC,  VCC);
  _EQ011 =  dffArr1_2 &  _LC8_A1
         #  dffArr1_2 & !_LC6_A2
         #  DI2 &  _LC6_A2 & !_LC8_A1;

-- Node name is ':49' = 'dffArr1_3' 
-- Equation name is 'dffArr1_3', location is LC3_A8, type is buried.
dffArr1_3 = DFFE( _EQ012, GLOBAL( CLK), GLOBAL(!Reset),  VCC,  VCC);
  _EQ012 =  dffArr1_3 &  _LC8_A1
         #  dffArr1_3 & !_LC6_A2
         #  DI3 &  _LC6_A2 & !_LC8_A1;

-- Node name is ':48' = 'dffArr1_4' 
-- Equation name is 'dffArr1_4', location is LC3_B11, type is buried.
dffArr1_4 = DFFE( _EQ013, GLOBAL( CLK), GLOBAL(!Reset),  VCC,  VCC);
  _EQ013 =  dffArr1_4 &  _LC8_A1
         #  dffArr1_4 & !_LC6_A2
         #  DI4 &  _LC6_A2 & !_LC8_A1;

-- Node name is ':47' = 'dffArr1_5' 
-- Equation name is 'dffArr1_5', location is LC2_C11, type is buried.
dffArr1_5 = DFFE( _EQ014, GLOBAL( CLK), GLOBAL(!Reset),  VCC,  VCC);
  _EQ014 =  dffArr1_5 &  _LC8_A1
         #  dffArr1_5 & !_LC6_A2
         #  DI5 &  _LC6_A2 & !_LC8_A1;

-- Node name is ':46' = 'dffArr1_6' 
-- Equation name is 'dffArr1_6', location is LC1_A8, type is buried.
dffArr1_6 = DFFE( _EQ015, GLOBAL( CLK), GLOBAL(!Reset),  VCC,  VCC);
  _EQ015 =  dffArr1_6 &  _LC8_A1
         #  dffArr1_6 & !_LC6_A2
         #  DI6 &  _LC6_A2 & !_LC8_A1;

-- Node name is ':45' = 'dffArr1_7' 
-- Equation name is 'dffArr1_7', location is LC4_B11, type is buried.
dffArr1_7 = DFFE( _EQ016, GLOBAL( CLK), GLOBAL(!Reset),  VCC,  VCC);
  _EQ016 =  dffArr1_7 &  _LC8_A1
         #  dffArr1_7 & !_LC6_A2
         #  DI7 &  _LC6_A2 & !_LC8_A1;

-- Node name is ':60' = 'dffArr2_0' 
-- Equation name is 'dffArr2_0', location is LC4_C23, type is buried.
dffArr2_0 = DFFE( _EQ017, GLOBAL( CLK), GLOBAL(!Reset),  VCC,  VCC);
  _EQ017 =  dffArr2_0 &  _LC5_A1
         #  DI0 & !_LC5_A1;

-- Node name is ':59' = 'dffArr2_1' 
-- Equation name is 'dffArr2_1', location is LC6_C18, type is buried.
dffArr2_1 = DFFE( _EQ018, GLOBAL( CLK), GLOBAL(!Reset),  VCC,  VCC);
  _EQ018 =  dffArr2_1 &  _LC5_A1
         #  DI1 & !_LC5_A1;

-- Node name is ':58' = 'dffArr2_2' 
-- Equation name is 'dffArr2_2', location is LC5_C18, type is buried.
dffArr2_2 = DFFE( _EQ019, GLOBAL( CLK), GLOBAL(!Reset),  VCC,  VCC);
  _EQ019 =  dffArr2_2 &  _LC5_A1
         #  DI2 & !_LC5_A1;

-- Node name is ':57' = 'dffArr2_3' 
-- Equation name is 'dffArr2_3', location is LC4_A20, type is buried.
dffArr2_3 = DFFE( _EQ020, GLOBAL( CLK), GLOBAL(!Reset),  VCC,  VCC);
  _EQ020 =  dffArr2_3 &  _LC5_A1
         #  DI3 & !_LC5_A1;

-- Node name is ':56' = 'dffArr2_4' 
-- Equation name is 'dffArr2_4', location is LC4_C18, type is buried.
dffArr2_4 = DFFE( _EQ021, GLOBAL( CLK), GLOBAL(!Reset),  VCC,  VCC);
  _EQ021 =  dffArr2_4 &  _LC5_A1
         #  DI4 & !_LC5_A1;

-- Node name is ':55' = 'dffArr2_5' 
-- Equation name is 'dffArr2_5', location is LC2_C23, type is buried.
dffArr2_5 = DFFE( _EQ022, GLOBAL( CLK), GLOBAL(!Reset),  VCC,  VCC);
  _EQ022 =  dffArr2_5 &  _LC5_A1
         #  DI5 & !_LC5_A1;

-- Node name is ':54' = 'dffArr2_6' 
-- Equation name is 'dffArr2_6', location is LC5_A19, type is buried.
dffArr2_6 = DFFE( _EQ023, GLOBAL( CLK), GLOBAL(!Reset),  VCC,  VCC);
  _EQ023 =  dffArr2_6 &  _LC5_A1
         #  DI6 & !_LC5_A1;

-- Node name is ':53' = 'dffArr2_7' 
-- Equation name is 'dffArr2_7', location is LC2_A21, type is buried.
dffArr2_7 = DFFE( _EQ024, GLOBAL( CLK), GLOBAL(!Reset),  VCC,  VCC);
  _EQ024 =  dffArr2_7 &  _LC5_A1
         #  DI7 & !_LC5_A1;

-- Node name is ':68' = 'dffArr3_0' 
-- Equation name is 'dffArr3_0', location is LC6_C23, type is buried.
dffArr3_0 = DFFE( _EQ025, GLOBAL( CLK), GLOBAL(!Reset),  VCC,  VCC);
  _EQ025 =  dffArr3_0 &  _LC7_A1
         #  DI0 & !_LC7_A1;

-- Node name is ':67' = 'dffArr3_1' 
-- Equation name is 'dffArr3_1', location is LC1_C17, type is buried.
dffArr3_1 = DFFE( _EQ026, GLOBAL( CLK), GLOBAL(!Reset),  VCC,  VCC);
  _EQ026 =  dffArr3_1 &  _LC7_A1
         #  DI1 & !_LC7_A1;

-- Node name is ':66' = 'dffArr3_2' 
-- Equation name is 'dffArr3_2', location is LC8_C18, type is buried.
dffArr3_2 = DFFE( _EQ027, GLOBAL( CLK), GLOBAL(!Reset),  VCC,  VCC);
  _EQ027 =  dffArr3_2 &  _LC7_A1
         #  DI2 & !_LC7_A1;

-- Node name is ':65' = 'dffArr3_3' 
-- Equation name is 'dffArr3_3', location is LC6_A20, type is buried.
dffArr3_3 = DFFE( _EQ028, GLOBAL( CLK), GLOBAL(!Reset),  VCC,  VCC);
  _EQ028 =  dffArr3_3 &  _LC7_A1
         #  DI3 & !_LC7_A1;

-- Node name is ':64' = 'dffArr3_4' 
-- Equation name is 'dffArr3_4', location is LC7_C18, type is buried.
dffArr3_4 = DFFE( _EQ029, GLOBAL( CLK), GLOBAL(!Reset),  VCC,  VCC);
  _EQ029 =  dffArr3_4 &  _LC7_A1
         #  DI4 & !_LC7_A1;

-- Node name is ':63' = 'dffArr3_5' 
-- Equation name is 'dffArr3_5', location is LC5_C23, type is buried.
dffArr3_5 = DFFE( _EQ030, GLOBAL( CLK), GLOBAL(!Reset),  VCC,  VCC);
  _EQ030 =  dffArr3_5 &  _LC7_A1
         #  DI5 & !_LC7_A1;

-- Node name is ':62' = 'dffArr3_6' 
-- Equation name is 'dffArr3_6', location is LC6_A19, type is buried.
dffArr3_6 = DFFE( _EQ031, GLOBAL( CLK), GLOBAL(!Reset),  VCC,  VCC);
  _EQ031 =  dffArr3_6 &  _LC7_A1
         #  DI6 & !_LC7_A1;

-- Node name is ':61' = 'dffArr3_7' 
-- Equation name is 'dffArr3_7', location is LC3_A21, type is buried.
dffArr3_7 = DFFE( _EQ032, GLOBAL( CLK), GLOBAL(!Reset),  VCC,  VCC);
  _EQ032 =  dffArr3_7 &  _LC7_A1
         #  DI7 & !_LC7_A1;

-- Node name is ':76' = 'dffArr4_0' 
-- Equation name is 'dffArr4_0', location is LC7_C8, type is buried.
dffArr4_0 = DFFE( _EQ033, GLOBAL( CLK), GLOBAL(!Reset),  VCC,  VCC);
  _EQ033 =  DI0 & !_LC1_A1 & !_LC1_B6
         #  dffArr4_0 &  _LC1_B6
         #  dffArr4_0 &  _LC1_A1;

-- Node name is ':75' = 'dffArr4_1' 
-- Equation name is 'dffArr4_1', location is LC6_B10, type is buried.
dffArr4_1 = DFFE( _EQ034, GLOBAL( CLK), GLOBAL(!Reset),  VCC,  VCC);
  _EQ034 =  DI1 & !_LC1_A1 & !_LC1_B6
         #  dffArr4_1 &  _LC1_B6
         #  dffArr4_1 &  _LC1_A1;

-- Node name is ':74' = 'dffArr4_2' 
-- Equation name is 'dffArr4_2', location is LC5_C12, type is buried.
dffArr4_2 = DFFE( _EQ035, GLOBAL( CLK), GLOBAL(!Reset),  VCC,  VCC);
  _EQ035 =  DI2 & !_LC1_A1 & !_LC1_B6
         #  dffArr4_2 &  _LC1_B6
         #  dffArr4_2 &  _LC1_A1;

-- Node name is ':73' = 'dffArr4_3' 
-- Equation name is 'dffArr4_3', location is LC6_A12, type is buried.
dffArr4_3 = DFFE( _EQ036, GLOBAL( CLK), GLOBAL(!Reset),  VCC,  VCC);
  _EQ036 =  DI3 & !_LC1_A1 & !_LC1_B6
         #  dffArr4_3 &  _LC1_B6
         #  dffArr4_3 &  _LC1_A1;

-- Node name is ':72' = 'dffArr4_4' 
-- Equation name is 'dffArr4_4', location is LC6_B8, type is buried.
dffArr4_4 = DFFE( _EQ037, GLOBAL( CLK), GLOBAL(!Reset),  VCC,  VCC);
  _EQ037 =  DI4 & !_LC1_A1 & !_LC1_B6
         #  dffArr4_4 &  _LC1_B6
         #  dffArr4_4 &  _LC1_A1;

-- Node name is ':71' = 'dffArr4_5' 
-- Equation name is 'dffArr4_5', location is LC5_C9, type is buried.
dffArr4_5 = DFFE( _EQ038, GLOBAL( CLK), GLOBAL(!Reset),  VCC,  VCC);
  _EQ038 =  DI5 & !_LC1_A1 & !_LC1_B6
         #  dffArr4_5 &  _LC1_B6
         #  dffArr4_5 &  _LC1_A1;

-- Node name is ':70' = 'dffArr4_6' 
-- Equation name is 'dffArr4_6', location is LC5_A9, type is buried.
dffArr4_6 = DFFE( _EQ039, GLOBAL( CLK), GLOBAL(!Reset),  VCC,  VCC);
  _EQ039 =  DI6 & !_LC1_A1 & !_LC1_B6
         #  dffArr4_6 &  _LC1_B6
         #  dffArr4_6 &  _LC1_A1;

-- Node name is ':69' = 'dffArr4_7' 
-- Equation name is 'dffArr4_7', location is LC5_B10, type is buried.
dffArr4_7 = DFFE( _EQ040, GLOBAL( CLK), GLOBAL(!Reset),  VCC,  VCC);
  _EQ040 =  DI7 & !_LC1_A1 & !_LC1_B6
         #  dffArr4_7 &  _LC1_B6
         #  dffArr4_7 &  _LC1_A1;

-- Node name is ':84' = 'dffArr5_0' 
-- Equation name is 'dffArr5_0', location is LC6_C8, type is buried.
dffArr5_0 = DFFE( _EQ041, GLOBAL( CLK), GLOBAL(!Reset),  VCC,  VCC);
  _EQ041 =  DI0 & !_LC1_A1 &  _LC1_B6
         #  dffArr5_0 & !_LC1_B6
         #  dffArr5_0 &  _LC1_A1;

-- Node name is ':83' = 'dffArr5_1' 
-- Equation name is 'dffArr5_1', location is LC8_B10, type is buried.
dffArr5_1 = DFFE( _EQ042, GLOBAL( CLK), GLOBAL(!Reset),  VCC,  VCC);
  _EQ042 =  DI1 & !_LC1_A1 &  _LC1_B6
         #  dffArr5_1 & !_LC1_B6
         #  dffArr5_1 &  _LC1_A1;

-- Node name is ':82' = 'dffArr5_2' 
-- Equation name is 'dffArr5_2', location is LC7_C12, type is buried.
dffArr5_2 = DFFE( _EQ043, GLOBAL( CLK), GLOBAL(!Reset),  VCC,  VCC);
  _EQ043 =  DI2 & !_LC1_A1 &  _LC1_B6
         #  dffArr5_2 & !_LC1_B6
         #  dffArr5_2 &  _LC1_A1;

-- Node name is ':81' = 'dffArr5_3' 
-- Equation name is 'dffArr5_3', location is LC7_A12, type is buried.
dffArr5_3 = DFFE( _EQ044, GLOBAL( CLK), GLOBAL(!Reset),  VCC,  VCC);
  _EQ044 =  DI3 & !_LC1_A1 &  _LC1_B6
         #  dffArr5_3 & !_LC1_B6
         #  dffArr5_3 &  _LC1_A1;

-- Node name is ':80' = 'dffArr5_4' 
-- Equation name is 'dffArr5_4', location is LC7_B8, type is buried.
dffArr5_4 = DFFE( _EQ045, GLOBAL( CLK), GLOBAL(!Reset),  VCC,  VCC);
  _EQ045 =  DI4 & !_LC1_A1 &  _LC1_B6
         #  dffArr5_4 & !_LC1_B6
         #  dffArr5_4 &  _LC1_A1;

-- Node name is ':79' = 'dffArr5_5' 
-- Equation name is 'dffArr5_5', location is LC6_C9, type is buried.
dffArr5_5 = DFFE( _EQ046, GLOBAL( CLK), GLOBAL(!Reset),  VCC,  VCC);
  _EQ046 =  DI5 & !_LC1_A1 &  _LC1_B6
         #  dffArr5_5 & !_LC1_B6
         #  dffArr5_5 &  _LC1_A1;

-- Node name is ':78' = 'dffArr5_6' 
-- Equation name is 'dffArr5_6', location is LC6_A9, type is buried.
dffArr5_6 = DFFE( _EQ047, GLOBAL( CLK), GLOBAL(!Reset),  VCC,  VCC);
  _EQ047 =  DI6 & !_LC1_A1 &  _LC1_B6
         #  dffArr5_6 & !_LC1_B6
         #  dffArr5_6 &  _LC1_A1;

-- Node name is ':77' = 'dffArr5_7' 
-- Equation name is 'dffArr5_7', location is LC7_B10, type is buried.
dffArr5_7 = DFFE( _EQ048, GLOBAL( CLK), GLOBAL(!Reset),  VCC,  VCC);
  _EQ048 =  DI7 & !_LC1_A1 &  _LC1_B6
         #  dffArr5_7 & !_LC1_B6
         #  dffArr5_7 &  _LC1_A1;

-- Node name is ':92' = 'dffArr6_0' 
-- Equation name is 'dffArr6_0', location is LC4_C8, type is buried.
dffArr6_0 = DFFE( _EQ049, GLOBAL( CLK), GLOBAL(!Reset),  VCC,  VCC);
  _EQ049 =  DI0 & !_LC1_B6 &  _LC3_A1
         #  dffArr6_0 & !_LC3_A1
         #  dffArr6_0 &  _LC1_B6;

-- Node name is ':91' = 'dffArr6_1' 
-- Equation name is 'dffArr6_1', location is LC1_B12, type is buried.
dffArr6_1 = DFFE( _EQ050, GLOBAL( CLK), GLOBAL(!Reset),  VCC,  VCC);
  _EQ050 =  DI1 & !_LC1_B6 &  _LC3_A1
         #  dffArr6_1 & !_LC3_A1
         #  dffArr6_1 &  _LC1_B6;

-- Node name is ':90' = 'dffArr6_2' 
-- Equation name is 'dffArr6_2', location is LC3_C12, type is buried.
dffArr6_2 = DFFE( _EQ051, GLOBAL( CLK), GLOBAL(!Reset),  VCC,  VCC);
  _EQ051 =  DI2 & !_LC1_B6 &  _LC3_A1
         #  dffArr6_2 & !_LC3_A1
         #  dffArr6_2 &  _LC1_B6;

-- Node name is ':89' = 'dffArr6_3' 
-- Equation name is 'dffArr6_3', location is LC4_A12, type is buried.
dffArr6_3 = DFFE( _EQ052, GLOBAL( CLK), GLOBAL(!Reset),  VCC,  VCC);
  _EQ052 =  DI3 & !_LC1_B6 &  _LC3_A1
         #  dffArr6_3 & !_LC3_A1
         #  dffArr6_3 &  _LC1_B6;

-- Node name is ':88' = 'dffArr6_4' 
-- Equation name is 'dffArr6_4', location is LC4_B8, type is buried.
dffArr6_4 = DFFE( _EQ053, GLOBAL( CLK), GLOBAL(!Reset),  VCC,  VCC);
  _EQ053 =  DI4 & !_LC1_B6 &  _LC3_A1
         #  dffArr6_4 & !_LC3_A1
         #  dffArr6_4 &  _LC1_B6;

-- Node name is ':87' = 'dffArr6_5' 
-- Equation name is 'dffArr6_5', location is LC2_C9, type is buried.
dffArr6_5 = DFFE( _EQ054, GLOBAL( CLK), GLOBAL(!Reset),  VCC,  VCC);
  _EQ054 =  DI5 & !_LC1_B6 &  _LC3_A1
         #  dffArr6_5 & !_LC3_A1
         #  dffArr6_5 &  _LC1_B6;

-- Node name is ':86' = 'dffArr6_6' 
-- Equation name is 'dffArr6_6', location is LC2_A9, type is buried.
dffArr6_6 = DFFE( _EQ055, GLOBAL( CLK), GLOBAL(!Reset),  VCC,  VCC);
  _EQ055 =  DI6 & !_LC1_B6 &  _LC3_A1
         #  dffArr6_6 & !_LC3_A1
         #  dffArr6_6 &  _LC1_B6;

-- Node name is ':85' = 'dffArr6_7' 
-- Equation name is 'dffArr6_7', location is LC5_B12, type is buried.
dffArr6_7 = DFFE( _EQ056, GLOBAL( CLK), GLOBAL(!Reset),  VCC,  VCC);
  _EQ056 =  DI7 & !_LC1_B6 &  _LC3_A1
         #  dffArr6_7 & !_LC3_A1
         #  dffArr6_7 &  _LC1_B6;

-- Node name is ':100' = 'dffArr7_0' 
-- Equation name is 'dffArr7_0', location is LC5_C8, type is buried.
dffArr7_0 = DFFE( _EQ057, GLOBAL( CLK), GLOBAL(!Reset),  VCC,  VCC);
  _EQ057 =  DI0 &  _LC1_B6 &  _LC3_A1
         #  dffArr7_0 & !_LC3_A1
         #  dffArr7_0 & !_LC1_B6;

-- Node name is ':99' = 'dffArr7_1' 
-- Equation name is 'dffArr7_1', location is LC4_B12, type is buried.
dffArr7_1 = DFFE( _EQ058, GLOBAL( CLK), GLOBAL(!Reset),  VCC,  VCC);
  _EQ058 =  DI1 &  _LC1_B6 &  _LC3_A1
         #  dffArr7_1 & !_LC3_A1
         #  dffArr7_1 & !_LC1_B6;

-- Node name is ':98' = 'dffArr7_2' 
-- Equation name is 'dffArr7_2', location is LC4_C12, type is buried.
dffArr7_2 = DFFE( _EQ059, GLOBAL( CLK), GLOBAL(!Reset),  VCC,  VCC);
  _EQ059 =  DI2 &  _LC1_B6 &  _LC3_A1
         #  dffArr7_2 & !_LC3_A1
         #  dffArr7_2 & !_LC1_B6;

-- Node name is ':97' = 'dffArr7_3' 
-- Equation name is 'dffArr7_3', location is LC5_A12, type is buried.
dffArr7_3 = DFFE( _EQ060, GLOBAL( CLK), GLOBAL(!Reset),  VCC,  VCC);
  _EQ060 =  DI3 &  _LC1_B6 &  _LC3_A1
         #  dffArr7_3 & !_LC3_A1
         #  dffArr7_3 & !_LC1_B6;

-- Node name is ':96' = 'dffArr7_4' 
-- Equation name is 'dffArr7_4', location is LC5_B8, type is buried.
dffArr7_4 = DFFE( _EQ061, GLOBAL( CLK), GLOBAL(!Reset),  VCC,  VCC);
  _EQ061 =  DI4 &  _LC1_B6 &  _LC3_A1
         #  dffArr7_4 & !_LC3_A1
         #  dffArr7_4 & !_LC1_B6;

-- Node name is ':95' = 'dffArr7_5' 
-- Equation name is 'dffArr7_5', location is LC4_C9, type is buried.
dffArr7_5 = DFFE( _EQ062, GLOBAL( CLK), GLOBAL(!Reset),  VCC,  VCC);
  _EQ062 =  DI5 &  _LC1_B6 &  _LC3_A1
         #  dffArr7_5 & !_LC3_A1
         #  dffArr7_5 & !_LC1_B6;

-- Node name is ':94' = 'dffArr7_6' 
-- Equation name is 'dffArr7_6', location is LC3_A9, type is buried.
dffArr7_6 = DFFE( _EQ063, GLOBAL( CLK), GLOBAL(!Reset),  VCC,  VCC);
  _EQ063 =  DI6 &  _LC1_B6 &  _LC3_A1
         #  dffArr7_6 & !_LC3_A1
         #  dffArr7_6 & !_LC1_B6;

-- Node name is ':93' = 'dffArr7_7' 
-- Equation name is 'dffArr7_7', location is LC3_B12, type is buried.
dffArr7_7 = DFFE( _EQ064, GLOBAL( CLK), GLOBAL(!Reset),  VCC,  VCC);
  _EQ064 =  DI7 &  _LC1_B6 &  _LC3_A1
         #  dffArr7_7 & !_LC3_A1
         #  dffArr7_7 & !_LC1_B6;

-- Node name is 'DO0' 
-- Equation name is 'DO0', type is output 
DO0      =  _LC5_C14;

-- Node name is 'DO1' 
-- Equation name is 'DO1', type is output 
DO1      =  _LC4_B24;

-- Node name is 'DO2' 
-- Equation name is 'DO2', type is output 
DO2      =  _LC7_C14;

-- Node name is 'DO3' 
-- Equation name is 'DO3', type is output 
DO3      =  _LC5_A20;

-- Node name is 'DO4' 
-- Equation name is 'DO4', type is output 
DO4      =  _LC7_B15;

-- Node name is 'DO5' 
-- Equation name is 'DO5', type is output 
DO5      =  _LC6_C14;

-- Node name is 'DO6' 
-- Equation name is 'DO6', type is output 
DO6      =  _LC8_A19;

-- Node name is 'DO7' 
-- Equation name is 'DO7', type is output 
DO7      =  _LC8_B15;

-- Node name is 'Empty' 
-- Equation name is 'Empty', type is output 
Empty    =  _LC3_B13;

-- Node name is 'Full' 
-- Equation name is 'Full', type is output 
Full     =  _LC5_B13;

-- Node name is '|LPM_ADD_SUB:3993|addcore:adder|pcarry1' from file "addcore.tdf" line 312, column 40
-- Equation name is '_LC3_B22', type is buried 
_LC3_B22 = LCELL( _EQ065);
  _EQ065 =  count1
         #  count0;

-- Node name is '|LPM_ADD_SUB:3993|addcore:adder|pcarry2' from file "addcore.tdf" line 312, column 40
-- Equation name is '_LC2_B16', type is buried 
_LC2_B16 = LCELL( _EQ066);
  _EQ066 =  count2
         #  _LC3_B22;

-- Node name is ':13' 
-- Equation name is '_LC5_B13', type is buried 
_LC5_B13 = DFFE( _EQ067, GLOBAL( CLK), GLOBAL(!Reset),  VCC,  VCC);
  _EQ067 = !_LC1_B13 &  _LC3_B16 & !_LC7_B13 & !_LC8_B18;

-- Node name is ':15' 
-- Equation name is '_LC3_B13', type is buried 
!_LC3_B13 = _LC3_B13~NOT;
_LC3_B13~NOT = DFFE( _EQ068, GLOBAL( CLK), GLOBAL(!Reset),  VCC,  VCC);
  _EQ068 =  _LC1_B13
         #  _LC7_B13
         #  _LC8_B18
         #  _LC3_B16;

-- Node name is ':17' 
-- Equation name is '_LC8_B15', type is buried 
_LC8_B15 = DFFE( _EQ069, GLOBAL( CLK), GLOBAL(!Reset),  VCC,  VCC);
  _EQ069 =  _LC1_B15 &  _LC2_A16
         #  _LC2_A16 &  _LC2_B10
         # !_LC2_A16 &  _LC8_B15;

-- Node name is ':19' 
-- Equation name is '_LC8_A19', type is buried 
_LC8_A19 = DFFE( _EQ070, GLOBAL( CLK), GLOBAL(!Reset),  VCC,  VCC);
  _EQ070 =  _LC2_A16 &  _LC4_A19
         #  _LC2_A16 &  _LC3_A19
         # !_LC2_A16 &  _LC8_A19;

-- Node name is ':21' 
-- Equation name is '_LC6_C14', type is buried 
_LC6_C14 = DFFE( _EQ071, GLOBAL( CLK), GLOBAL(!Reset),  VCC,  VCC);
  _EQ071 =  _LC1_C14 &  _LC2_A16
         #  _LC2_A16 &  _LC4_C14
         # !_LC2_A16 &  _LC6_C14;

-- Node name is ':23' 
-- Equation name is '_LC7_B15', type is buried 
_LC7_B15 = DFFE( _EQ072, GLOBAL( CLK), GLOBAL(!Reset),  VCC,  VCC);
  _EQ072 =  _LC2_A16 &  _LC2_B15
         #  _LC1_B8 &  _LC2_A16
         # !_LC2_A16 &  _LC7_B15;

-- Node name is ':25' 
-- Equation name is '_LC5_A20', type is buried 
_LC5_A20 = DFFE( _EQ073, GLOBAL( CLK), GLOBAL(!Reset),  VCC,  VCC);
  _EQ073 =  _LC2_A16 &  _LC3_A20
         #  _LC1_A12 &  _LC2_A16
         # !_LC2_A16 &  _LC5_A20;

-- Node name is ':27' 
-- Equation name is '_LC7_C14', type is buried 
_LC7_C14 = DFFE( _EQ074, GLOBAL( CLK), GLOBAL(!Reset),  VCC,  VCC);
  _EQ074 =  _LC2_A16 &  _LC3_C14
         #  _LC2_A16 &  _LC6_C12
         # !_LC2_A16 &  _LC7_C14;

-- Node name is ':29' 
-- Equation name is '_LC4_B24', type is buried 
_LC4_B24 = DFFE( _EQ075, GLOBAL( CLK), GLOBAL(!Reset),  VCC,  VCC);
  _EQ075 =  _LC1_C20 &  _LC2_A16
         #  _LC1_B10 &  _LC2_A16
         # !_LC2_A16 &  _LC4_B24;

-- Node name is ':31' 
-- Equation name is '_LC5_C14', type is buried 
_LC5_C14 = DFFE( _EQ076, GLOBAL( CLK), GLOBAL(!Reset),  VCC,  VCC);
  _EQ076 =  _LC2_A16 &  _LC2_C14
         #  _LC1_C8 &  _LC2_A16
         # !_LC2_A16 &  _LC5_C14;

-- Node name is ':3414' 
-- Equation name is '_LC4_A22', type is buried 
_LC4_A22 = LCELL( _EQ077);
  _EQ077 =  count3
         #  count2
         #  _LC3_B22;

-- Node name is '~3431~1' 
-- Equation name is '~3431~1', location is LC4_A1, type is buried.
-- synthesized logic cell 
_LC4_A1  = LCELL( _EQ078);
  _EQ078 = !_LC1_A10 & !_LC1_B19 &  _LC2_A1 & !_LC8_A24;

-- Node name is '~3431~2' 
-- Equation name is '~3431~2', location is LC3_A1, type is buried.
-- synthesized logic cell 
!_LC3_A1 = _LC3_A1~NOT;
_LC3_A1~NOT = LCELL( _EQ079);
  _EQ079 =  _LC1_A10
         # !_LC2_A1
         #  _LC1_B19
         # !_LC8_A24;

-- Node name is ':3431' 
-- Equation name is '_LC2_A16', type is buried 
_LC2_A16 = LCELL( _EQ080);
  _EQ080 =  _LC4_A22 &  RD;

-- Node name is ':3459' 
-- Equation name is '_LC2_B20', type is buried 
!_LC2_B20 = _LC2_B20~NOT;
_LC2_B20~NOT = LCELL( _EQ081);
  _EQ081 =  count3
         # !WR;

-- Node name is '~3716~1' 
-- Equation name is '~3716~1', location is LC3_A2, type is buried.
-- synthesized logic cell 
_LC3_A2  = LCELL( _EQ082);
  _EQ082 =  count0 & !count1 &  count2 & !count3
         # !count0 &  count1 &  count2 & !count3;

-- Node name is ':3724' 
-- Equation name is '_LC1_A2', type is buried 
!_LC1_A2 = _LC1_A2~NOT;
_LC1_A2~NOT = LCELL( _EQ083);
  _EQ083 = !_LC2_A11 &  _LC3_A2
         #  _LC1_A22
         #  _LC1_A10;

-- Node name is ':3739' 
-- Equation name is '_LC2_B5', type is buried 
_LC2_B5  = LCELL( _EQ084);
  _EQ084 = !count0
         #  count3
         # !count2;

-- Node name is ':3745' 
-- Equation name is '_LC5_A7', type is buried 
_LC5_A7  = LCELL( _EQ085);
  _EQ085 =  _LC1_B17 & !_LC2_A11
         # !_LC2_A11 &  _LC2_B5;

-- Node name is ':3748' 
-- Equation name is '_LC1_A3', type is buried 
_LC1_A3  = LCELL( _EQ086);
  _EQ086 = !_LC1_A10 &  _LC5_A7
         # !_LC1_A10 &  _LC1_A22;

-- Node name is ':3814' 
-- Equation name is '_LC1_B15', type is buried 
_LC1_B15 = LCELL( _EQ087);
  _EQ087 =  _LC1_A21 &  _LC1_B17
         #  _LC1_B11 &  _LC1_B17
         #  _LC1_A4 &  _LC1_A21
         #  _LC1_A4 &  _LC1_B11;

-- Node name is ':3815' 
-- Equation name is '_LC2_B10', type is buried 
_LC2_B10 = LCELL( _EQ088);
  _EQ088 = !_LC1_A4 & !_LC1_B17 &  _LC8_B12
         # !_LC1_A4 & !_LC1_B17 &  _LC3_B10;

-- Node name is ':3817' 
-- Equation name is '_LC1_B11', type is buried 
_LC1_B11 = LCELL( _EQ089);
  _EQ089 =  dffArr0_7 & !_LC1_A2 & !_LC1_A3
         #  dffArr1_7 & !_LC1_A2 &  _LC1_A3;

-- Node name is ':3818' 
-- Equation name is '_LC1_A21', type is buried 
_LC1_A21 = LCELL( _EQ090);
  _EQ090 =  dffArr2_7 &  _LC1_A2 & !_LC5_A7
         #  dffArr3_7 &  _LC1_A2 &  _LC5_A7;

-- Node name is ':3826' 
-- Equation name is '_LC3_B10', type is buried 
_LC3_B10 = LCELL( _EQ091);
  _EQ091 =  dffArr4_7 & !_LC1_A2 & !_LC2_B5
         #  dffArr5_7 & !_LC1_A2 &  _LC2_B5;

-- Node name is ':3827' 
-- Equation name is '_LC8_B12', type is buried 
_LC8_B12 = LCELL( _EQ092);
  _EQ092 =  dffArr6_7 &  _LC1_A2 & !_LC2_B5
         #  dffArr7_7 &  _LC1_A2 &  _LC2_B5;

-- Node name is ':3835' 
-- Equation name is '_LC4_A19', type is buried 
_LC4_A19 = LCELL( _EQ093);
  _EQ093 =  _LC1_A19 &  _LC1_B17
         #  _LC1_A4 &  _LC1_A19
         #  _LC1_B17 &  _LC2_A19
         #  _LC1_A4 &  _LC2_A19;

-- Node name is ':3836' 
-- Equation name is '_LC3_A19', type is buried 
_LC3_A19 = LCELL( _EQ094);
  _EQ094 = !_LC1_A4 & !_LC1_B17 &  _LC4_A9
         # !_LC1_A4 &  _LC1_A9 & !_LC1_B17;

-- Node name is ':3838' 
-- Equation name is '_LC2_A19', type is buried 
_LC2_A19 = LCELL( _EQ095);
  _EQ095 =  dffArr0_6 & !_LC1_A2 & !_LC1_A3
         #  dffArr1_6 & !_LC1_A2 &  _LC1_A3;

-- Node name is ':3839' 
-- Equation name is '_LC1_A19', type is buried 
_LC1_A19 = LCELL( _EQ096);
  _EQ096 =  dffArr2_6 &  _LC1_A2 & !_LC5_A7
         #  dffArr3_6 &  _LC1_A2 &  _LC5_A7;

-- Node name is ':3847' 
-- Equation name is '_LC1_A9', type is buried 
_LC1_A9  = LCELL( _EQ097);
  _EQ097 =  dffArr4_6 & !_LC1_A2 & !_LC2_B5
         #  dffArr5_6 & !_LC1_A2 &  _LC2_B5;

-- Node name is ':3848' 
-- Equation name is '_LC4_A9', type is buried 
_LC4_A9  = LCELL( _EQ098);
  _EQ098 =  dffArr6_6 &  _LC1_A2 & !_LC2_B5
         #  dffArr7_6 &  _LC1_A2 &  _LC2_B5;

-- Node name is ':3856' 
-- Equation name is '_LC1_C14', type is buried 
_LC1_C14 = LCELL( _EQ099);
  _EQ099 =  _LC1_B17 &  _LC1_C23
         #  _LC1_A4 &  _LC1_C23
         #  _LC1_B17 &  _LC1_C11
         #  _LC1_A4 &  _LC1_C11;

-- Node name is ':3857' 
-- Equation name is '_LC4_C14', type is buried 
_LC4_C14 = LCELL( _EQ100);
  _EQ100 = !_LC1_A4 & !_LC1_B17 &  _LC1_C9
         # !_LC1_A4 & !_LC1_B17 &  _LC3_C9;

-- Node name is ':3859' 
-- Equation name is '_LC1_C11', type is buried 
_LC1_C11 = LCELL( _EQ101);
  _EQ101 =  dffArr0_5 & !_LC1_A2 & !_LC1_A3
         #  dffArr1_5 & !_LC1_A2 &  _LC1_A3;

-- Node name is ':3860' 
-- Equation name is '_LC1_C23', type is buried 
_LC1_C23 = LCELL( _EQ102);
  _EQ102 =  dffArr2_5 &  _LC1_A2 & !_LC5_A7
         #  dffArr3_5 &  _LC1_A2 &  _LC5_A7;

-- Node name is ':3868' 
-- Equation name is '_LC3_C9', type is buried 
_LC3_C9  = LCELL( _EQ103);
  _EQ103 =  dffArr4_5 & !_LC1_A2 & !_LC2_B5
         #  dffArr5_5 & !_LC1_A2 &  _LC2_B5;

-- Node name is ':3869' 
-- Equation name is '_LC1_C9', type is buried 
_LC1_C9  = LCELL( _EQ104);
  _EQ104 =  dffArr6_5 &  _LC1_A2 & !_LC2_B5
         #  dffArr7_5 &  _LC1_A2 &  _LC2_B5;

-- Node name is ':3877' 
-- Equation name is '_LC2_B15', type is buried 
_LC2_B15 = LCELL( _EQ105);
  _EQ105 =  _LC1_B17 &  _LC1_C18
         #  _LC1_A4 &  _LC1_C18
         #  _LC1_B17 &  _LC2_B11
         #  _LC1_A4 &  _LC2_B11;

-- Node name is ':3878' 
-- Equation name is '_LC1_B8', type is buried 
_LC1_B8  = LCELL( _EQ106);
  _EQ106 = !_LC1_A4 & !_LC1_B17 &  _LC2_B8
         # !_LC1_A4 & !_LC1_B17 &  _LC3_B8;

-- Node name is ':3880' 
-- Equation name is '_LC2_B11', type is buried 
_LC2_B11 = LCELL( _EQ107);
  _EQ107 =  dffArr0_4 & !_LC1_A2 & !_LC1_A3
         #  dffArr1_4 & !_LC1_A2 &  _LC1_A3;

-- Node name is ':3881' 
-- Equation name is '_LC1_C18', type is buried 
_LC1_C18 = LCELL( _EQ108);
  _EQ108 =  dffArr2_4 &  _LC1_A2 & !_LC5_A7
         #  dffArr3_4 &  _LC1_A2 &  _LC5_A7;

-- Node name is ':3889' 
-- Equation name is '_LC3_B8', type is buried 
_LC3_B8  = LCELL( _EQ109);
  _EQ109 =  dffArr4_4 & !_LC1_A2 & !_LC2_B5
         #  dffArr5_4 & !_LC1_A2 &  _LC2_B5;

-- Node name is ':3890' 
-- Equation name is '_LC2_B8', type is buried 
_LC2_B8  = LCELL( _EQ110);
  _EQ110 =  dffArr6_4 &  _LC1_A2 & !_LC2_B5
         #  dffArr7_4 &  _LC1_A2 &  _LC2_B5;

-- Node name is ':3898' 
-- Equation name is '_LC3_A20', type is buried 
_LC3_A20 = LCELL( _EQ111);
  _EQ111 =  _LC1_A20 &  _LC1_B17
         #  _LC1_A4 &  _LC1_A20
         #  _LC1_B17 &  _LC2_A20
         #  _LC1_A4 &  _LC2_A20;

-- Node name is ':3899' 
-- Equation name is '_LC1_A12', type is buried 
_LC1_A12 = LCELL( _EQ112);
  _EQ112 = !_LC1_A4 & !_LC1_B17 &  _LC2_A12
         # !_LC1_A4 & !_LC1_B17 &  _LC3_A12;

-- Node name is ':3901' 
-- Equation name is '_LC2_A20', type is buried 
_LC2_A20 = LCELL( _EQ113);
  _EQ113 =  dffArr0_3 & !_LC1_A2 & !_LC1_A3
         #  dffArr1_3 & !_LC1_A2 &  _LC1_A3;

-- Node name is ':3902' 
-- Equation name is '_LC1_A20', type is buried 
_LC1_A20 = LCELL( _EQ114);
  _EQ114 =  dffArr2_3 &  _LC1_A2 & !_LC5_A7
         #  dffArr3_3 &  _LC1_A2 &  _LC5_A7;

-- Node name is ':3910' 
-- Equation name is '_LC3_A12', type is buried 
_LC3_A12 = LCELL( _EQ115);
  _EQ115 =  dffArr4_3 & !_LC1_A2 & !_LC2_B5
         #  dffArr5_3 & !_LC1_A2 &  _LC2_B5;

-- Node name is ':3911' 
-- Equation name is '_LC2_A12', type is buried 
_LC2_A12 = LCELL( _EQ116);
  _EQ116 =  dffArr6_3 &  _LC1_A2 & !_LC2_B5
         #  dffArr7_3 &  _LC1_A2 &  _LC2_B5;

-- Node name is ':3919' 
-- Equation name is '_LC3_C14', type is buried 
_LC3_C14 = LCELL( _EQ117);
  _EQ117 =  _LC1_B17 &  _LC3_C18
         #  _LC1_A4 &  _LC3_C18
         #  _LC1_B17 &  _LC4_C11
         #  _LC1_A4 &  _LC4_C11;

-- Node name is ':3920' 
-- Equation name is '_LC6_C12', type is buried 
_LC6_C12 = LCELL( _EQ118);
  _EQ118 = !_LC1_A4 & !_LC1_B17 &  _LC2_C12
         # !_LC1_A4 & !_LC1_B17 &  _LC1_C12;

-- Node name is ':3922' 
-- Equation name is '_LC4_C11', type is buried 
_LC4_C11 = LCELL( _EQ119);
  _EQ119 =  dffArr0_2 & !_LC1_A2 & !_LC1_A3
         #  dffArr1_2 & !_LC1_A2 &  _LC1_A3;

-- Node name is ':3923' 
-- Equation name is '_LC3_C18', type is buried 
_LC3_C18 = LCELL( _EQ120);
  _EQ120 =  dffArr2_2 &  _LC1_A2 & !_LC5_A7
         #  dffArr3_2 &  _LC1_A2 &  _LC5_A7;

-- Node name is ':3931' 
-- Equation name is '_LC1_C12', type is buried 
_LC1_C12 = LCELL( _EQ121);
  _EQ121 =  dffArr4_2 & !_LC1_A2 & !_LC2_B5
         #  dffArr5_2 & !_LC1_A2 &  _LC2_B5;

-- Node name is ':3932' 
-- Equation name is '_LC2_C12', type is buried 
_LC2_C12 = LCELL( _EQ122);
  _EQ122 =  dffArr6_2 &  _LC1_A2 & !_LC2_B5
         #  dffArr7_2 &  _LC1_A2 &  _LC2_B5;

-- Node name is ':3940' 
-- Equation name is '_LC1_C20', type is buried 
_LC1_C20 = LCELL( _EQ123);
  _EQ123 =  _LC1_B17 &  _LC2_C18
         #  _LC1_A4 &  _LC2_C18
         #  _LC1_B17 &  _LC2_C10
         #  _LC1_A4 &  _LC2_C10;

-- Node name is ':3941' 
-- Equation name is '_LC1_B10', type is buried 
_LC1_B10 = LCELL( _EQ124);
  _EQ124 = !_LC1_A4 & !_LC1_B17 &  _LC2_B12
         # !_LC1_A4 & !_LC1_B17 &  _LC4_B10;

-- Node name is ':3943' 
-- Equation name is '_LC2_C10', type is buried 
_LC2_C10 = LCELL( _EQ125);
  _EQ125 =  dffArr0_1 & !_LC1_A2 & !_LC1_A3
         #  dffArr1_1 & !_LC1_A2 &  _LC1_A3;

-- Node name is ':3944' 
-- Equation name is '_LC2_C18', type is buried 
_LC2_C18 = LCELL( _EQ126);
  _EQ126 =  dffArr2_1 &  _LC1_A2 & !_LC5_A7
         #  dffArr3_1 &  _LC1_A2 &  _LC5_A7;

-- Node name is ':3952' 
-- Equation name is '_LC4_B10', type is buried 
_LC4_B10 = LCELL( _EQ127);
  _EQ127 =  dffArr4_1 & !_LC1_A2 & !_LC2_B5
         #  dffArr5_1 & !_LC1_A2 &  _LC2_B5;

-- Node name is ':3953' 
-- Equation name is '_LC2_B12', type is buried 
_LC2_B12 = LCELL( _EQ128);
  _EQ128 =  dffArr6_1 &  _LC1_A2 & !_LC2_B5
         #  dffArr7_1 &  _LC1_A2 &  _LC2_B5;

-- Node name is ':3961' 
-- Equation name is '_LC2_C14', type is buried 
_LC2_C14 = LCELL( _EQ129);
  _EQ129 =  _LC1_B17 &  _LC3_C23
         #  _LC1_A4 &  _LC3_C23
         #  _LC1_B17 &  _LC1_C10
         #  _LC1_A4 &  _LC1_C10;

-- Node name is ':3962' 
-- Equation name is '_LC1_C8', type is buried 
_LC1_C8  = LCELL( _EQ130);
  _EQ130 = !_LC1_A4 & !_LC1_B17 &  _LC3_C8
         # !_LC1_A4 & !_LC1_B17 &  _LC2_C8;

-- Node name is ':3964' 
-- Equation name is '_LC1_C10', type is buried 
_LC1_C10 = LCELL( _EQ131);
  _EQ131 =  dffArr0_0 & !_LC1_A2 & !_LC1_A3
         #  dffArr1_0 & !_LC1_A2 &  _LC1_A3;

-- Node name is ':3965' 
-- Equation name is '_LC3_C23', type is buried 
_LC3_C23 = LCELL( _EQ132);
  _EQ132 =  dffArr2_0 &  _LC1_A2 & !_LC5_A7
         #  dffArr3_0 &  _LC1_A2 &  _LC5_A7;

-- Node name is ':3973' 
-- Equation name is '_LC2_C8', type is buried 
_LC2_C8  = LCELL( _EQ133);
  _EQ133 =  dffArr4_0 & !_LC1_A2 & !_LC2_B5
         #  dffArr5_0 & !_LC1_A2 &  _LC2_B5;

-- Node name is ':3974' 
-- Equation name is '_LC3_C8', type is buried 
_LC3_C8  = LCELL( _EQ134);
  _EQ134 =  dffArr6_0 &  _LC1_A2 & !_LC2_B5
         #  dffArr7_0 &  _LC1_A2 &  _LC2_B5;

-- Node name is ':4207' 
-- Equation name is '_LC1_A10', type is buried 
!_LC1_A10 = _LC1_A10~NOT;
_LC1_A10~NOT = LCELL( _EQ135);
  _EQ135 =  count3
         #  count2
         #  count1
         # !count0;

-- Node name is ':4217' 
-- Equation name is '_LC1_A22', type is buried 
_LC1_A22 = LCELL( _EQ136);
  _EQ136 = !count0 &  count1 & !count2 & !count3;

-- Node name is ':4227' 
-- Equation name is '_LC2_A11', type is buried 
_LC2_A11 = LCELL( _EQ137);
  _EQ137 =  count0 &  count1 & !count2 & !count3;

-- Node name is ':4237' 
-- Equation name is '_LC1_B17', type is buried 
!_LC1_B17 = _LC1_B17~NOT;
_LC1_B17~NOT = LCELL( _EQ138);
  _EQ138 =  count3
         # !count2
         #  _LC3_B22;

-- Node name is '~4310~1' 
-- Equation name is '~4310~1', location is LC1_A4, type is buried.
-- synthesized logic cell 
_LC1_A4  = LCELL( _EQ139);
  _EQ139 =  _LC2_A11
         #  _LC1_A22
         #  _LC1_A10;

-- Node name is ':4310' 
-- Equation name is '_LC8_A24', type is buried 
!_LC8_A24 = _LC8_A24~NOT;
_LC8_A24~NOT = LCELL( _EQ140);
  _EQ140 =  _LC1_A4
         # !_LC4_A22;

-- Node name is '~4334~1' 
-- Equation name is '~4334~1', location is LC2_A1, type is buried.
-- synthesized logic cell 
_LC2_A1  = LCELL( _EQ141);
  _EQ141 =  count1
         #  count3
         #  count0 & !count2;

-- Node name is ':4347' 
-- Equation name is '_LC2_A2', type is buried 
_LC2_A2  = LCELL( _EQ142);
  _EQ142 =  _LC1_B6
         #  _LC2_A11;

-- Node name is ':4349' 
-- Equation name is '_LC1_B6', type is buried 
!_LC1_B6 = _LC1_B6~NOT;
_LC1_B6~NOT = LCELL( _EQ143);
  _EQ143 = !count0 &  count2 & !count3;

-- Node name is ':4358' 
-- Equation name is '_LC6_A2', type is buried 
_LC6_A2  = LCELL( _EQ144);
  _EQ144 = !_LC1_A22 &  _LC2_A2 &  _LC4_A22
         #  _LC1_A10 &  _LC4_A22;

-- Node name is '~5990~1' 
-- Equation name is '~5990~1', location is LC1_B19, type is buried.
-- synthesized logic cell 
_LC1_B19 = LCELL( _EQ145);
  _EQ145 =  _LC2_A16
         # !_LC2_B20;

-- Node name is '~5990~2' 
-- Equation name is '~5990~2', location is LC8_A1, type is buried.
-- synthesized logic cell 
!_LC8_A1 = _LC8_A1~NOT;
_LC8_A1~NOT = LCELL( _EQ146);
  _EQ146 =  _LC1_A10 & !_LC1_B19 & !_LC8_A24
         # !_LC1_B19 & !_LC2_A1 & !_LC8_A24;

-- Node name is '~6134~1' 
-- Equation name is '~6134~1', location is LC5_A1, type is buried.
-- synthesized logic cell 
!_LC5_A1 = _LC5_A1~NOT;
_LC5_A1~NOT = LCELL( _EQ147);
  _EQ147 = !_LC1_B6 & !_LC2_A11 &  _LC4_A1
         #  _LC1_A22 &  _LC4_A1;

-- Node name is '~6206~1' 
-- Equation name is '~6206~1', location is LC7_A1, type is buried.
-- synthesized logic cell 
!_LC7_A1 = _LC7_A1~NOT;
_LC7_A1~NOT = LCELL( _EQ148);
  _EQ148 = !_LC1_A22 &  _LC1_B6 &  _LC4_A1
         # !_LC1_A22 &  _LC2_A11 &  _LC4_A1;

-- Node name is '~6350~1' 
-- Equation name is '~6350~1', location is LC1_A1, type is buried.
-- synthesized logic cell 
_LC1_A1  = LCELL( _EQ149);
  _EQ149 = !_LC8_A24
         #  _LC1_B19
         # !_LC1_A10 &  _LC2_A1;

-- Node name is ':6600' 
-- Equation name is '_LC1_B16', type is buried 
_LC1_B16 = LCELL( _EQ150);
  _EQ150 =  count0 &  count1 &  count2 &  _LC2_B20;

-- Node name is ':6602' 
-- Equation name is '_LC3_B16', type is buried 
_LC3_B16 = LCELL( _EQ151);
  _EQ151 =  count3 & !_LC2_A16
         #  _LC1_B16 & !_LC2_A16
         #  count3 &  _LC2_B16
         # !count3 &  _LC2_A16 & !_LC2_B16;

-- Node name is ':6608' 
-- Equation name is '_LC2_B13', type is buried 
_LC2_B13 = LCELL( _EQ152);
  _EQ152 = !count1 &  count2
         # !count0 &  count2
         #  count0 &  count1 & !count2 &  _LC2_B20
         #  count2 & !_LC2_B20;

-- Node name is ':6611' 
-- Equation name is '_LC1_B13', type is buried 
_LC1_B13 = LCELL( _EQ153);
  _EQ153 = !_LC2_A16 &  _LC2_B13
         #  count2 &  _LC2_A16 &  _LC3_B22
         # !count2 &  _LC2_A16 & !_LC3_B22;

-- Node name is ':6620' 
-- Equation name is '_LC8_B18', type is buried 
_LC8_B18 = LCELL( _EQ154);
  _EQ154 =  count0 &  count1 &  _LC2_A16
         # !count0 & !count1 &  _LC2_A16
         # !count0 &  count1 & !_LC2_A16
         #  count0 & !count1 & !_LC2_A16 &  _LC2_B20
         #  count1 & !_LC2_A16 & !_LC2_B20;

-- Node name is ':6629' 
-- Equation name is '_LC7_B13', type is buried 
_LC7_B13 = LCELL( _EQ155);
  _EQ155 = !count0 &  _LC2_A16
         #  count0 & !_LC2_A16 & !_LC2_B20
         # !count0 &  _LC2_B20;



Project Information             c:\max2work\lab4sem1\fifolifocode\lifocode.rpt

** COMPILATION SETTINGS & TIMES **

Processing Menu Commands
------------------------

Design Doctor                             = off

Logic Synthesis:

   Synthesis Type Used                    = Multi-Level

   Default Synthesis Style                = NORMAL

      Logic option settings in 'NORMAL' style for 'FLEX10K' family

      CARRY_CHAIN                         = ignore
      CARRY_CHAIN_LENGTH                  = 32
      CASCADE_CHAIN                       = ignore
      CASCADE_CHAIN_LENGTH                = 2
      DECOMPOSE_GATES                     = on
      DUPLICATE_LOGIC_EXTRACTION          = on
      MINIMIZATION                        = full
      MULTI_LEVEL_FACTORING               = on
      NOT_GATE_PUSH_BACK                  = on
      REDUCE_LOGIC                        = on
      REFACTORIZATION                     = on
      REGISTER_OPTIMIZATION               = on
      RESYNTHESIZE_NETWORK                = on
      SLOW_SLEW_RATE                      = off
      SUBFACTOR_EXTRACTION                = on
      IGNORE_SOFT_BUFFERS                 = on
      USE_LPM_FOR_AHDL_OPERATORS          = off

   Other logic synthesis settings:

      Automatic Global Clock              = on
      Automatic Global Clear              = on
      Automatic Global Preset             = on
      Automatic Global Output Enable      = on
      Automatic Fast I/O                  = off
      Automatic Register Packing          = off
      Automatic Open-Drain Pins           = on
      Automatic Implement in EAB          = off
      Optimize                            = 5

Default Timing Specifications: None

Cut All Bidir Feedback Timing Paths       = on
Cut All Clear & Preset Timing Paths       = on

Ignore Timing Assignments                 = off

Functional SNF Extractor                  = off

Linked SNF Extractor                      = off
Timing SNF Extractor                      = on
Optimize Timing SNF                       = off
Generate AHDL TDO File                    = off
Fitter Settings                           = NORMAL
Smart Recompile                           = off
Total Recompile                           = off

Interfaces Menu Commands
------------------------

EDIF Netlist Writer                       = off
Verilog Netlist Writer                    = off
VHDL Netlist Writer                       = off

Compilation Times
-----------------

   Compiler Netlist Extractor             00:00:00
   Database Builder                       00:00:00
   Logic Synthesizer                      00:00:00
   Partitioner                            00:00:00
   Fitter                                 00:00:01
   Timing SNF Extractor                   00:00:00
   Assembler                              00:00:00
   --------------------------             --------
   Total Time                             00:00:01


Memory Allocated
-----------------

Peak memory allocated during compilation  = 14,837K
