Timing Analyzer report for Comparator
Wed Mar 16 12:01:18 2022
Version 5.0 Build 148 04/26/2005 SJ Full Version


---------------------
; Table of Contents ;
---------------------
  1. Legal Notice
  2. Timing Analyzer Summary
  3. Timing Analyzer Settings
  4. tpd
  5. Timing Analyzer Messages



----------------
; Legal Notice ;
----------------
Copyright (C) 1991-2005 Altera Corporation
Your use of Altera Corporation's design tools, logic functions 
and other software and tools, and its AMPP partner logic       
functions, and any output files any of the foregoing           
(including device programming or simulation files), and any    
associated documentation or information are expressly subject  
to the terms and conditions of the Altera Program License      
Subscription Agreement, Altera MegaCore Function License       
Agreement, or other applicable license agreement, including,   
without limitation, that your use is for the sole purpose of   
programming logic devices manufactured by Altera and sold by   
Altera or its authorized distributors.  Please refer to the    
applicable agreement for further details.



+-----------------------------------------------------------------------------------------------------------------------------+
; Timing Analyzer Summary                                                                                                     ;
+------------------------------+-------+---------------+-------------+------+----------+------------+----------+--------------+
; Type                         ; Slack ; Required Time ; Actual Time ; From ; To       ; From Clock ; To Clock ; Failed Paths ;
+------------------------------+-------+---------------+-------------+------+----------+------------+----------+--------------+
; Worst-case tpd               ; N/A   ; None          ; 9.419 ns    ; B[1] ; A_less_B ;            ;          ; 0            ;
; Total number of failed paths ;       ;               ;             ;      ;          ;            ;          ; 0            ;
+------------------------------+-------+---------------+-------------+------+----------+------------+----------+--------------+


+------------------------------------------------------------------------------------------------------+
; Timing Analyzer Settings                                                                             ;
+-------------------------------------------------------+--------------------+------+----+-------------+
; Option                                                ; Setting            ; From ; To ; Entity Name ;
+-------------------------------------------------------+--------------------+------+----+-------------+
; Device Name                                           ; EP1S10F484C5       ;      ;    ;             ;
; Timing Models                                         ; Final              ;      ;    ;             ;
; Number of source nodes to report per destination node ; 10                 ;      ;    ;             ;
; Number of destination nodes to report                 ; 10                 ;      ;    ;             ;
; Number of paths to report                             ; 200                ;      ;    ;             ;
; Report Minimum Timing Checks                          ; Off                ;      ;    ;             ;
; Use Fast Timing Models                                ; Off                ;      ;    ;             ;
; Report IO Paths Separately                            ; Off                ;      ;    ;             ;
; Default hold multicycle                               ; Same as Multicycle ;      ;    ;             ;
; Cut paths between unrelated clock domains             ; On                 ;      ;    ;             ;
; Cut off read during write signal paths                ; On                 ;      ;    ;             ;
; Cut off feedback from I/O pins                        ; On                 ;      ;    ;             ;
; Report Combined Fast/Slow Timing                      ; Off                ;      ;    ;             ;
; Ignore Clock Settings                                 ; Off                ;      ;    ;             ;
; Analyze latches as synchronous elements               ; Off                ;      ;    ;             ;
; Enable Recovery/Removal analysis                      ; Off                ;      ;    ;             ;
; Enable Clock Latency                                  ; Off                ;      ;    ;             ;
+-------------------------------------------------------+--------------------+------+----+-------------+


+------------------------------------------------------------------+
; tpd                                                              ;
+-------+-------------------+-----------------+------+-------------+
; Slack ; Required P2P Time ; Actual P2P Time ; From ; To          ;
+-------+-------------------+-----------------+------+-------------+
; N/A   ; None              ; 9.419 ns        ; B[1] ; A_less_B    ;
; N/A   ; None              ; 9.417 ns        ; B[1] ; A_greater_B ;
; N/A   ; None              ; 9.399 ns        ; B[1] ; A_equal_B   ;
; N/A   ; None              ; 9.388 ns        ; B[0] ; A_less_B    ;
; N/A   ; None              ; 9.386 ns        ; B[0] ; A_greater_B ;
; N/A   ; None              ; 9.368 ns        ; B[0] ; A_equal_B   ;
; N/A   ; None              ; 9.236 ns        ; A[0] ; A_less_B    ;
; N/A   ; None              ; 9.234 ns        ; A[0] ; A_greater_B ;
; N/A   ; None              ; 9.216 ns        ; A[0] ; A_equal_B   ;
; N/A   ; None              ; 9.122 ns        ; B[3] ; A_less_B    ;
; N/A   ; None              ; 9.121 ns        ; B[3] ; A_greater_B ;
; N/A   ; None              ; 9.111 ns        ; A[1] ; A_less_B    ;
; N/A   ; None              ; 9.109 ns        ; A[1] ; A_greater_B ;
; N/A   ; None              ; 9.102 ns        ; B[3] ; A_equal_B   ;
; N/A   ; None              ; 9.091 ns        ; A[1] ; A_equal_B   ;
; N/A   ; None              ; 9.003 ns        ; A[3] ; A_less_B    ;
; N/A   ; None              ; 9.002 ns        ; A[3] ; A_greater_B ;
; N/A   ; None              ; 8.983 ns        ; A[3] ; A_equal_B   ;
; N/A   ; None              ; 8.943 ns        ; B[2] ; A_less_B    ;
; N/A   ; None              ; 8.942 ns        ; B[2] ; A_greater_B ;
; N/A   ; None              ; 8.923 ns        ; B[2] ; A_equal_B   ;
; N/A   ; None              ; 8.848 ns        ; A[2] ; A_less_B    ;
; N/A   ; None              ; 8.847 ns        ; A[2] ; A_greater_B ;
; N/A   ; None              ; 8.828 ns        ; A[2] ; A_equal_B   ;
+-------+-------------------+-----------------+------+-------------+


+--------------------------+
; Timing Analyzer Messages ;
+--------------------------+
Info: *******************************************************************
Info: Running Quartus II Timing Analyzer
    Info: Version 5.0 Build 148 04/26/2005 SJ Full Version
    Info: Processing started: Wed Mar 16 12:01:17 2022
Info: Command: quartus_tan --read_settings_files=off --write_settings_files=off Comparator -c Comparator --timing_analysis_only
Info: Longest tpd from source pin "B[1]" to destination pin "A_less_B" is 9.419 ns
    Info: 1: + IC(0.000 ns) + CELL(1.087 ns) = 1.087 ns; Loc. = PIN_W20; Fanout = 2; PIN Node = 'B[1]'
    Info: 2: + IC(3.697 ns) + CELL(0.366 ns) = 5.150 ns; Loc. = LC_X1_Y1_N4; Fanout = 3; COMB Node = 'LessThan~287'
    Info: 3: + IC(0.361 ns) + CELL(0.366 ns) = 5.877 ns; Loc. = LC_X1_Y1_N7; Fanout = 1; COMB Node = 'A_less_B~30'
    Info: 4: + IC(1.166 ns) + CELL(2.376 ns) = 9.419 ns; Loc. = PIN_W21; Fanout = 0; PIN Node = 'A_less_B'
    Info: Total cell delay = 4.195 ns ( 44.54 % )
    Info: Total interconnect delay = 5.224 ns ( 55.46 % )
Info: Quartus II Timing Analyzer was successful. 0 errors, 0 warnings
    Info: Processing ended: Wed Mar 16 12:01:18 2022
    Info: Elapsed time: 00:00:01


