 Compilation...
 File: .\src\insertsort.vhd
 Compile Package "types"
 Package "types" has been skipped - no difference detected.
 Compile Package Body "types"
 Compile Entity "insertSort"
 Entity "insertSort" has been skipped - no difference detected.
 Compile Architecture "behav" of Entity "insertSort"
 Compile success 0 Errors 0 Warnings  Analysis time :  0.5 [s]
 Compilation...
 File: .\src\insertsort.vhd
 Compile Package "types"
 Package "types" has been skipped - no difference detected.
 Compile Package Body "types"
 Compile Entity "insertSort"
 Entity "insertSort" has been skipped - no difference detected.
 Compile Architecture "behav" of Entity "insertSort"
 Compile success 0 Errors 0 Warnings  Analysis time :  0.6 [s]
 Compilation...
 File: .\src\insertsort.vhd
 Compile Package "types"
 Package "types" has been skipped - no difference detected.
 Compile Package Body "types"
 Compile Entity "insertSort"
 Entity "insertSort" has been skipped - no difference detected.
 Compile Architecture "behav" of Entity "insertSort"
 Compile success 0 Errors 0 Warnings  Analysis time :  0.5 [s]
 Compilation...
 File: .\src\insertsort.vhd
 Compile Package "types"
 Package "types" has been skipped - no difference detected.
 Compile Package Body "types"
 Compile Entity "insertSort"
 Entity "insertSort" has been skipped - no difference detected.
 Compile Architecture "behav" of Entity "insertSort"
 Compile success 0 Errors 0 Warnings  Analysis time :  0.6 [s]
 Compilation...
 File: .\src\insertsort.vhd
 Compile Package "types"
 Package "types" has been skipped - no difference detected.
 Compile Package Body "types"
 Compile Entity "insertSort"
 Compile Architecture "behav" of Entity "insertSort"
 Compile success 0 Errors 0 Warnings  Analysis time :  0.4 [s]
