Design: 8:21, 13 марта 2022 г.
Design: Opening design "Y:\sem4\lab5\lab5_a\lab5_a\lab5_a.adf"
ELBREAD: Elaboration process.
ELBREAD: Elaboration time 0.1 [s].
ELBREAD: Elaboration process.
ELBREAD: Elaboration time 0.1 [s].
KERNEL: Main thread initiated.
KERNEL: Kernel process initialization phase.
KERNEL: Kernel process initialization done.
8:22, 13 марта 2022 г.
Simulation has been initialized
Selected Top-Level: dp32_behaviour_test
Signal blocking not found in design
Signal clk not found in design
Signal start not found in design
Signal inArr not found in design
Signal outArr not found in design
Signal done not found in design
Signal working not found in design
Simulation has been stopped
ELBREAD: Elaboration process.
ELBREAD: Elaboration time 0.0 [s].
ELBREAD: Elaboration process.
ELBREAD: Elaboration time 0.0 [s].
KERNEL: Main thread initiated.
KERNEL: Kernel process initialization phase.
KERNEL: Kernel process initialization done.
8:22, 13 марта 2022 г.
Simulation has been initialized
Selected Top-Level: insertSort (behav)
do make_w.do
Fatal Error: Cannot find macro file MAKE_W.DO
do make_2w.do
Fatal Error: Cannot find macro file MAKE_2W.DO
pwd
Y:\sem4\lab5\lab5_a\lab5_a
cd src
pwd
Y:\sem4\lab5\lab5_a\lab5_a\src
do make_w.do
restart -f
ELBREAD: Elaboration process.
ELBREAD: Elaboration time 0.1 [s].
Compilation...
force clk 0 0, 1 50 ns -r 100 ns
force reset 1 0, 0 200 ns
force start 0 0, 1 300 ns, 0 1000 ns
force inArr(0) 3 0
force inArr(1) 6 0
force inArr(2) 7 0
force inArr(3) 5 0
force inArr(4) 3 0
force inArr(5) 5 0
force inArr(6) 6 0
force inArr(7) 2 0
File: .\src\insertsort.vhd
Compile Package "types"
Package "types" has been skipped - no difference detected.
Compile Package Body "types"
Compile Entity "insertSort"
Entity "insertSort" has been skipped - no difference detected.
Compile Architecture "behav" of Entity "insertSort"
Compile success 0 Errors 0 Warnings  Analysis time :  0.5 [s]
ELBREAD: Elaboration process.
ELBREAD: Elaboration time 0.1 [s].
KERNEL: Main thread initiated.
KERNEL: Kernel process initialization phase.
KERNEL: Kernel process initialization done.
8:24, 13 марта 2022 г.
Simulation has been initialized
Selected Top-Level: insertSort (behav)
do make_w.do
restart -f
ELBREAD: Elaboration process.
ELBREAD: Elaboration time 0.1 [s].
Compilation...
force clk 0 0, 1 50 ns -r 100 ns
force reset 1 0, 0 200 ns
force start 0 0, 1 300 ns, 0 1000 ns
force inArr(0) 3 0
force inArr(1) 6 0
force inArr(2) 7 0
force inArr(3) 5 0
force inArr(4) 3 0
force inArr(5) 5 0
force inArr(6) 6 0
force inArr(7) 2 0
File: .\src\insertsort.vhd
Compile Package "types"
Package "types" has been skipped - no difference detected.
Compile Package Body "types"
Compile Entity "insertSort"
Entity "insertSort" has been skipped - no difference detected.
Compile Architecture "behav" of Entity "insertSort"
Compile success 0 Errors 0 Warnings  Analysis time :  0.6 [s]
run 5000 ns
ELBREAD: Elaboration process.
ELBREAD: Elaboration time 0.0 [s].
KERNEL: Main thread initiated.
KERNEL: Kernel process initialization phase.
KERNEL: Kernel process initialization done.
8:24, 13 марта 2022 г.
Simulation has been initialized
Selected Top-Level: insertSort (behav)
KERNEL: stopped at time: 5 us
Simulation has been stopped
ELBREAD: Elaboration process.
ELBREAD: Elaboration time 0.0 [s].
KERNEL: Main thread initiated.
KERNEL: Kernel process initialization phase.
KERNEL: Kernel process initialization done.
8:50, 13 марта 2022 г.
Simulation has been initialized
Selected Top-Level: insertSort (behav)
do make_w.do
restart -f
ELBREAD: Elaboration process.
ELBREAD: Elaboration time 0.0 [s].
Compilation...
force clk 0 0, 1 50 ns -r 100 ns
force reset 1 0, 0 200 ns
force start 0 0, 1 300 ns, 0 1000 ns
force inArr(0) 3 0
force inArr(1) 6 0
force inArr(2) 7 0
force inArr(3) 5 0
force inArr(4) 3 0
force inArr(5) 5 0
force inArr(6) 6 0
force inArr(7) 2 0
File: .\src\insertsort.vhd
Compile Package "types"
Package "types" has been skipped - no difference detected.
Compile Package Body "types"
Compile Entity "insertSort"
Entity "insertSort" has been skipped - no difference detected.
Compile Architecture "behav" of Entity "insertSort"
Compile success 0 Errors 0 Warnings  Analysis time :  0.5 [s]
run 5000 ns
ELBREAD: Elaboration process.
ELBREAD: Elaboration time 0.0 [s].
KERNEL: Main thread initiated.
KERNEL: Kernel process initialization phase.
KERNEL: Kernel process initialization done.
8:51, 13 марта 2022 г.
Simulation has been initialized
Selected Top-Level: insertSort (behav)
KERNEL: stopped at time: 5 us
do make_w.do
restart -f
ELBREAD: Elaboration process.
ELBREAD: Elaboration time 0.0 [s].
Compilation...
force clk 0 0, 1 50 ns -r 100 ns
force reset 1 0, 0 200 ns
force start 0 0, 1 300 ns, 0 1000 ns
force inArr(0) 3 0
force inArr(1) 6 0
force inArr(2) 7 0
force inArr(3) 5 0
force inArr(4) 3 0
force inArr(5) 5 0
force inArr(6) 6 0
force inArr(7) 2 0
File: .\src\insertsort.vhd
Compile Package "types"
Package "types" has been skipped - no difference detected.
Compile Package Body "types"
Compile Entity "insertSort"
Entity "insertSort" has been skipped - no difference detected.
Compile Architecture "behav" of Entity "insertSort"
Compile success 0 Errors 0 Warnings  Analysis time :  0.6 [s]
run 5000 ns
ELBREAD: Elaboration process.
ELBREAD: Elaboration time 0.0 [s].
KERNEL: Main thread initiated.
KERNEL: Kernel process initialization phase.
KERNEL: Kernel process initialization done.
9:25, 13 марта 2022 г.
Simulation has been initialized
Selected Top-Level: insertSort (behav)
KERNEL: stopped at time: 5 us
do make_w.do
restart -f
ELBREAD: Elaboration process.
ELBREAD: Elaboration time 0.0 [s].
Compilation...
force clk 0 0, 1 50 ns -r 100 ns
force reset 1 0, 0 200 ns
force start 0 0, 1 300 ns, 0 1000 ns
force inArr(0) 3 0
force inArr(1) 6 0
force inArr(2) 7 0
force inArr(3) 5 0
force inArr(4) 3 0
force inArr(5) 5 0
force inArr(6) 6 0
force inArr(7) 2 0
File: .\src\insertsort.vhd
Compile Package "types"
Package "types" has been skipped - no difference detected.
Compile Package Body "types"
Compile Entity "insertSort"
Compile Architecture "behav" of Entity "insertSort"
Compile success 0 Errors 0 Warnings  Analysis time :  0.4 [s]
run 5000 ns
ELBREAD: Elaboration process.
ELBREAD: Elaboration time 0.0 [s].
KERNEL: Main thread initiated.
KERNEL: Kernel process initialization phase.
KERNEL: Kernel process initialization done.
9:26, 13 марта 2022 г.
Simulation has been initialized
Selected Top-Level: insertSort (behav)
KERNEL: stopped at time: 5 us
Simulation has been stopped
