 8:22, 13 марта 2022 г.
 Simulation has been initialized
 Selected Top-Level: dp32_behaviour_test
 Simulation has been stopped
 8:22, 13 марта 2022 г.
 Simulation has been initialized
 Selected Top-Level: insertSort (behav)
 8:24, 13 марта 2022 г.
 Simulation has been initialized
 Selected Top-Level: insertSort (behav)
 8:24, 13 марта 2022 г.
 Simulation has been initialized
 Selected Top-Level: insertSort (behav)
 Simulation has been stopped
 8:50, 13 марта 2022 г.
 Simulation has been initialized
 Selected Top-Level: insertSort (behav)
 8:51, 13 марта 2022 г.
 Simulation has been initialized
 Selected Top-Level: insertSort (behav)
 9:25, 13 марта 2022 г.
 Simulation has been initialized
 Selected Top-Level: insertSort (behav)
 9:26, 13 марта 2022 г.
 Simulation has been initialized
 Selected Top-Level: insertSort (behav)
 Simulation has been stopped
